07-09 06:04:19.760 32091 32474 W NetworkLogs: │ 203-byte body
07-09 06:04:19.760 32091 32474 W NetworkLogs: └───────────────────────────────────────────────────────────────────────────────────────
07-09 06:04:19.761 32091 32474 I Chucker : Decoding with: com.chuckerteam.chucker.internal.support.PlainTextDecoder@df5fc1c
07-09 06:04:19.834  1584  1691 I focaltech:ca:client: [ 186]:---8<--------------- TA LOG --------------------
07-09 06:04:19.834  1584  1691 I focaltech:fw: [ 938]:Chip INT type: 0x2(1=idle 2=down 4=up 8=man 10=inv 20=data 40=afeD 80=halfF 100=fullE 200=rst 400=esd )
07-09 06:04:19.834  1584  1691 I focaltech:ta:core: [1176]:got finger touched event.
07-09 06:04:19.834  1584  1691 I focaltech:ta:core: [ 943]:do_authenticate match success!
07-09 06:04:19.834  1584  1691 I focaltech:ca:client: [ 206]:------------------------------------------->8---
07-09 06:04:19.834  1584  1691 I focaltech:hal:core: [1604]:HAL report ctx1->synced_event_state = 5.
07-09 06:04:19.834  1584  1691 I focaltech:hal:core: [1622]:HAL report ctx1->info_type = 2.
07-09 06:04:19.834  1584  1691 D android.hardware.biometrics.fingerprint@2.1-service: onAcquired(0, 0)
07-09 06:04:19.834  1584  1691 D android.hardware.biometrics.fingerprint@2.1-service: onAuthenticated(fid=301663201, gid=0)
07-09 06:04:19.836  1395  1395 V Biometrics/AcquisitionClient: Acquired: 0 0, shouldSend: true
07-09 06:04:19.837  1395  1395 V Biometrics/LoggableMonitor: Authentication latency: -1
07-09 06:04:19.837  1395  1395 W Biometrics/LoggableMonitor: found a negative latency : -1
07-09 06:04:19.838  1395  1395 V Biometrics/AuthenticationClient: onAuthenticated(true), ID:301663201, Owner: com.tangem.wallet.debug, isBP: true, listener: com.android.server.biometrics.sensors.ClientMonitorCallbackConverter@d4380b8, requireConfirmation: false, user: 0, clientMonitor: {[91] FingerprintAuthenticationClient, proto=3, owner=com.tangem.wallet.debug, cookie=968300749, requestId=26, userId=0}
07-09 06:04:19.841  1395  1395 D Biometrics/AuthenticationClient: Skipping addAuthToken
07-09 06:04:19.845  1395  1395 D FingerprintMgr: getAcquiredString :: acquireInfo:(0,0)
07-09 06:04:19.845  1395  1395 D BiometricService/AuthSession: sensorId: 0 acquiredInfo: 0 message: null
07-09 06:04:19.845  1395  1395 V BiometricService: handleAuthenticationSucceeded(), sensorId: 0
07-09 06:04:19.847  1395  1395 D BiometricScheduler/Fingerprint21: [Finishing] {[91] FingerprintAuthenticationClient, proto=3, owner=com.tangem.wallet.debug, cookie=968300749, requestId=26, userId=0}, success: true
07-09 06:04:19.847  1395  1395 D BiometricCoexCoordinator: removeAuthenticationClient(OtherFp), client: {[91] FingerprintAuthenticationClient, proto=3, owner=com.tangem.wallet.debug, cookie=968300749, requestId=26, userId=0}
07-09 06:04:19.847  1395  1395 D FingerprintService: Client finished, fps state updated to 0, client {[91] FingerprintAuthenticationClient, proto=3, owner=com.tangem.wallet.debug, cookie=968300749, requestId=26, userId=0}
07-09 06:04:19.847  1395  1395 D GestureAvailabilityTracker: Notifying gesture availability, active=true
07-09 06:04:19.847  1395  1395 D BiometricScheduler/Fingerprint21: No operations, returning to idle
07-09 06:04:19.850  2620  2620 D AuthController: onBiometricAuthenticated: 
07-09 06:04:19.854  2620  2620 V BiometricPrompt/AuthBiometricView: newState: 6
07-09 06:04:19.856  1584  1691 I focaltech:ca:client: [ 186]:---8<--------------- TA LOG --------------------
07-09 06:04:19.857  1584  1691 I focaltech:fw: [ 726]:switch to 'FF_DEVICE_MODE_WAIT_LEAVE' mode.
07-09 06:04:19.857  1584  1691 I focaltech:fw: [ 521]:Switching fdt to 'up' detection mode...
07-09 06:04:19.857  1584  1691 I focaltech:ca:client: [ 206]:------------------------------------------->8---
07-09 06:04:19.857  1584  1691 I focaltech:hal:core: [1176]:gesture_switch_timer restart!
07-09 06:04:19.857  1584  1691 I focaltech:hal:core: [1188]:updating the template...
07-09 06:04:19.859  1142  1142 D vendor.qti.vibrator: Vibrator on for timeoutMs: 10
07-09 06:04:19.860  1142 32483 D vendor.qti.vibrator: Starting on on another thread
07-09 06:04:19.862  1395  1395 W NotificationHistory: Attempted to add notif for locked/gone/disabled user 0
07-09 06:04:19.870  1142 32483 D vendor.qti.vibrator: Notifying on complete
07-09 06:04:19.874  1142  1142 D vendor.qti.vibrator: QTI Vibrator off
07-09 06:04:19.880  1584  1691 I focaltech:hal:core: [1205]:lazy template updater activated.
07-09 06:04:19.887  1142  1142 D vendor.qti.vibrator: Vibrator on for timeoutMs: 30
07-09 06:04:19.888  1142 32485 D vendor.qti.vibrator: Starting on on another thread
07-09 06:04:19.901  2620  2620 D InterruptionStateProvider: No alerting: filtered notification: 0|com.tangem.wallet.debug|1138|null|10447
07-09 06:04:19.902  2620  2620 D InterruptionStateProvider: No alerting: filtered notification: 0|com.tangem.wallet.debug|1138|null|10447
07-09 06:04:19.911  2620  2717 D PeopleSpaceWidgetMgr: Sbn doesn't contain valid PeopleTileKey: null/0/com.tangem.wallet.debug
07-09 06:04:19.916  2620  2620 D InterruptionStateProvider: No alerting: filtered notification: 0|com.tangem.wallet.debug|1138|null|10447
07-09 06:04:19.917  2620  2620 D InterruptionStateProvider: No alerting: filtered notification: 0|com.tangem.wallet.debug|1138|null|10447
07-09 06:04:19.918  1142 32485 D vendor.qti.vibrator: Notifying on complete
07-09 06:04:19.919  1142  1142 D vendor.qti.vibrator: QTI Vibrator off
07-09 06:04:19.926  2620  2717 D PeopleSpaceWidgetMgr: Sbn doesn't contain valid PeopleTileKey: null/0/com.tangem.wallet.debug
07-09 06:04:19.969  1395  1395 W NotificationHistory: Attempted to add notif for locked/gone/disabled user 0
07-09 06:04:19.983  2620  2620 D InterruptionStateProvider: No alerting: filtered notification: 0|com.tangem.wallet.debug|1138|null|10447
07-09 06:04:19.983  2620  2620 D InterruptionStateProvider: No alerting: filtered notification: 0|com.tangem.wallet.debug|1138|null|10447
07-09 06:04:19.987  1395  1395 W NotificationHistory: Attempted to add notif for locked/gone/disabled user 0
07-09 06:04:19.988  2620  2717 D PeopleSpaceWidgetMgr: Sbn doesn't contain valid PeopleTileKey: null/0/com.tangem.wallet.debug
07-09 06:04:20.008  2620  2620 D InterruptionStateProvider: No alerting: filtered notification: 0|com.tangem.wallet.debug|1138|null|10447
07-09 06:04:20.009  2620  2620 D InterruptionStateProvider: No alerting: filtered notification: 0|com.tangem.wallet.debug|1138|null|10447
07-09 06:04:20.016  2620  2717 D PeopleSpaceWidgetMgr: Sbn doesn't contain valid PeopleTileKey: null/0/com.tangem.wallet.debug
07-09 06:04:20.246  2620  2620 D BiometricPrompt/AuthContainerView: pendingCallback: 4
07-09 06:04:20.249  2620  2620 D AuthController: onDialogDismissed: 4
07-09 06:04:20.252  1395  1395 D BiometricService/AuthSession: addAuthToken: 0
07-09 06:04:20.253  1395  1395 D BiometricService/AuthSession: sensorId: 0, shouldCancel: true
07-09 06:04:20.253  1395  1395 D FingerprintService: cancelAuthenticationFromService, sensorId: 0
07-09 06:04:20.253  1395  1395 D Fingerprint21: cancelAuthentication, sensorId: 0
07-09 06:04:20.253  1395  1395 D BiometricScheduler/Fingerprint21: cancelAuthenticationOrDetection, requestId: 26 current: null stack size: 0
07-09 06:04:20.269 32091 32091 D LeakCanary: Watching instance of androidx.lifecycle.SavedStateHandlesVM (androidx.lifecycle.SavedStateHandlesVM received ViewModel#onCleared() callback) with key d5e3e28e-df8f-4420-9496-10fba1c89466
07-09 06:04:20.269 32091 32091 D LeakCanary: Watching instance of leakcanary.internal.ViewModelClearedWatcher (leakcanary.internal.ViewModelClearedWatcher received ViewModel#onCleared() callback) with key 34bdcf1f-f662-4fdf-b1eb-bd053099541b
07-09 06:04:20.270 32091 32091 D LeakCanary: Watching instance of androidx.loader.app.LoaderManagerImpl$LoaderViewModel (androidx.loader.app.LoaderManagerImpl$LoaderViewModel received ViewModel#onCleared() callback) with key e80bf3ad-1a5a-4000-b6e9-a79d090cb747
07-09 06:04:20.273 32091 32091 D LeakCanary: Watching instance of androidx.biometric.BiometricFragment (androidx.biometric.BiometricFragment received Fragment#onDestroy() callback) with key 80d1bf65-1b23-4a07-92d2-cb5cdb548bf1
07-09 06:04:20.277  1395  6551 W InputManager-JNI: Input channel object '2311b21 BiometricPrompt (client)' was disposed without first being removed with the input manager!
07-09 06:04:20.287 32091 32474 W NetworkLogs: ┌────── Response ───────────────────────────────────────────────────────────────────────
07-09 06:04:20.287 32091 32474 W NetworkLogs: │ URL: https://mainnet.optimism.io/
07-09 06:04:20.287 32091 32474 W NetworkLogs: │ 
07-09 06:04:20.287 32091 32474 W NetworkLogs: │ / - [is success : true] - Received in: 522ms
07-09 06:04:20.287 32091 32474 W NetworkLogs: │ 
07-09 06:04:20.287 32091 32474 W NetworkLogs: │ Status Code: 200 / 
07-09 06:04:20.287 32091 32474 W NetworkLogs: │ 
07-09 06:04:20.287 32091 32474 W NetworkLogs: │ 
07-09 06:04:20.287 32091 32474 W NetworkLogs: │ 
07-09 06:04:20.287 32091 32474 W NetworkLogs: │ Body:
07-09 06:04:20.288 32091 32474 W NetworkLogs: │ {
07-09 06:04:20.288 32091 32474 W NetworkLogs: │    "jsonrpc": "2.0",
07-09 06:04:20.288 32091 32474 W NetworkLogs: │    "result": "0x0000000000000000000000000000000000000000000000000000000000000000",
07-09 06:04:20.288 32091 32474 W NetworkLogs: │    "id": "67"
07-09 06:04:20.288 32091 32474 W NetworkLogs: │ }
07-09 06:04:20.288 32091 32474 W NetworkLogs: └───────────────────────────────────────────────────────────────────────────────────────
07-09 06:04:20.314  4389  4389 I GoogleInputMethodService: GoogleInputMethodService.onFinishInput():1984 
07-09 06:04:20.315  4389  4389 I Module  : DeviceLockedStatusModuleProvider$Module.updateDeviceLockedStatus():100 repeatCheckTimes = 0, locked = false
07-09 06:04:20.316  4389  4389 I GoogleInputMethodService: GoogleInputMethodService.onStartInput():1248 onStartInput(EditorInfo{EditorInfo{packageName=com.tangem.wallet.debug, inputType=0, inputTypeString=NULL, enableLearning=false, autoCorrection=false, autoComplete=false, imeOptions=0, privateImeOptions=null, actionName=UNSPECIFIED, actionLabel=null, initialSelStart=-1, initialSelEnd=-1, initialCapsMode=0, label=null, fieldId=-1, fieldName=null, extras=null, hintText=null, hintLocales=[]}}, false)
07-09 06:04:20.320  4389  4389 I Module  : DeviceLockedStatusModuleProvider$Module.updateDeviceLockedStatus():100 repeatCheckTimes = 1, locked = false
07-09 06:04:20.321 32091 32154 D DefaultCacheRegistry: ┌────────────────────────────────────────────────────────────────────────────────────────────────────────────────
07-09 06:04:20.321 32091 32154 D DefaultCacheRegistry: │ Invoke the action associated with the cache key: network_status_UserWalletId(D7B...E6F)_KAVA_m/44'/60'/0'/0/0
07-09 06:04:20.321 32091 32154 D DefaultCacheRegistry: └────────────────────────────────────────────────────────────────────────────────────────────────────────────────
07-09 06:04:20.330 32091 32486 W NetworkLogs: ┌────── Request ────────────────────────────────────────────────────────────────────────
07-09 06:04:20.330 32091 32486 W NetworkLogs: │ URL: https://evm.kava.io/
07-09 06:04:20.330 32091 32486 W NetworkLogs: │ 
07-09 06:04:20.331 32091 32486 W NetworkLogs: │ Method: @POST
07-09 06:04:20.331 32091 32486 W NetworkLogs: │ 
07-09 06:04:20.331 32091 32486 W NetworkLogs: │ 
07-09 06:04:20.331 32091 32486 W NetworkLogs: │ 
07-09 06:04:20.331 32091 32486 W NetworkLogs: │ Body:
07-09 06:04:20.331 32091 32486 W NetworkLogs: │ {
07-09 06:04:20.331 32091 32486 W NetworkLogs: │    "method": "eth_getTransactionCount",
07-09 06:04:20.331 32091 32486 W NetworkLogs: │    "params": [
07-09 06:04:20.331 32091 32486 W NetworkLogs: │       "0xd34499A5fB04aE6877919977899635eeC403F563",
07-09 06:04:20.331 32091 32486 W NetworkLogs: │       "pending"
07-09 06:04:20.331 32091 32486 W NetworkLogs: │    ],
07-09 06:04:20.331 32091 32486 W NetworkLogs: │    "id": "67",
07-09 06:04:20.331 32091 32486 W NetworkLogs: │    "jsonrpc": "2.0"
07-09 06:04:20.331 32091 32486 W NetworkLogs: │ }
07-09 06:04:20.331 32091 32486 W NetworkLogs: │ 128-byte body
07-09 06:04:20.331 32091 32486 W NetworkLogs: └───────────────────────────────────────────────────────────────────────────────────────
07-09 06:04:20.331 32091 32488 W NetworkLogs: ┌────── Request ────────────────────────────────────────────────────────────────────────
07-09 06:04:20.331 32091 32488 W NetworkLogs: │ URL: https://evm.kava.io/
07-09 06:04:20.332 32091 32488 W NetworkLogs: │ 
07-09 06:04:20.332 32091 32487 W NetworkLogs: ┌────── Request ────────────────────────────────────────────────────────────────────────
07-09 06:04:20.332 32091 32488 W NetworkLogs: │ Method: @POST
07-09 06:04:20.332 32091 32488 W NetworkLogs: │ 
07-09 06:04:20.332 32091 32488 W NetworkLogs: │ 
07-09 06:04:20.332 32091 32488 W NetworkLogs: │ 
07-09 06:04:20.332 32091 32488 W NetworkLogs: │ Body:
07-09 06:04:20.332 32091 32488 W NetworkLogs: │ {
07-09 06:04:20.332 32091 32486 I Chucker : Decoding with: com.chuckerteam.chucker.internal.support.PlainTextDecoder@df5fc1c
07-09 06:04:20.332 32091 32488 W NetworkLogs: │    "method": "eth_getTransactionCount",
07-09 06:04:20.332 32091 32488 W NetworkLogs: │    "params": [
07-09 06:04:20.332 32091 32488 W NetworkLogs: │       "0xd34499A5fB04aE6877919977899635eeC403F563",
07-09 06:04:20.332 32091 32488 W NetworkLogs: │       "latest"
07-09 06:04:20.332 32091 32488 W NetworkLogs: │    ],
07-09 06:04:20.332 32091 32488 W NetworkLogs: │    "id": "67",
07-09 06:04:20.332 32091 32488 W NetworkLogs: │    "jsonrpc": "2.0"
07-09 06:04:20.332 32091 32487 W NetworkLogs: │ URL: https://evm.kava.io/
07-09 06:04:20.332 32091 32488 W NetworkLogs: │ }
07-09 06:04:20.333 32091 32488 W NetworkLogs: │ 127-byte body
07-09 06:04:20.333 32091 32488 W NetworkLogs: └───────────────────────────────────────────────────────────────────────────────────────
07-09 06:04:20.333 32091 32488 I Chucker : Decoding with: com.chuckerteam.chucker.internal.support.PlainTextDecoder@df5fc1c
07-09 06:04:20.334 32091 32177 V DefaultEncryptionProtocol: ┌────────────────────────────────────────────────────────────────────────────────────────────────────────────────
07-09 06:04:20.334 32091 32177 V DefaultEncryptionProtocol: │ decrypt took 2 ms
07-09 06:04:20.334 32091 32177 V DefaultEncryptionProtocol: └────────────────────────────────────────────────────────────────────────────────────────────────────────────────
07-09 06:04:20.335 32091 32487 W NetworkLogs: │ 
07-09 06:04:20.336 32091 32487 W NetworkLogs: │ Method: @POST
07-09 06:04:20.336 32091 32487 W NetworkLogs: │ 
07-09 06:04:20.336 32091 32487 W NetworkLogs: │ 
07-09 06:04:20.336 32091 32487 W NetworkLogs: │ 
07-09 06:04:20.336 32091 32487 W NetworkLogs: │ Body:
07-09 06:04:20.336 32091 32487 W NetworkLogs: │ {
07-09 06:04:20.336 32091 32487 W NetworkLogs: │    "method": "eth_getBalance",
07-09 06:04:20.336 32091 32487 W NetworkLogs: │    "params": [
07-09 06:04:20.336 32091 32487 W NetworkLogs: │       "0xd34499A5fB04aE6877919977899635eeC403F563",
07-09 06:04:20.336 32091 32487 W NetworkLogs: │       "latest"
07-09 06:04:20.337 32091 32487 W NetworkLogs: │    ],
07-09 06:04:20.337 32091 32487 W NetworkLogs: │    "id": "67",
07-09 06:04:20.337 32091 32487 W NetworkLogs: │    "jsonrpc": "2.0"
07-09 06:04:20.337 32091 32487 W NetworkLogs: │ }
07-09 06:04:20.337 32091 32487 W NetworkLogs: │ 118-byte body
07-09 06:04:20.337 32091 32487 W NetworkLogs: └───────────────────────────────────────────────────────────────────────────────────────
07-09 06:04:20.338 32091 32487 I Chucker : Decoding with: com.chuckerteam.chucker.internal.support.PlainTextDecoder@df5fc1c
07-09 06:04:20.349 32091 32103 I OpenGLRenderer: Davey! duration=9223333597827ms; Flags=0, FrameTimelineVsyncId=2140728, IntendedVsync=38439026998493, Vsync=38439026998493, InputEventId=0, HandleInputStart=38439030900387, AnimationStart=38439030904970, PerformTraversalsStart=38439046225543, DrawStart=38439046332731, FrameDeadline=38439043665159, FrameInterval=38439030887939, FrameStartTime=16666666, SyncQueued=38439050191064, SyncStart=38439050380960, IssueDrawCommandsStart=38439050831168, SwapBuffers=38439054471064, FrameCompleted=9223372036854775807, DequeueBufferDuration=27083, QueueBufferDuration=709479, GpuCompleted=9223372036854775807, SwapBuffersCompleted=38439055780491, DisplayPresentTime=38429289210912, 
07-09 06:04:20.732 32091 32206 D AnalyticsEventsLogger: ┌────────────────────────────────────────────────────────────────────────────────────────────────────────────────
07-09 06:04:20.733 32091 32206 D AnalyticsEventsLogger: │ {
07-09 06:04:20.733 32091 32206 D AnalyticsEventsLogger: │    "client": "Amplitude",
07-09 06:04:20.733 32091 32206 D AnalyticsEventsLogger: │    "event": "[Basic] Balance Loaded",
07-09 06:04:20.733 32091 32206 D AnalyticsEventsLogger: │    "params": {
07-09 06:04:20.733 32091 32206 D AnalyticsEventsLogger: │       "Balance": "Blockchain Error",
07-09 06:04:20.733 32091 32206 D AnalyticsEventsLogger: │       "Tokens Count": "29",
07-09 06:04:20.733 32091 32206 D AnalyticsEventsLogger: │       "Batch": "AF24",
07-09 06:04:20.734 32091 32206 D AnalyticsEventsLogger: │       "Product Type": "Wallet 2.0",
07-09 06:04:20.734 32091 32206 D AnalyticsEventsLogger: │       "Firmware": "6.33r",
07-09 06:04:20.734 32091 32206 D AnalyticsEventsLogger: │       "User Wallet ID": "D7B5E96687B156A771A9956CECC7A5A85FC6643B01ED6DD88826DC3F1C57FE6F",
07-09 06:04:20.734 32091 32206 D AnalyticsEventsLogger: │       "Currency": "Multicurrency"
07-09 06:04:20.734 32091 32206 D AnalyticsEventsLogger: │    }
07-09 06:04:20.734 32091 32206 D AnalyticsEventsLogger: │ }
07-09 06:04:20.734 32091 32206 D AnalyticsEventsLogger: └────────────────────────────────────────────────────────────────────────────────────────────────────────────────
07-09 06:04:20.737 32091 32206 D AnalyticsEventsLogger: ┌────────────────────────────────────────────────────────────────────────────────────────────────────────────────
07-09 06:04:20.738 32091 32206 D AnalyticsEventsLogger: │ {
07-09 06:04:20.738 32091 32206 D AnalyticsEventsLogger: │    "client": "Firebase",
07-09 06:04:20.738 32091 32206 D AnalyticsEventsLogger: │    "event": "[Basic] Balance Loaded",
07-09 06:04:20.738 32091 32206 D AnalyticsEventsLogger: │    "params": {
07-09 06:04:20.738 32091 32206 D AnalyticsEventsLogger: │       "Balance": "Blockchain Error",
07-09 06:04:20.738 32091 32206 D AnalyticsEventsLogger: │       "Tokens Count": "29",
07-09 06:04:20.739 32091 32206 D AnalyticsEventsLogger: │       "Batch": "AF24",
07-09 06:04:20.739 32091 32206 D AnalyticsEventsLogger: │       "Product Type": "Wallet 2.0",
07-09 06:04:20.739 32091 32206 D AnalyticsEventsLogger: │       "Firmware": "6.33r",
07-09 06:04:20.739 32091 32206 D AnalyticsEventsLogger: │       "User Wallet ID": "D7B5E96687B156A771A9956CECC7A5A85FC6643B01ED6DD88826DC3F1C57FE6F",
07-09 06:04:20.739 32091 32206 D AnalyticsEventsLogger: │       "Currency": "Multicurrency"
07-09 06:04:20.739 32091 32206 D AnalyticsEventsLogger: │    }
07-09 06:04:20.739 32091 32206 D AnalyticsEventsLogger: │ }
07-09 06:04:20.739 32091 32206 D AnalyticsEventsLogger: └────────────────────────────────────────────────────────────────────────────────────────────────────────────────
07-09 06:04:20.765 32091 32091 D WalletStateController: ┌────────────────────────────────────────────────────────────────────────────────────────────────────────────────
07-09 06:04:20.765 32091 32091 D WalletStateController: │ Applying: SetTokenListTransformer
07-09 06:04:20.765 32091 32091 D WalletStateController: └────────────────────────────────────────────────────────────────────────────────────────────────────────────────
07-09 06:04:20.857  1584 32482 I focaltech:hal:core: [ 158]:ff_gesture_switch...
07-09 06:04:20.881  1584 32482 I focaltech:ca:client: [ 186]:---8<--------------- TA LOG --------------------
07-09 06:04:20.881  1584 32482 I focaltech:fw: [ 709]:switch to 'FF_DEVICE_MODE_GESTURE' mode.
07-09 06:04:20.881  1584 32482 I focaltech:fw: [ 715]:Gesture start finger status: 2
07-09 06:04:20.881  1584 32482 I focaltech:fw: [ 521]:Switching fdt to 'up' detection mode...
07-09 06:04:20.881  1584 32482 I focaltech:ca:client: [ 206]:------------------------------------------->8---
07-09 06:04:20.888  1091  3115 I vendor.qti.bluetooth@1.0-ibs_handler: ProcessIbsCmd: Received IBS_WAKE_IND: 0xFD
07-09 06:04:20.888  1091  3115 D vendor.qti.bluetooth@1.0-ibs_handler: SerialClockVote: vote for UART CLK ON
07-09 06:04:20.890  1091  3115 D vendor.qti.bluetooth@1.0-wake_lock: Acquire wakelock is acquired 
07-09 06:04:20.890  1091  3115 I vendor.qti.bluetooth@1.0-ibs_handler: ProcessIbsCmd: Writing IBS_WAKE_ACK
07-09 06:04:20.892  2629  3118 V bt_stack: [VERBOSE1:btm_ble_gap.cc(2650)] btm_ble_process_adv_addr: bda=c1:72:23:94:91:4b
07-09 06:04:20.892  2629  3118 V bt_stack: [VERBOSE1:btm_ble_gap.cc(2855)]  Waiting for scan response c1:72:23:94:91:4b
07-09 06:04:20.892  2629  3118 V bt_stack: [VERBOSE1:btm_ble_gap.cc(2650)] btm_ble_process_adv_addr: bda=c1:72:23:94:91:4b
07-09 06:04:20.892  2629  3118 V bt_stack: [VERBOSE1:btm_inq.cc(1033)] BTM_InqDbRead: bd addr c1:72:23:94:91:4b
07-09 06:04:20.931  1091  3115 I vendor.qti.bluetooth@1.0-ibs_handler: ProcessIbsCmd: Received IBS_SLEEP_IND: 0xFE
07-09 06:04:20.931  1091  3115 D vendor.qti.bluetooth@1.0-ibs_handler: SerialClockVote: vote for UART CLK OFF
07-09 06:04:20.950  1395  1395 W NotificationHistory: Attempted to add notif for locked/gone/disabled user 0
07-09 06:04:20.966  1395  1395 W NotificationHistory: Attempted to add notif for locked/gone/disabled user 0
07-09 06:04:20.984  2620  2620 D InterruptionStateProvider: No alerting: filtered notification: 0|com.tangem.wallet.debug|1138|null|10447
07-09 06:04:20.987  1395  1395 W NotificationHistory: Attempted to add notif for locked/gone/disabled user 0
07-09 06:04:20.988  2620  2620 D InterruptionStateProvider: No alerting: filtered notification: 0|com.tangem.wallet.debug|1138|null|10447
07-09 06:04:21.000  2620  2717 D PeopleSpaceWidgetMgr: Sbn doesn't contain valid PeopleTileKey: null/0/com.tangem.wallet.debug
07-09 06:04:21.020  2620  2620 D InterruptionStateProvider: No alerting: filtered notification: 0|com.tangem.wallet.debug|1138|null|10447
07-09 06:04:21.021  2620  2620 D InterruptionStateProvider: No alerting: filtered notification: 0|com.tangem.wallet.debug|1138|null|10447
07-09 06:04:21.029  2620  2717 D PeopleSpaceWidgetMgr: Sbn doesn't contain valid PeopleTileKey: null/0/com.tangem.wallet.debug
07-09 06:04:21.033  2620  2620 D InterruptionStateProvider: No alerting: filtered notification: 0|com.tangem.wallet.debug|1138|null|10447
07-09 06:04:21.034  2620  2620 D InterruptionStateProvider: No alerting: filtered notification: 0|com.tangem.wallet.debug|1138|null|10447
07-09 06:04:21.042  2620  2717 D PeopleSpaceWidgetMgr: Sbn doesn't contain valid PeopleTileKey: null/0/com.tangem.wallet.debug
07-09 06:04:21.082  1091  3012 D vendor.qti.bluetooth@1.0-wake_lock: Release wakelock is released 
07-09 06:04:21.116 32091 32091 D WalletStateController: ┌────────────────────────────────────────────────────────────────────────────────────────────────────────────────
07-09 06:04:21.116 32091 32091 D WalletStateController: │ Applying: SetWarningsTransformer
07-09 06:04:21.116 32091 32091 D WalletStateController: └────────────────────────────────────────────────────────────────────────────────────────────────────────────────
07-09 06:04:21.197 32091 32206 D AnalyticsEventsLogger: ┌────────────────────────────────────────────────────────────────────────────────────────────────────────────────
07-09 06:04:21.198 32091 32206 D AnalyticsEventsLogger: │ {
07-09 06:04:21.198 32091 32206 D AnalyticsEventsLogger: │    "client": "Amplitude",
07-09 06:04:21.198 32091 32206 D AnalyticsEventsLogger: │    "event": "[Main Screen] Notice - Networks Unreachable",
07-09 06:04:21.198 32091 32206 D AnalyticsEventsLogger: │    "params": {
07-09 06:04:21.198 32091 32206 D AnalyticsEventsLogger: │       "Tokens": "TON, USDT",
07-09 06:04:21.198 32091 32206 D AnalyticsEventsLogger: │       "Batch": "AF24",
07-09 06:04:21.198 32091 32206 D AnalyticsEventsLogger: │       "Product Type": "Wallet 2.0",
07-09 06:04:21.198 32091 32206 D AnalyticsEventsLogger: │       "Firmware": "6.33r",
07-09 06:04:21.198 32091 32206 D AnalyticsEventsLogger: │       "User Wallet ID": "D7B5E96687B156A771A9956CECC7A5A85FC6643B01ED6DD88826DC3F1C57FE6F",
07-09 06:04:21.198 32091 32206 D AnalyticsEventsLogger: │       "Currency": "Multicurrency"
07-09 06:04:21.198 32091 32206 D AnalyticsEventsLogger: │    }
07-09 06:04:21.198 32091 32206 D AnalyticsEventsLogger: │ }
07-09 06:04:21.198 32091 32206 D AnalyticsEventsLogger: └────────────────────────────────────────────────────────────────────────────────────────────────────────────────
07-09 06:04:21.199 32091 32206 D AnalyticsEventsLogger: ┌────────────────────────────────────────────────────────────────────────────────────────────────────────────────
07-09 06:04:21.200 32091 32206 D AnalyticsEventsLogger: │ {
07-09 06:04:21.200 32091 32206 D AnalyticsEventsLogger: │    "client": "Firebase",
07-09 06:04:21.200 32091 32206 D AnalyticsEventsLogger: │    "event": "[Main Screen] Notice - Networks Unreachable",
07-09 06:04:21.200 32091 32206 D AnalyticsEventsLogger: │    "params": {
07-09 06:04:21.200 32091 32206 D AnalyticsEventsLogger: │       "Tokens": "TON, USDT",
07-09 06:04:21.200 32091 32206 D AnalyticsEventsLogger: │       "Batch": "AF24",
07-09 06:04:21.200 32091 32206 D AnalyticsEventsLogger: │       "Product Type": "Wallet 2.0",
07-09 06:04:21.200 32091 32206 D AnalyticsEventsLogger: │       "Firmware": "6.33r",
07-09 06:04:21.200 32091 32206 D AnalyticsEventsLogger: │       "User Wallet ID": "D7B5E96687B156A771A9956CECC7A5A85FC6643B01ED6DD88826DC3F1C57FE6F",
07-09 06:04:21.200 32091 32206 D AnalyticsEventsLogger: │       "Currency": "Multicurrency"
07-09 06:04:21.200 32091 32206 D AnalyticsEventsLogger: │    }
07-09 06:04:21.200 32091 32206 D AnalyticsEventsLogger: │ }
07-09 06:04:21.200 32091 32206 D AnalyticsEventsLogger: └────────────────────────────────────────────────────────────────────────────────────────────────────────────────
07-09 06:04:21.246  4389  4389 I GoogleInputMethodService: GoogleInputMethodService.onFinishInput():1984 
07-09 06:04:21.248  4389  4389 I Module  : DeviceLockedStatusModuleProvider$Module.updateDeviceLockedStatus():100 repeatCheckTimes = 0, locked = false
07-09 06:04:21.250  4389  4389 I GoogleInputMethodService: GoogleInputMethodService.onStartInput():1248 onStartInput(EditorInfo{EditorInfo{packageName=com.tangem.wallet.debug, inputType=0, inputTypeString=NULL, enableLearning=false, autoCorrection=false, autoComplete=false, imeOptions=0, privateImeOptions=null, actionName=UNSPECIFIED, actionLabel=null, initialSelStart=-1, initialSelEnd=-1, initialCapsMode=0, label=null, fieldId=-1, fieldName=null, extras=null, hintText=null, hintLocales=[]}}, false)
07-09 06:04:21.256  4389  4389 I Module  : DeviceLockedStatusModuleProvider$Module.updateDeviceLockedStatus():100 repeatCheckTimes = 1, locked = false
07-09 06:04:21.669 32091 32103 I OpenGLRenderer: Davey! duration=9223333596493ms; Flags=0, FrameTimelineVsyncId=2140831, IntendedVsync=38440360768980, Vsync=38440360768980, InputEventId=0, HandleInputStart=38440362702261, AnimationStart=38440362706949, PerformTraversalsStart=38440364965647, DrawStart=38440365232678, FrameDeadline=38440377435646, FrameInterval=38440362689293, FrameStartTime=16666666, SyncQueued=38440365300595, SyncStart=38440365637053, IssueDrawCommandsStart=38440365785282, SwapBuffers=38440370849761, FrameCompleted=9223372036854775807, DequeueBufferDuration=50260, QueueBufferDuration=2026927, GpuCompleted=9223372036854775807, SwapBuffersCompleted=38440373544657, DisplayPresentTime=0, 
07-09 06:04:21.704  1584  1691 I focaltech:hal:core: [1462]:got the device interrupt.
07-09 06:04:21.792  1584  1691 I focaltech:ca:client: [ 186]:---8<--------------- TA LOG --------------------
07-09 06:04:21.792  1584  1691 I focaltech:fw: [ 938]:Chip INT type: 0x4(1=idle 2=down 4=up 8=man 10=inv 20=data 40=afeD 80=halfF 100=fullE 200=rst 400=esd )
07-09 06:04:21.792  1584  1691 I focaltech:fw: [ 952]:fw9362_fdt_base_Min_Updata Base[4] : 459,460,568,512
07-09 06:04:21.792  1584  1691 I focaltech:fw: [ 953]:fw9362_fdt_base_Min_Updata FW9362_FDT_DELT_DOWN_LO = 50; FW9362_FDT_DELT_UP_LO= 45 
07-09 06:04:21.792  1584  1691 I focaltech:fw: [ 992]:fw9362_query_event_status get finger1:0
07-09 06:04:21.792  1584  1691 I focaltech:fw: [ 993]:fw9362_query_event_status call fw9362_img_base_updata_with_check()
07-09 06:04:21.792  1584  1691 I focaltech:fw: [ 996]:fw9362_query_event_status get finger2:0
07-09 06:04:21.792  1584  1691 I focaltech:fw: [ 521]:Switching fdt to 'down' detection mode...
07-09 06:04:21.792  1584  1691 I focaltech:ta:core: [1196]:got gesture leave event.
07-09 06:04:21.792  1584  1691 I focaltech:fw: [ 709]:switch to 'FF_DEVICE_MODE_GESTURE' mode.
07-09 06:04:21.792  1584  1691 I focaltech:ca:client: [ 206]:------------------------------------------->8---
07-09 06:04:21.792  1584  1691 I focaltech:hal:core: [1604]:HAL report ctx1->synced_event_state = 10.
07-09 06:04:21.792  1584  1691 I focaltech:hal:core: [1622]:HAL report ctx1->info_type = 0.
07-09 06:04:22.240 32091 32486 W NetworkLogs: ┌────── Response ───────────────────────────────────────────────────────────────────────
07-09 06:04:22.240 32091 32486 W NetworkLogs: │ URL: https://evm.kava.io/
07-09 06:04:22.241 32091 32486 W NetworkLogs: │ 
07-09 06:04:22.241 32091 32486 W NetworkLogs: │ / - [is success : true] - Received in: 1905ms
07-09 06:04:22.241 32091 32486 W NetworkLogs: │ 
07-09 06:04:22.241 32091 32486 W NetworkLogs: │ Status Code: 200 / 
07-09 06:04:22.241 32091 32486 W NetworkLogs: │ 
07-09 06:04:22.241 32091 32486 W NetworkLogs: │ 
07-09 06:04:22.241 32091 32486 W NetworkLogs: │ 
07-09 06:04:22.241 32091 32486 W NetworkLogs: │ Body:
07-09 06:04:22.241 32091 32486 W NetworkLogs: │ {
07-09 06:04:22.241 32091 32486 W NetworkLogs: │    "jsonrpc": "2.0",
07-09 06:04:22.241 32091 32486 W NetworkLogs: │    "id": "67",
07-09 06:04:22.241 32091 32486 W NetworkLogs: │    "result": "0x0"
07-09 06:04:22.242 32091 32486 W NetworkLogs: │ }
07-09 06:04:22.242 32091 32486 W NetworkLogs: └───────────────────────────────────────────────────────────────────────────────────────
07-09 06:04:22.245 32091 32488 W NetworkLogs: ┌────── Response ───────────────────────────────────────────────────────────────────────
07-09 06:04:22.246 32091 32488 W NetworkLogs: │ URL: https://evm.kava.io/
07-09 06:04:22.247 32091 32488 W NetworkLogs: │ 
07-09 06:04:22.248 32091 32488 W NetworkLogs: │ / - [is success : true] - Received in: 1901ms
07-09 06:04:22.248 32091 32488 W NetworkLogs: │ 
07-09 06:04:22.248 32091 32488 W NetworkLogs: │ Status Code: 200 / 
07-09 06:04:22.248 32091 32488 W NetworkLogs: │ 
07-09 06:04:22.248 32091 32488 W NetworkLogs: │ 
07-09 06:04:22.249 32091 32488 W NetworkLogs: │ 
07-09 06:04:22.249 32091 32488 W NetworkLogs: │ Body:
07-09 06:04:22.249 32091 32488 W NetworkLogs: │ {
07-09 06:04:22.249 32091 32488 W NetworkLogs: │    "jsonrpc": "2.0",
07-09 06:04:22.250 32091 32488 W NetworkLogs: │    "id": "67",
07-09 06:04:22.250 32091 32488 W NetworkLogs: │    "result": "0x0"
07-09 06:04:22.250 32091 32488 W NetworkLogs: │ }
07-09 06:04:22.250 32091 32488 W NetworkLogs: └───────────────────────────────────────────────────────────────────────────────────────
07-09 06:04:22.251 32091 32487 W NetworkLogs: ┌────── Response ───────────────────────────────────────────────────────────────────────
07-09 06:04:22.251 32091 32487 W NetworkLogs: │ URL: https://evm.kava.io/
07-09 06:04:22.251 32091 32487 W NetworkLogs: │ 
07-09 06:04:22.251 32091 32487 W NetworkLogs: │ / - [is success : true] - Received in: 1909ms
07-09 06:04:22.251 32091 32487 W NetworkLogs: │ 
07-09 06:04:22.251 32091 32487 W NetworkLogs: │ Status Code: 200 / 
07-09 06:04:22.251 32091 32487 W NetworkLogs: │ 
07-09 06:04:22.251 32091 32487 W NetworkLogs: │ 
07-09 06:04:22.252 32091 32487 W NetworkLogs: │ 
07-09 06:04:22.252 32091 32487 W NetworkLogs: │ Body:
07-09 06:04:22.252 32091 32487 W NetworkLogs: │ {
07-09 06:04:22.252 32091 32487 W NetworkLogs: │    "jsonrpc": "2.0",
07-09 06:04:22.252 32091 32487 W NetworkLogs: │    "id": "67",
07-09 06:04:22.252 32091 32487 W NetworkLogs: │    "result": "0x0"
07-09 06:04:22.252 32091 32487 W NetworkLogs: │ }
07-09 06:04:22.252 32091 32487 W NetworkLogs: └───────────────────────────────────────────────────────────────────────────────────────
07-09 06:04:22.267  3031 32062 I NearbyMediums: No BLE Fast/GATT advertisements found in the latest cycle.
07-09 06:04:22.286 32091 32128 D DefaultCacheRegistry: ┌────────────────────────────────────────────────────────────────────────────────────────────────────────────────
07-09 06:04:22.287 32091 32128 D DefaultCacheRegistry: │ Invoke the action associated with the cache key: network_status_UserWalletId(D7B...E6F)_aptos_m/44'/637'/0'/0'/0'
07-09 06:04:22.287 32091 32128 D DefaultCacheRegistry: └────────────────────────────────────────────────────────────────────────────────────────────────────────────────
07-09 06:04:22.293 32091 32498 W NetworkLogs: ┌────── Request ────────────────────────────────────────────────────────────────────────
07-09 06:04:22.294 32091 32498 W NetworkLogs: │ URL: https://fullnode.mainnet.aptoslabs.com/v1/accounts/0x6d450a1c03f2a5291d3f7d7c87e1abe3844ee832a7c9582a1e525b6b3624e1e4/resources
07-09 06:04:22.294 32091 32498 W NetworkLogs: │ 
07-09 06:04:22.294 32091 32498 W NetworkLogs: │ Method: @GET
07-09 06:04:22.294 32091 32498 W NetworkLogs: │ 
07-09 06:04:22.294 32091 32498 W NetworkLogs: │ 
07-09 06:04:22.294 32091 32498 W NetworkLogs: │ 
07-09 06:04:22.294 32091 32498 W NetworkLogs: └───────────────────────────────────────────────────────────────────────────────────────
07-09 06:04:22.305 32091 32206 D AnalyticsEventsLogger: ┌────────────────────────────────────────────────────────────────────────────────────────────────────────────────
07-09 06:04:22.305 32091 32206 D AnalyticsEventsLogger: │ {
07-09 06:04:22.305 32091 32206 D AnalyticsEventsLogger: │    "client": "Amplitude",
07-09 06:04:22.305 32091 32206 D AnalyticsEventsLogger: │    "event": "[Basic] Balance Loaded",
07-09 06:04:22.305 32091 32206 D AnalyticsEventsLogger: │    "params": {
07-09 06:04:22.305 32091 32206 D AnalyticsEventsLogger: │       "Balance": "Blockchain Error",
07-09 06:04:22.305 32091 32206 D AnalyticsEventsLogger: │       "Tokens Count": "29",
07-09 06:04:22.305 32091 32206 D AnalyticsEventsLogger: │       "Batch": "AF24",
07-09 06:04:22.305 32091 32206 D AnalyticsEventsLogger: │       "Product Type": "Wallet 2.0",
07-09 06:04:22.305 32091 32206 D AnalyticsEventsLogger: │       "Firmware": "6.33r",
07-09 06:04:22.305 32091 32206 D AnalyticsEventsLogger: │       "User Wallet ID": "D7B5E96687B156A771A9956CECC7A5A85FC6643B01ED6DD88826DC3F1C57FE6F",
07-09 06:04:22.305 32091 32206 D AnalyticsEventsLogger: │       "Currency": "Multicurrency"
07-09 06:04:22.305 32091 32206 D AnalyticsEventsLogger: │    }
07-09 06:04:22.305 32091 32206 D AnalyticsEventsLogger: │ }
07-09 06:04:22.305 32091 32206 D AnalyticsEventsLogger: └────────────────────────────────────────────────────────────────────────────────────────────────────────────────
07-09 06:04:22.306 32091 32206 D AnalyticsEventsLogger: ┌────────────────────────────────────────────────────────────────────────────────────────────────────────────────
07-09 06:04:22.306 32091 32206 D AnalyticsEventsLogger: │ {
07-09 06:04:22.306 32091 32206 D AnalyticsEventsLogger: │    "client": "Firebase",
07-09 06:04:22.306 32091 32206 D AnalyticsEventsLogger: │    "event": "[Basic] Balance Loaded",
07-09 06:04:22.306 32091 32206 D AnalyticsEventsLogger: │    "params": {
07-09 06:04:22.306 32091 32206 D AnalyticsEventsLogger: │       "Balance": "Blockchain Error",
07-09 06:04:22.306 32091 32206 D AnalyticsEventsLogger: │       "Tokens Count": "29",
07-09 06:04:22.306 32091 32206 D AnalyticsEventsLogger: │       "Batch": "AF24",
07-09 06:04:22.306 32091 32206 D AnalyticsEventsLogger: │       "Product Type": "Wallet 2.0",
07-09 06:04:22.306 32091 32206 D AnalyticsEventsLogger: │       "Firmware": "6.33r",
07-09 06:04:22.306 32091 32206 D AnalyticsEventsLogger: │       "User Wallet ID": "D7B5E96687B156A771A9956CECC7A5A85FC6643B01ED6DD88826DC3F1C57FE6F",
07-09 06:04:22.306 32091 32206 D AnalyticsEventsLogger: │       "Currency": "Multicurrency"
07-09 06:04:22.306 32091 32206 D AnalyticsEventsLogger: │    }
07-09 06:04:22.306 32091 32206 D AnalyticsEventsLogger: │ }
07-09 06:04:22.306 32091 32206 D AnalyticsEventsLogger: └────────────────────────────────────────────────────────────────────────────────────────────────────────────────
07-09 06:04:22.311 32091 32091 D WalletStateController: ┌────────────────────────────────────────────────────────────────────────────────────────────────────────────────
07-09 06:04:22.311 32091 32091 D WalletStateController: │ Applying: SetTokenListTransformer
07-09 06:04:22.311 32091 32091 D WalletStateController: └────────────────────────────────────────────────────────────────────────────────────────────────────────────────
07-09 06:04:22.467  1395  1395 W NotificationHistory: Attempted to add notif for locked/gone/disabled user 0
07-09 06:04:22.476  2620  2620 D InterruptionStateProvider: No alerting: filtered notification: 0|com.tangem.wallet.debug|1138|null|10447
07-09 06:04:22.476  2620  2620 D InterruptionStateProvider: No alerting: filtered notification: 0|com.tangem.wallet.debug|1138|null|10447
07-09 06:04:22.481 32091 32091 D WalletStateController: ┌────────────────────────────────────────────────────────────────────────────────────────────────────────────────
07-09 06:04:22.482 32091 32091 D WalletStateController: │ Applying: SetWarningsTransformer
07-09 06:04:22.482 32091 32091 D WalletStateController: └────────────────────────────────────────────────────────────────────────────────────────────────────────────────
07-09 06:04:22.485 32091 32206 D AnalyticsEventsLogger: ┌────────────────────────────────────────────────────────────────────────────────────────────────────────────────
07-09 06:04:22.485  2620  2717 D PeopleSpaceWidgetMgr: Sbn doesn't contain valid PeopleTileKey: null/0/com.tangem.wallet.debug
07-09 06:04:22.485 32091 32206 D AnalyticsEventsLogger: │ {
07-09 06:04:22.485 32091 32206 D AnalyticsEventsLogger: │    "client": "Amplitude",
07-09 06:04:22.485 32091 32206 D AnalyticsEventsLogger: │    "event": "[Main Screen] Notice - Networks Unreachable",
07-09 06:04:22.485 32091 32206 D AnalyticsEventsLogger: │    "params": {
07-09 06:04:22.485 32091 32206 D AnalyticsEventsLogger: │       "Tokens": "TON, USDT",
07-09 06:04:22.485 32091 32206 D AnalyticsEventsLogger: │       "Batch": "AF24",
07-09 06:04:22.485 32091 32206 D AnalyticsEventsLogger: │       "Product Type": "Wallet 2.0",
07-09 06:04:22.485 32091 32206 D AnalyticsEventsLogger: │       "Firmware": "6.33r",
07-09 06:04:22.485 32091 32206 D AnalyticsEventsLogger: │       "User Wallet ID": "D7B5E96687B156A771A9956CECC7A5A85FC6643B01ED6DD88826DC3F1C57FE6F",
07-09 06:04:22.485 32091 32206 D AnalyticsEventsLogger: │       "Currency": "Multicurrency"
07-09 06:04:22.485 32091 32206 D AnalyticsEventsLogger: │    }
07-09 06:04:22.485 32091 32206 D AnalyticsEventsLogger: │ }
07-09 06:04:22.485 32091 32206 D AnalyticsEventsLogger: └────────────────────────────────────────────────────────────────────────────────────────────────────────────────
07-09 06:04:22.486 32091 32206 D AnalyticsEventsLogger: ┌────────────────────────────────────────────────────────────────────────────────────────────────────────────────
07-09 06:04:22.486 32091 32206 D AnalyticsEventsLogger: │ {
07-09 06:04:22.486 32091 32206 D AnalyticsEventsLogger: │    "client": "Firebase",
07-09 06:04:22.486 32091 32206 D AnalyticsEventsLogger: │    "event": "[Main Screen] Notice - Networks Unreachable",
07-09 06:04:22.486 32091 32206 D AnalyticsEventsLogger: │    "params": {
07-09 06:04:22.486 32091 32206 D AnalyticsEventsLogger: │       "Tokens": "TON, USDT",
07-09 06:04:22.486 32091 32206 D AnalyticsEventsLogger: │       "Batch": "AF24",
07-09 06:04:22.486 32091 32206 D AnalyticsEventsLogger: │       "Product Type": "Wallet 2.0",
07-09 06:04:22.486 32091 32206 D AnalyticsEventsLogger: │       "Firmware": "6.33r",
07-09 06:04:22.486 32091 32206 D AnalyticsEventsLogger: │       "User Wallet ID": "D7B5E96687B156A771A9956CECC7A5A85FC6643B01ED6DD88826DC3F1C57FE6F",
07-09 06:04:22.486 32091 32206 D AnalyticsEventsLogger: │       "Currency": "Multicurrency"
07-09 06:04:22.486 32091 32206 D AnalyticsEventsLogger: │    }
07-09 06:04:22.486 32091 32206 D AnalyticsEventsLogger: │ }
07-09 06:04:22.486 32091 32206 D AnalyticsEventsLogger: └────────────────────────────────────────────────────────────────────────────────────────────────────────────────
07-09 06:04:22.511  2620  2620 D InterruptionStateProvider: No alerting: filtered notification: 0|com.tangem.wallet.debug|1138|null|10447
07-09 06:04:22.512  2620  2620 D InterruptionStateProvider: No alerting: filtered notification: 0|com.tangem.wallet.debug|1138|null|10447
07-09 06:04:22.518  2620  2717 D PeopleSpaceWidgetMgr: Sbn doesn't contain valid PeopleTileKey: null/0/com.tangem.wallet.debug
07-09 06:04:22.521  2620  2620 D InterruptionStateProvider: No alerting: filtered notification: 0|com.tangem.wallet.debug|1138|null|10447
07-09 06:04:22.521  2620  2620 D InterruptionStateProvider: No alerting: filtered notification: 0|com.tangem.wallet.debug|1138|null|10447
07-09 06:04:22.522  1395  1395 W NotificationHistory: Attempted to add notif for locked/gone/disabled user 0
07-09 06:04:22.527  2620  2717 D PeopleSpaceWidgetMgr: Sbn doesn't contain valid PeopleTileKey: null/0/com.tangem.wallet.debug
07-09 06:04:22.548  2620  2620 D InterruptionStateProvider: No alerting: filtered notification: 0|com.tangem.wallet.debug|1138|null|10447
07-09 06:04:22.549  2620  2620 D InterruptionStateProvider: No alerting: filtered notification: 0|com.tangem.wallet.debug|1138|null|10447
07-09 06:04:22.556  2620  2717 D PeopleSpaceWidgetMgr: Sbn doesn't contain valid PeopleTileKey: null/0/com.tangem.wallet.debug
07-09 06:04:22.705  1091  3115 I vendor.qti.bluetooth@1.0-ibs_handler: ProcessIbsCmd: Received IBS_WAKE_IND: 0xFD
07-09 06:04:22.705  1091  3115 D vendor.qti.bluetooth@1.0-ibs_handler: SerialClockVote: vote for UART CLK ON
07-09 06:04:22.709  1091  3115 D vendor.qti.bluetooth@1.0-wake_lock: Acquire wakelock is acquired 
07-09 06:04:22.710  1091  3115 I vendor.qti.bluetooth@1.0-ibs_handler: ProcessIbsCmd: Writing IBS_WAKE_ACK
07-09 06:04:22.711  2629  3118 V bt_stack: [VERBOSE1:btm_ble_gap.cc(2650)] btm_ble_process_adv_addr: bda=c1:72:23:94:91:4b
07-09 06:04:22.711  2629  3118 V bt_stack: [VERBOSE1:btm_ble_gap.cc(2855)]  Waiting for scan response c1:72:23:94:91:4b
07-09 06:04:22.711  2629  3118 V bt_stack: [VERBOSE1:btm_ble_gap.cc(2650)] btm_ble_process_adv_addr: bda=c1:72:23:94:91:4b
07-09 06:04:22.711  2629  3118 V bt_stack: [VERBOSE1:btm_inq.cc(1033)] BTM_InqDbRead: bd addr c1:72:23:94:91:4b
07-09 06:04:22.752  1091  3115 I vendor.qti.bluetooth@1.0-ibs_handler: ProcessIbsCmd: Received IBS_SLEEP_IND: 0xFE
07-09 06:04:22.752  1091  3115 D vendor.qti.bluetooth@1.0-ibs_handler: SerialClockVote: vote for UART CLK OFF
07-09 06:04:22.759 16410 18110 I gle.android.gm: Explicit concurrent copying GC freed 342KB AllocSpace bytes, 2(104KB) LOS objects, 24% free, 14MB/19MB, paused 195us,115us total 290.842ms
07-09 06:04:22.902  1091  3012 D vendor.qti.bluetooth@1.0-wake_lock: Release wakelock is released 
07-09 06:04:23.018  1088  5135 D NxpTml  : PN54X - I2C Read successful.....len = 44
07-09 06:04:23.019  1088  5135 D NxpTml  : PN54X - Posting read message.....
07-09 06:04:23.019  1088  5135 D NxpNciR : len =  44 <= 61052901020400FF010A040004E653C70A01200000000014137877C103000000000000000000000000000000
07-09 06:04:23.019  1088  5138 D NxpHal  : read successful status = 0x0
07-09 06:04:23.019  1088  5138 D NxpHal  : NxpNci: RF Interface = ISO-DEP
07-09 06:04:23.019  1088  5138 D NxpHal  : NxpNci: Protocol = ISO-DEP
07-09 06:04:23.019  1088  5138 D NxpHal  : NxpNci: Mode = A Passive Poll
07-09 06:04:23.021  1088  5135 D NxpTml  : PN54X - Read requested.....
07-09 06:04:23.021  1088  5135 D NxpTml  : PN54X - Invoking I2C Read.....
07-09 06:04:23.076  4488  4488 D NfcService: Tag detected, notifying applications
07-09 06:04:23.076  4488  4488 D NfcService: Skipping NDEF detection in reader mode
07-09 06:04:23.078  4488 32501 D NativeNfcTag: Starting background presence check
07-09 06:04:23.089 32091 32498 W NetworkLogs: ┌────── Response ───────────────────────────────────────────────────────────────────────
07-09 06:04:23.090 32091 32498 W NetworkLogs: │ URL: https://fullnode.mainnet.aptoslabs.com/v1/accounts/0x6d450a1c03f2a5291d3f7d7c87e1abe3844ee832a7c9582a1e52
07-09 06:04:23.090 32091 32498 W NetworkLogs: │ 5b6b3624e1e4/resources
07-09 06:04:23.090 32091 32498 W NetworkLogs: │ 
07-09 06:04:23.090 32091 32498 W NetworkLogs: │ /v1/accounts/0x6d450a1c03f2a5291d3f7d7c87e1abe3844ee832a7c9582a1e525b6b3624e1e4/resources - [is success : true
07-09 06:04:23.090 32091 32498 W NetworkLogs: │ ] - Received in: 791ms
07-09 06:04:23.090 32091 32498 W NetworkLogs: │ 
07-09 06:04:23.090 32091 32498 W NetworkLogs: │ Status Code: 200 / 
07-09 06:04:23.090 32091 32498 W NetworkLogs: │ 
07-09 06:04:23.090 32091 32498 W NetworkLogs: │ 
07-09 06:04:23.090 32091 32498 W NetworkLogs: │ 
07-09 06:04:23.091 32091 32498 W NetworkLogs: │ Body:
07-09 06:04:23.091 32091 32498 W NetworkLogs: │ [
07-09 06:04:23.091 32091 32498 W NetworkLogs: │    {
07-09 06:04:23.091 32091 32498 W NetworkLogs: │       "type": "0x1::account::Account",
07-09 06:04:23.091 32091 32498 W NetworkLogs: │       "data": {
07-09 06:04:23.091 32091 32498 W NetworkLogs: │          "authentication_key": "0x6d450a1c03f2a5291d3f7d7c87e1abe3844ee832a7c9582a1e525b6b3624e1e4",
07-09 06:04:23.091 32091 32498 W NetworkLogs: │          "coin_register_events": {
07-09 06:04:23.091 32091 32498 W NetworkLogs: │             "counter": "1",
07-09 06:04:23.091 32091 32498 W NetworkLogs: │             "guid": {
07-09 06:04:23.091 32091 32498 W NetworkLogs: │                "id": {
07-09 06:04:23.091 32091 32498 W NetworkLogs: │                   "addr": "0x6d450a1c03f2a5291d3f7d7c87e1abe3844ee832a7c9582a1e525b6b3624e1e4",
07-09 06:04:23.091 32091 32498 W NetworkLogs: │                   "creation_num": "0"
07-09 06:04:23.091 32091 32498 W NetworkLogs: │                }
07-09 06:04:23.091 32091 32498 W NetworkLogs: │             }
07-09 06:04:23.091 32091 32498 W NetworkLogs: │          },
07-09 06:04:23.091 32091 32498 W NetworkLogs: │          "guid_creation_num": "4",
07-09 06:04:23.091 32091 32498 W NetworkLogs: │          "key_rotation_events": {
07-09 06:04:23.091 32091 32498 W NetworkLogs: │             "counter": "0",
07-09 06:04:23.091 32091 32498 W NetworkLogs: │             "guid": {
07-09 06:04:23.092 32091 32498 W NetworkLogs: │                "id": {
07-09 06:04:23.092 32091 32498 W NetworkLogs: │                   "addr": "0x6d450a1c03f2a5291d3f7d7c87e1abe3844ee832a7c9582a1e525b6b3624e1e4",
07-09 06:04:23.092 32091 32498 W NetworkLogs: │                   "creation_num": "1"
07-09 06:04:23.092 32091 32498 W NetworkLogs: │                }
07-09 06:04:23.092 32091 32498 W NetworkLogs: │             }
07-09 06:04:23.092 32091 32498 W NetworkLogs: │          },
07-09 06:04:23.092 32091 32498 W NetworkLogs: │          "rotation_capability_offer": {
07-09 06:04:23.092 32091 32498 W NetworkLogs: │             "for": {
07-09 06:04:23.092 32091 32498 W NetworkLogs: │                "vec": []
07-09 06:04:23.092 32091 32498 W NetworkLogs: │             }
07-09 06:04:23.092 32091 32498 W NetworkLogs: │          },
07-09 06:04:23.092 32091 32498 W NetworkLogs: │          "sequence_number": "2",
07-09 06:04:23.092 32091 32498 W NetworkLogs: │          "signer_capability_offer": {
07-09 06:04:23.092 32091 32498 W NetworkLogs: │             "for": {
07-09 06:04:23.092 32091 32498 W NetworkLogs: │                "vec": []
07-09 06:04:23.092 32091 32498 W NetworkLogs: │             }
07-09 06:04:23.092 32091 32498 W NetworkLogs: │          }
07-09 06:04:23.093 32091 32498 W NetworkLogs: │       }
07-09 06:04:23.093 32091 32498 W NetworkLogs: │    },
07-09 06:04:23.093 32091 32498 W NetworkLogs: │    {
07-09 06:04:23.093 32091 32498 W NetworkLogs: │       "type": "0x1::coin::CoinStore<0x1::aptos_coin::AptosCoin>",
07-09 06:04:23.093 32091 32498 W NetworkLogs: │       "data": {
07-09 06:04:23.093 32091 32498 W NetworkLogs: │          "coin": {
07-09 06:04:23.093 32091 32498 W NetworkLogs: │             "value": "4987700"
07-09 06:04:23.093 32091 32498 W NetworkLogs: │          },
07-09 06:04:23.093 32091 32498 W NetworkLogs: │          "deposit_events": {
07-09 06:04:23.093 32091 32498 W NetworkLogs: │             "counter": "1",
07-09 06:04:23.093 32091 32498 W NetworkLogs: │             "guid": {
07-09 06:04:23.093 32091 32498 W NetworkLogs: │                "id": {
07-09 06:04:23.093 32091 32498 W NetworkLogs: │                   "addr": "0x6d450a1c03f2a5291d3f7d7c87e1abe3844ee832a7c9582a1e525b6b3624e1e4",
07-09 06:04:23.093 32091 32498 W NetworkLogs: │                   "creation_num": "2"
07-09 06:04:23.093 32091 32498 W NetworkLogs: │                }
07-09 06:04:23.093 32091 32498 W NetworkLogs: │             }
07-09 06:04:23.093 32091 32498 W NetworkLogs: │          },
07-09 06:04:23.094 32091 32498 W NetworkLogs: │          "frozen": false,
07-09 06:04:23.094 32091 32498 W NetworkLogs: │          "withdraw_events": {
