07-09 06:04:11.598 32091 32206 D AnalyticsEventsLogger: │       "User Wallet ID": "D7B5E96687B156A771A9956CECC7A5A85FC6643B01ED6DD88826DC3F1C57FE6F",
07-09 06:04:11.598 32091 32206 D AnalyticsEventsLogger: │       "Currency": "Multicurrency"
07-09 06:04:11.598 32091 32206 D AnalyticsEventsLogger: │    }
07-09 06:04:11.598 32091 32206 D AnalyticsEventsLogger: │ }
07-09 06:04:11.598 32091 32206 D AnalyticsEventsLogger: └────────────────────────────────────────────────────────────────────────────────────────────────────────────────
07-09 06:04:11.600 32091 32175 W DefaultNetworksRepository: ┌────────────────────────────────────────────────────────────────────────────────────────────────────────────────
07-09 06:04:11.601 32091 32175 W DefaultNetworksRepository: │ Invalidate network cache key
07-09 06:04:11.601 32091 32175 W DefaultNetworksRepository: │ |- User wallet ID: UserWalletId(D7B...E6F)
07-09 06:04:11.601 32091 32175 W DefaultNetworksRepository: │ |- Network: ID(value=The-Open-Network)
07-09 06:04:11.601 32091 32175 W DefaultNetworksRepository: └────────────────────────────────────────────────────────────────────────────────────────────────────────────────
07-09 06:04:11.601 32091 32175 D DefaultCacheRegistry: ┌────────────────────────────────────────────────────────────────────────────────────────────────────────────────
07-09 06:04:11.601 32091 32175 D DefaultCacheRegistry: │ Invalidate the cache key: network_status_UserWalletId(D7B...E6F)_The-Open-Network_m/44'/607'/0'
07-09 06:04:11.601 32091 32175 D DefaultCacheRegistry: └────────────────────────────────────────────────────────────────────────────────────────────────────────────────
07-09 06:04:11.610 32091 32160 D DefaultCacheRegistry: ┌────────────────────────────────────────────────────────────────────────────────────────────────────────────────
07-09 06:04:11.610 32091 32160 D DefaultCacheRegistry: │ Invoke the action associated with the cache key: network_status_UserWalletId(D7B...E6F)_POLYGON_m/44'/60'/0'/0/0
07-09 06:04:11.610 32091 32160 D DefaultCacheRegistry: └────────────────────────────────────────────────────────────────────────────────────────────────────────────────
07-09 06:04:11.619 32091 32388 W NetworkLogs: ┌────── Request ────────────────────────────────────────────────────────────────────────
07-09 06:04:11.619 32091 32388 W NetworkLogs: │ URL: https://polygon-rpc.com/
07-09 06:04:11.619 32091 32388 W NetworkLogs: │ 
07-09 06:04:11.619 32091 32388 W NetworkLogs: │ Method: @POST
07-09 06:04:11.619 32091 32388 W NetworkLogs: │ 
07-09 06:04:11.620 32091 32388 W NetworkLogs: │ 
07-09 06:04:11.620 32091 32388 W NetworkLogs: │ 
07-09 06:04:11.620 32091 32388 W NetworkLogs: │ Body:
07-09 06:04:11.620 32091 32388 W NetworkLogs: │ {
07-09 06:04:11.620 32091 32388 W NetworkLogs: │    "method": "eth_getTransactionCount",
07-09 06:04:11.620 32091 32388 W NetworkLogs: │    "params": [
07-09 06:04:11.620 32091 32388 W NetworkLogs: │       "0xd34499A5fB04aE6877919977899635eeC403F563",
07-09 06:04:11.620 32091 32388 W NetworkLogs: │       "pending"
07-09 06:04:11.620 32091 32388 W NetworkLogs: │    ],
07-09 06:04:11.620 32091 32388 W NetworkLogs: │    "id": "67",
07-09 06:04:11.620 32091 32388 W NetworkLogs: │    "jsonrpc": "2.0"
07-09 06:04:11.620 32091 32388 W NetworkLogs: │ }
07-09 06:04:11.621 32091 32388 W NetworkLogs: │ 128-byte body
07-09 06:04:11.621 32091 32388 W NetworkLogs: └───────────────────────────────────────────────────────────────────────────────────────
07-09 06:04:11.622 32091 32388 I Chucker : Decoding with: com.chuckerteam.chucker.internal.support.PlainTextDecoder@df5fc1c
07-09 06:04:11.623 32091 32387 W NetworkLogs: ┌────── Request ────────────────────────────────────────────────────────────────────────
07-09 06:04:11.623 32091 32387 W NetworkLogs: │ URL: https://polygon-rpc.com/
07-09 06:04:11.623 32091 32387 W NetworkLogs: │ 
07-09 06:04:11.623 32091 32387 W NetworkLogs: │ Method: @POST
07-09 06:04:11.623 32091 32387 W NetworkLogs: │ 
07-09 06:04:11.623 32091 32387 W NetworkLogs: │ 
07-09 06:04:11.623 32091 32387 W NetworkLogs: │ 
07-09 06:04:11.623 32091 32387 W NetworkLogs: │ Body:
07-09 06:04:11.623 32091 32387 W NetworkLogs: │ {
07-09 06:04:11.623 32091 32387 W NetworkLogs: │    "method": "eth_getTransactionCount",
07-09 06:04:11.624 32091 32387 W NetworkLogs: │    "params": [
07-09 06:04:11.624 32091 32387 W NetworkLogs: │       "0xd34499A5fB04aE6877919977899635eeC403F563",
07-09 06:04:11.624 32091 32387 W NetworkLogs: │       "latest"
07-09 06:04:11.624 32091 32387 W NetworkLogs: │    ],
07-09 06:04:11.624 32091 32387 W NetworkLogs: │    "id": "67",
07-09 06:04:11.624 32091 32387 W NetworkLogs: │    "jsonrpc": "2.0"
07-09 06:04:11.624 32091 32387 W NetworkLogs: │ }
07-09 06:04:11.624 32091 32387 W NetworkLogs: │ 127-byte body
07-09 06:04:11.624 32091 32387 W NetworkLogs: └───────────────────────────────────────────────────────────────────────────────────────
07-09 06:04:11.625 32091 32387 I Chucker : Decoding with: com.chuckerteam.chucker.internal.support.PlainTextDecoder@df5fc1c
07-09 06:04:11.631 32091 32391 W NetworkLogs: ┌────── Request ────────────────────────────────────────────────────────────────────────
07-09 06:04:11.631 32091 32391 W NetworkLogs: │ URL: https://polygon-rpc.com/
07-09 06:04:11.631 32091 32391 W NetworkLogs: │ 
07-09 06:04:11.631 32091 32391 W NetworkLogs: │ Method: @POST
07-09 06:04:11.632 32091 32391 W NetworkLogs: │ 
07-09 06:04:11.632 32091 32391 W NetworkLogs: │ 
07-09 06:04:11.632 32091 32391 W NetworkLogs: │ 
07-09 06:04:11.632 32091 32391 W NetworkLogs: │ Body:
07-09 06:04:11.632 32091 32391 W NetworkLogs: │ {
07-09 06:04:11.632 32091 32391 W NetworkLogs: │    "method": "eth_getBalance",
07-09 06:04:11.632 32091 32391 W NetworkLogs: │    "params": [
07-09 06:04:11.632 32091 32391 W NetworkLogs: │       "0xd34499A5fB04aE6877919977899635eeC403F563",
07-09 06:04:11.632 32091 32391 W NetworkLogs: │       "latest"
07-09 06:04:11.632 32091 32391 W NetworkLogs: │    ],
07-09 06:04:11.633 32091 32391 W NetworkLogs: │    "id": "67",
07-09 06:04:11.633 32091 32391 W NetworkLogs: │    "jsonrpc": "2.0"
07-09 06:04:11.633 32091 32391 W NetworkLogs: │ }
07-09 06:04:11.633 32091 32391 W NetworkLogs: │ 118-byte body
07-09 06:04:11.633 32091 32391 W NetworkLogs: └───────────────────────────────────────────────────────────────────────────────────────
07-09 06:04:11.633 32091 32391 I Chucker : Decoding with: com.chuckerteam.chucker.internal.support.PlainTextDecoder@df5fc1c
07-09 06:04:11.663 32091 32310 I OpenGLRenderer: Davey! duration=9223333606530ms; Flags=0, FrameTimelineVsyncId=2140099, IntendedVsync=38430324041195, Vsync=38430340707861, InputEventId=0, HandleInputStart=38430350741015, AnimationStart=38430350744505, PerformTraversalsStart=38430359354817, DrawStart=38430359453099, FrameDeadline=38430357374527, FrameInterval=38430350731015, FrameStartTime=16666666, SyncQueued=38430363759713, SyncStart=38430363879349, IssueDrawCommandsStart=38430364228203, SwapBuffers=38430368187942, FrameCompleted=9223372036854775807, DequeueBufferDuration=23333, QueueBufferDuration=1300521, GpuCompleted=9223372036854775807, SwapBuffersCompleted=38430370253255, DisplayPresentTime=38421186655342, 
07-09 06:04:11.682 32091 32206 D AnalyticsEventsLogger: ┌────────────────────────────────────────────────────────────────────────────────────────────────────────────────
07-09 06:04:11.682 32091 32206 D AnalyticsEventsLogger: │ {
07-09 06:04:11.682 32091 32206 D AnalyticsEventsLogger: │    "client": "Amplitude",
07-09 06:04:11.682 32091 32206 D AnalyticsEventsLogger: │    "event": "[Basic] Balance Loaded",
07-09 06:04:11.682 32091 32206 D AnalyticsEventsLogger: │    "params": {
07-09 06:04:11.682 32091 32206 D AnalyticsEventsLogger: │       "Balance": "Blockchain Error",
07-09 06:04:11.687 32091 32206 D AnalyticsEventsLogger: │       "Tokens Count": "29",
07-09 06:04:11.687 32091 32206 D AnalyticsEventsLogger: │       "Batch": "AF24",
07-09 06:04:11.687 32091 32206 D AnalyticsEventsLogger: │       "Product Type": "Wallet 2.0",
07-09 06:04:11.687 32091 32206 D AnalyticsEventsLogger: │       "Firmware": "6.33r",
07-09 06:04:11.687 32091 32310 I OpenGLRenderer: Davey! duration=9223333606497ms; Flags=0, FrameTimelineVsyncId=2140102, IntendedVsync=38430357218796, Vsync=38430357218796, InputEventId=0, HandleInputStart=38430371314036, AnimationStart=38430371317786, PerformTraversalsStart=38430379207213, DrawStart=38430379300547, FrameDeadline=38430390552128, FrameInterval=38430371304297, FrameStartTime=16666666, SyncQueued=38430383469661, SyncStart=38430383739088, IssueDrawCommandsStart=38430384087057, SwapBuffers=38430387629349, FrameCompleted=9223372036854775807, DequeueBufferDuration=23333, QueueBufferDuration=1453594, GpuCompleted=9223372036854775807, SwapBuffersCompleted=38430389742526, DisplayPresentTime=38421203285550, 
07-09 06:04:11.687 32091 32206 D AnalyticsEventsLogger: │       "User Wallet ID": "D7B5E96687B156A771A9956CECC7A5A85FC6643B01ED6DD88826DC3F1C57FE6F",
07-09 06:04:11.687 32091 32206 D AnalyticsEventsLogger: │       "Currency": "Multicurrency"
07-09 06:04:11.687 32091 32206 D AnalyticsEventsLogger: │    }
07-09 06:04:11.687 32091 32206 D AnalyticsEventsLogger: │ }
07-09 06:04:11.688 32091 32206 D AnalyticsEventsLogger: └────────────────────────────────────────────────────────────────────────────────────────────────────────────────
07-09 06:04:11.689 32091 32206 D AnalyticsEventsLogger: ┌────────────────────────────────────────────────────────────────────────────────────────────────────────────────
07-09 06:04:11.689 32091 32206 D AnalyticsEventsLogger: │ {
07-09 06:04:11.689 32091 32206 D AnalyticsEventsLogger: │    "client": "Firebase",
07-09 06:04:11.689 32091 32206 D AnalyticsEventsLogger: │    "event": "[Basic] Balance Loaded",
07-09 06:04:11.689 32091 32206 D AnalyticsEventsLogger: │    "params": {
07-09 06:04:11.689 32091 32206 D AnalyticsEventsLogger: │       "Balance": "Blockchain Error",
07-09 06:04:11.689 32091 32206 D AnalyticsEventsLogger: │       "Tokens Count": "29",
07-09 06:04:11.689 32091 32206 D AnalyticsEventsLogger: │       "Batch": "AF24",
07-09 06:04:11.689 32091 32206 D AnalyticsEventsLogger: │       "Product Type": "Wallet 2.0",
07-09 06:04:11.689 32091 32206 D AnalyticsEventsLogger: │       "Firmware": "6.33r",
07-09 06:04:11.689 32091 32206 D AnalyticsEventsLogger: │       "User Wallet ID": "D7B5E96687B156A771A9956CECC7A5A85FC6643B01ED6DD88826DC3F1C57FE6F",
07-09 06:04:11.689 32091 32206 D AnalyticsEventsLogger: │       "Currency": "Multicurrency"
07-09 06:04:11.689 32091 32206 D AnalyticsEventsLogger: │    }
07-09 06:04:11.689 32091 32206 D AnalyticsEventsLogger: │ }
07-09 06:04:11.689 32091 32206 D AnalyticsEventsLogger: └────────────────────────────────────────────────────────────────────────────────────────────────────────────────
07-09 06:04:11.703 32091 32091 D WalletStateController: ┌────────────────────────────────────────────────────────────────────────────────────────────────────────────────
07-09 06:04:11.704 32091 32091 D WalletStateController: │ Applying: SetTokenListTransformer
07-09 06:04:11.704 32091 32091 D WalletStateController: └────────────────────────────────────────────────────────────────────────────────────────────────────────────────
07-09 06:04:11.713 32091 32310 I OpenGLRenderer: Davey! duration=9223333606480ms; Flags=0, FrameTimelineVsyncId=2140104, IntendedVsync=38430373883803, Vsync=38430390550469, InputEventId=0, HandleInputStart=38430403642265, AnimationStart=38430403646172, PerformTraversalsStart=38430411964817, DrawStart=38430412062682, FrameDeadline=38430407217135, FrameInterval=38430403630547, FrameStartTime=16666666, SyncQueued=38430416058932, SyncStart=38430416328307, IssueDrawCommandsStart=38430416672213, SwapBuffers=38430420442057, FrameCompleted=9223372036854775807, DequeueBufferDuration=23333, QueueBufferDuration=1272657, GpuCompleted=9223372036854775807, SwapBuffersCompleted=38430422363047, DisplayPresentTime=38421236571488, 
07-09 06:04:11.812  1395  1395 W NotificationHistory: Attempted to add notif for locked/gone/disabled user 0
07-09 06:04:11.818  2620  2620 D InterruptionStateProvider: No alerting: filtered notification: 0|com.tangem.wallet.debug|1138|null|10447
07-09 06:04:11.819  2620  2620 D InterruptionStateProvider: No alerting: filtered notification: 0|com.tangem.wallet.debug|1138|null|10447
07-09 06:04:11.822  2620  2717 D PeopleSpaceWidgetMgr: Sbn doesn't contain valid PeopleTileKey: null/0/com.tangem.wallet.debug
07-09 06:04:11.855  2620  2620 D InterruptionStateProvider: No alerting: filtered notification: 0|com.tangem.wallet.debug|1138|null|10447
07-09 06:04:11.856  2620  2620 D InterruptionStateProvider: No alerting: filtered notification: 0|com.tangem.wallet.debug|1138|null|10447
07-09 06:04:11.862  2620  2717 D PeopleSpaceWidgetMgr: Sbn doesn't contain valid PeopleTileKey: null/0/com.tangem.wallet.debug
07-09 06:04:11.881  1395  1395 W NotificationHistory: Attempted to add notif for locked/gone/disabled user 0
07-09 06:04:11.891   603 32052 I keystore2: keystore2::watchdog: Watchdog thread idle -> terminating. Have a great day.
07-09 06:04:11.896  1395  1395 W NotificationHistory: Attempted to add notif for locked/gone/disabled user 0
07-09 06:04:11.905  1395  1395 W NotificationHistory: Attempted to add notif for locked/gone/disabled user 0
07-09 06:04:11.914  2620  2620 D InterruptionStateProvider: No alerting: filtered notification: 0|com.tangem.wallet.debug|1138|null|10447
07-09 06:04:11.915  2620  2620 D InterruptionStateProvider: No alerting: filtered notification: 0|com.tangem.wallet.debug|1138|null|10447
07-09 06:04:11.921  2620  2717 D PeopleSpaceWidgetMgr: Sbn doesn't contain valid PeopleTileKey: null/0/com.tangem.wallet.debug
07-09 06:04:11.933  2620  2620 D InterruptionStateProvider: No alerting: filtered notification: 0|com.tangem.wallet.debug|1138|null|10447
07-09 06:04:11.934  2620  2620 D InterruptionStateProvider: No alerting: filtered notification: 0|com.tangem.wallet.debug|1138|null|10447
07-09 06:04:11.940  2620  2717 D PeopleSpaceWidgetMgr: Sbn doesn't contain valid PeopleTileKey: null/0/com.tangem.wallet.debug
07-09 06:04:11.943  2620  2620 D InterruptionStateProvider: No alerting: filtered notification: 0|com.tangem.wallet.debug|1138|null|10447
07-09 06:04:11.944  2620  2620 D InterruptionStateProvider: No alerting: filtered notification: 0|com.tangem.wallet.debug|1138|null|10447
07-09 06:04:11.950  2620  2717 D PeopleSpaceWidgetMgr: Sbn doesn't contain valid PeopleTileKey: null/0/com.tangem.wallet.debug
07-09 06:04:12.038 32091 32091 D WalletStateController: ┌────────────────────────────────────────────────────────────────────────────────────────────────────────────────
07-09 06:04:12.039 32091 32091 D WalletStateController: │ Applying: SetWarningsTransformer
07-09 06:04:12.039 32091 32091 D WalletStateController: └────────────────────────────────────────────────────────────────────────────────────────────────────────────────
07-09 06:04:12.178 32091 32206 D AnalyticsEventsLogger: ┌────────────────────────────────────────────────────────────────────────────────────────────────────────────────
07-09 06:04:12.178 32091 32206 D AnalyticsEventsLogger: │ {
07-09 06:04:12.178 32091 32206 D AnalyticsEventsLogger: │    "client": "Amplitude",
07-09 06:04:12.178 32091 32206 D AnalyticsEventsLogger: │    "event": "[Main Screen] Notice - Networks Unreachable",
07-09 06:04:12.178 32091 32206 D AnalyticsEventsLogger: │    "params": {
07-09 06:04:12.178 32091 32206 D AnalyticsEventsLogger: │       "Tokens": "TON, USDT",
07-09 06:04:12.178 32091 32206 D AnalyticsEventsLogger: │       "Batch": "AF24",
07-09 06:04:12.178 32091 32206 D AnalyticsEventsLogger: │       "Product Type": "Wallet 2.0",
07-09 06:04:12.178 32091 32206 D AnalyticsEventsLogger: │       "Firmware": "6.33r",
07-09 06:04:12.178 32091 32206 D AnalyticsEventsLogger: │       "User Wallet ID": "D7B5E96687B156A771A9956CECC7A5A85FC6643B01ED6DD88826DC3F1C57FE6F",
07-09 06:04:12.178 32091 32206 D AnalyticsEventsLogger: │       "Currency": "Multicurrency"
07-09 06:04:12.178 32091 32206 D AnalyticsEventsLogger: │    }
07-09 06:04:12.179 32091 32206 D AnalyticsEventsLogger: │ }
07-09 06:04:12.179 32091 32206 D AnalyticsEventsLogger: └────────────────────────────────────────────────────────────────────────────────────────────────────────────────
07-09 06:04:12.179 32091 32206 D AnalyticsEventsLogger: ┌────────────────────────────────────────────────────────────────────────────────────────────────────────────────
07-09 06:04:12.179 32091 32206 D AnalyticsEventsLogger: │ {
07-09 06:04:12.179 32091 32206 D AnalyticsEventsLogger: │    "client": "Firebase",
07-09 06:04:12.179 32091 32206 D AnalyticsEventsLogger: │    "event": "[Main Screen] Notice - Networks Unreachable",
07-09 06:04:12.179 32091 32206 D AnalyticsEventsLogger: │    "params": {
07-09 06:04:12.179 32091 32206 D AnalyticsEventsLogger: │       "Tokens": "TON, USDT",
07-09 06:04:12.179 32091 32206 D AnalyticsEventsLogger: │       "Batch": "AF24",
07-09 06:04:12.179 32091 32206 D AnalyticsEventsLogger: │       "Product Type": "Wallet 2.0",
07-09 06:04:12.179 32091 32206 D AnalyticsEventsLogger: │       "Firmware": "6.33r",
07-09 06:04:12.179 32091 32206 D AnalyticsEventsLogger: │       "User Wallet ID": "D7B5E96687B156A771A9956CECC7A5A85FC6643B01ED6DD88826DC3F1C57FE6F",
07-09 06:04:12.180 32091 32206 D AnalyticsEventsLogger: │       "Currency": "Multicurrency"
07-09 06:04:12.180 32091 32206 D AnalyticsEventsLogger: │    }
07-09 06:04:12.180 32091 32206 D AnalyticsEventsLogger: │ }
07-09 06:04:12.180 32091 32206 D AnalyticsEventsLogger: └────────────────────────────────────────────────────────────────────────────────────────────────────────────────
07-09 06:04:12.202 32091 32387 W NetworkLogs: ┌────── Response ───────────────────────────────────────────────────────────────────────
07-09 06:04:12.202 32091 32387 W NetworkLogs: │ URL: https://polygon-rpc.com/
07-09 06:04:12.202 32091 32387 W NetworkLogs: │ 
07-09 06:04:12.202 32091 32387 W NetworkLogs: │ / - [is success : true] - Received in: 573ms
07-09 06:04:12.202 32091 32387 W NetworkLogs: │ 
07-09 06:04:12.202 32091 32387 W NetworkLogs: │ Status Code: 200 / 
07-09 06:04:12.202 32091 32387 W NetworkLogs: │ 
07-09 06:04:12.202 32091 32387 W NetworkLogs: │ 
07-09 06:04:12.202 32091 32387 W NetworkLogs: │ 
07-09 06:04:12.202 32091 32387 W NetworkLogs: │ Body:
07-09 06:04:12.202 32091 32387 W NetworkLogs: │ {
07-09 06:04:12.202 32091 32387 W NetworkLogs: │    "id": "67",
07-09 06:04:12.203 32091 32387 W NetworkLogs: │    "jsonrpc": "2.0",
07-09 06:04:12.203 32091 32387 W NetworkLogs: │    "result": "0x1d"
07-09 06:04:12.203 32091 32387 W NetworkLogs: │ }
07-09 06:04:12.203 32091 32387 W NetworkLogs: └───────────────────────────────────────────────────────────────────────────────────────
07-09 06:04:12.203 32091 32388 W NetworkLogs: ┌────── Response ───────────────────────────────────────────────────────────────────────
07-09 06:04:12.203 32091 32388 W NetworkLogs: │ URL: https://polygon-rpc.com/
07-09 06:04:12.203 32091 32388 W NetworkLogs: │ 
07-09 06:04:12.203 32091 32388 W NetworkLogs: │ / - [is success : true] - Received in: 580ms
07-09 06:04:12.204 32091 32388 W NetworkLogs: │ 
07-09 06:04:12.204 32091 32388 W NetworkLogs: │ Status Code: 200 / 
07-09 06:04:12.204 32091 32388 W NetworkLogs: │ 
07-09 06:04:12.204 32091 32388 W NetworkLogs: │ 
07-09 06:04:12.204 32091 32388 W NetworkLogs: │ 
07-09 06:04:12.204 32091 32388 W NetworkLogs: │ Body:
07-09 06:04:12.204 32091 32388 W NetworkLogs: │ {
07-09 06:04:12.204 32091 32388 W NetworkLogs: │    "id": "67",
07-09 06:04:12.204 32091 32388 W NetworkLogs: │    "jsonrpc": "2.0",
07-09 06:04:12.204 32091 32388 W NetworkLogs: │    "result": "0x1d"
07-09 06:04:12.204 32091 32388 W NetworkLogs: │ }
07-09 06:04:12.204 32091 32388 W NetworkLogs: └───────────────────────────────────────────────────────────────────────────────────────
07-09 06:04:12.211 32091 32391 W NetworkLogs: ┌────── Response ───────────────────────────────────────────────────────────────────────
07-09 06:04:12.211 32091 32391 W NetworkLogs: │ URL: https://polygon-rpc.com/
07-09 06:04:12.211 32091 32391 W NetworkLogs: │ 
07-09 06:04:12.211 32091 32391 W NetworkLogs: │ / - [is success : true] - Received in: 576ms
07-09 06:04:12.211 32091 32391 W NetworkLogs: │ 
07-09 06:04:12.211 32091 32391 W NetworkLogs: │ Status Code: 200 / 
07-09 06:04:12.212 32091 32391 W NetworkLogs: │ 
07-09 06:04:12.212 32091 32391 W NetworkLogs: │ 
07-09 06:04:12.212 32091 32391 W NetworkLogs: │ 
07-09 06:04:12.212 32091 32391 W NetworkLogs: │ Body:
07-09 06:04:12.212 32091 32391 W NetworkLogs: │ {
07-09 06:04:12.212 32091 32391 W NetworkLogs: │    "id": "67",
07-09 06:04:12.212 32091 32391 W NetworkLogs: │    "jsonrpc": "2.0",
07-09 06:04:12.212 32091 32391 W NetworkLogs: │    "result": "0x3c2eaae5e726e1dd"
07-09 06:04:12.212 32091 32391 W NetworkLogs: │ }
07-09 06:04:12.212 32091 32391 W NetworkLogs: └───────────────────────────────────────────────────────────────────────────────────────
07-09 06:04:12.219 32091 32391 W NetworkLogs: ┌────── Request ────────────────────────────────────────────────────────────────────────
07-09 06:04:12.219 32091 32391 W NetworkLogs: │ URL: https://polygon-rpc.com/
07-09 06:04:12.219 32091 32391 W NetworkLogs: │ 
07-09 06:04:12.219 32091 32391 W NetworkLogs: │ Method: @POST
07-09 06:04:12.219 32091 32391 W NetworkLogs: │ 
07-09 06:04:12.219 32091 32391 W NetworkLogs: │ 
07-09 06:04:12.220 32091 32391 W NetworkLogs: │ 
07-09 06:04:12.220 32091 32391 W NetworkLogs: │ Body:
07-09 06:04:12.220 32091 32391 W NetworkLogs: │ {
07-09 06:04:12.220 32091 32391 W NetworkLogs: │    "method": "eth_call",
07-09 06:04:12.220 32091 32391 W NetworkLogs: │    "params": [
07-09 06:04:12.220 32091 32391 W NetworkLogs: │       {
07-09 06:04:12.220 32091 32391 W NetworkLogs: │          "to": "0xc2132d05d31c914a87c6611c10748aeb04b58e8f",
07-09 06:04:12.220 32091 32391 W NetworkLogs: │          "data": "0x70a08231000000000000000000000000d34499a5fb04ae6877919977899635eec403f563"
07-09 06:04:12.220 32091 32391 W NetworkLogs: │       },
07-09 06:04:12.220 32091 32391 W NetworkLogs: │       "latest"
07-09 06:04:12.220 32091 32391 W NetworkLogs: │    ],
07-09 06:04:12.220 32091 32391 W NetworkLogs: │    "id": "67",
07-09 06:04:12.220 32091 32391 W NetworkLogs: │    "jsonrpc": "2.0"
07-09 06:04:12.220 32091 32391 W NetworkLogs: │ }
07-09 06:04:12.220 32091 32391 W NetworkLogs: │ 203-byte body
07-09 06:04:12.220 32091 32391 W NetworkLogs: └───────────────────────────────────────────────────────────────────────────────────────
07-09 06:04:12.221 32091 32391 I Chucker : Decoding with: com.chuckerteam.chucker.internal.support.PlainTextDecoder@df5fc1c
07-09 06:04:12.222 32091 32388 W NetworkLogs: ┌────── Request ────────────────────────────────────────────────────────────────────────
07-09 06:04:12.222 32091 32388 W NetworkLogs: │ URL: https://polygon-rpc.com/
07-09 06:04:12.222 32091 32388 W NetworkLogs: │ 
07-09 06:04:12.222 32091 32388 W NetworkLogs: │ Method: @POST
07-09 06:04:12.223 32091 32388 W NetworkLogs: │ 
07-09 06:04:12.223 32091 32388 W NetworkLogs: │ 
07-09 06:04:12.223 32091 32388 W NetworkLogs: │ 
07-09 06:04:12.223 32091 32388 W NetworkLogs: │ Body:
07-09 06:04:12.223 32091 32388 W NetworkLogs: │ {
07-09 06:04:12.223 32091 32388 W NetworkLogs: │    "method": "eth_call",
07-09 06:04:12.223 32091 32388 W NetworkLogs: │    "params": [
07-09 06:04:12.223 32091 32388 W NetworkLogs: │       {
07-09 06:04:12.223 32091 32388 W NetworkLogs: │          "to": "0x3c499c542cef5e3811e1192ce70d8cc03d5c3359",
07-09 06:04:12.223 32091 32388 W NetworkLogs: │          "data": "0x70a08231000000000000000000000000d34499a5fb04ae6877919977899635eec403f563"
07-09 06:04:12.223 32091 32388 W NetworkLogs: │       },
07-09 06:04:12.223 32091 32388 W NetworkLogs: │       "latest"
07-09 06:04:12.223 32091 32388 W NetworkLogs: │    ],
07-09 06:04:12.223 32091 32388 W NetworkLogs: │    "id": "67",
07-09 06:04:12.223 32091 32388 W NetworkLogs: │    "jsonrpc": "2.0"
07-09 06:04:12.223 32091 32388 W NetworkLogs: │ }
07-09 06:04:12.223 32091 32388 W NetworkLogs: │ 203-byte body
07-09 06:04:12.223 32091 32388 W NetworkLogs: └───────────────────────────────────────────────────────────────────────────────────────
07-09 06:04:12.224 32091 32388 I Chucker : Decoding with: com.chuckerteam.chucker.internal.support.PlainTextDecoder@df5fc1c
07-09 06:04:12.262 32091 32310 I OpenGLRenderer: Davey! duration=9223333606063ms; Flags=0, FrameTimelineVsyncId=2140126, IntendedVsync=38430790551564, Vsync=38430890551560, InputEventId=0, HandleInputStart=38430899670390, AnimationStart=38430899673880, PerformTraversalsStart=38430922312473, DrawStart=38430922410442, FrameDeadline=38430823884896, FrameInterval=38430899659713, FrameStartTime=16666666, SyncQueued=38430942696484, SyncStart=38430942921432, IssueDrawCommandsStart=38430943804244, SwapBuffers=38430968112630, FrameCompleted=9223372036854775807, DequeueBufferDuration=29323, QueueBufferDuration=851511, GpuCompleted=9223372036854775807, SwapBuffersCompleted=38430969704817, DisplayPresentTime=38423270475966, 
07-09 06:04:12.263  3031 32063 I NearbyMediums: No BLE Fast/GATT advertisements found in the latest cycle.
07-09 06:04:12.279 32091 32310 I OpenGLRenderer: Davey! duration=9223333605947ms; Flags=0, FrameTimelineVsyncId=2140130, IntendedVsync=38430907115966, Vsync=38430940449298, InputEventId=0, HandleInputStart=38430948575130, AnimationStart=38430948578463, PerformTraversalsStart=38430968234661, DrawStart=38430968343723, FrameDeadline=38430940449298, FrameInterval=38430948563567, FrameStartTime=16666666, SyncQueued=38430981554192, SyncStart=38430981873984, IssueDrawCommandsStart=38430982243828, SwapBuffers=38430986577890, FrameCompleted=9223372036854775807, DequeueBufferDuration=22343, QueueBufferDuration=1069895, GpuCompleted=9223372036854775807, SwapBuffersCompleted=38430988215234, DisplayPresentTime=38423320842685, 
07-09 06:04:12.296  3031 32062 I NearbyConnections: Processing lost BlePeripheral BlePeripheral{advertisement=BleAdvertisement { version=2, socketVersion=2, isFast=true, serviceIdHash=null, data=[ 0x23 0x47 0x56 0x4f 0x57 0x11 0x32 0xe6 0x7e 0x13 0xd8 0xad 0x76 0x15 0x2b 0x88 0x23 0x7c 0x78 0x01 0x2f 0x21 0x7b ], deviceToken=[ 0x34 0x5a ], rxAdvertisement=null }, dctAdvertisement=null, address=null, psm=0, deviceToken=<ByteString@3e40c05 size=2 contents="4Z">, isSecondProfile=false, rxInstantConnectionAdv=null}.
07-09 06:04:12.297  3031 32062 I NearbyConnections: Lost BleEndpoint for BlePeripheral BlePeripheral{advertisement=BleAdvertisement { version=2, socketVersion=2, isFast=true, serviceIdHash=null, data=[ 0x23 0x47 0x56 0x4f 0x57 0x11 0x32 0xe6 0x7e 0x13 0xd8 0xad 0x76 0x15 0x2b 0x88 0x23 0x7c 0x78 0x01 0x2f 0x21 0x7b ], deviceToken=[ 0x34 0x5a ], rxAdvertisement=null }, dctAdvertisement=null, address=null, psm=0, deviceToken=<ByteString@3e40c05 size=2 contents="4Z">, isSecondProfile=false, rxInstantConnectionAdv=null} (with EndpointId GVOW and EndpointInfo [ 0x32 0xe6 0x7e 0x13 0xd8 0xad 0x76 0x15 0x2b 0x88 0x23 0x7c 0x78 0x01 0x2f 0x21 0x7b ]).
07-09 06:04:12.298  3031 32062 I NearbyConnections: ClientProxy(167351935) reporting onEndpointLost(GVOW)
07-09 06:04:12.299  3031 32062 I NearbySharing: NearbySharing Internal event EndpointLost(endpointId=GVOW)
07-09 06:04:12.307  1395  2417 E NotificationService: Package enqueue rate is 5.663589. Shedding 0|com.tangem.wallet.debug|1138|null|10447. package=com.tangem.wallet.debug
07-09 06:04:12.311 32091 32310 I OpenGLRenderer: Davey! duration=9223333605897ms; Flags=0, FrameTimelineVsyncId=2140132, IntendedVsync=38430957156851, Vsync=38430973823517, InputEventId=0, HandleInputStart=38430986811953, AnimationStart=38430986816067, PerformTraversalsStart=38431004967109, DrawStart=38431005077890, FrameDeadline=38430990490183, FrameInterval=38430986800650, FrameStartTime=16666666, SyncQueued=38431017580025, SyncStart=38431017856223, IssueDrawCommandsStart=38431018220911, SwapBuffers=38431021381171, FrameCompleted=9223372036854775807, DequeueBufferDuration=23073, QueueBufferDuration=1115573, GpuCompleted=9223372036854775807, SwapBuffersCompleted=38431023047734, DisplayPresentTime=38423420905237, 
07-09 06:04:12.413 32091 32103 I OpenGLRenderer: Davey! duration=9223333605780ms; Flags=0, FrameTimelineVsyncId=2140142, IntendedVsync=38431073942756, Vsync=38431073942756, InputEventId=0, HandleInputStart=38431090267057, AnimationStart=38431090270650, PerformTraversalsStart=38431099256536, DrawStart=38431099365286, FrameDeadline=38431107276088, FrameInterval=38431090256275, FrameStartTime=16666666, SyncQueued=38431112428775, SyncStart=38431112713307, IssueDrawCommandsStart=38431113082994, SwapBuffers=38431116177942, FrameCompleted=9223372036854775807, DequeueBufferDuration=24271, QueueBufferDuration=1082552, GpuCompleted=9223372036854775807, SwapBuffersCompleted=38431118171796, DisplayPresentTime=38423503866435, 
07-09 06:04:12.447 32091 32103 I OpenGLRenderer: Davey! duration=9223333605763ms; Flags=0, FrameTimelineVsyncId=2140143, IntendedVsync=38431090609841, Vsync=38431107276507, InputEventId=0, HandleInputStart=38431114434296, AnimationStart=38431114437734, PerformTraversalsStart=38431134138515, DrawStart=38431134245963, FrameDeadline=38431123943173, FrameInterval=38431114423046, FrameStartTime=16666666, SyncQueued=38431148072838, SyncStart=38431148358984, IssueDrawCommandsStart=38431148749296, SwapBuffers=38431151654557, FrameCompleted=9223372036854775807, DequeueBufferDuration=24166, QueueBufferDuration=1440365, GpuCompleted=9223372036854775807, SwapBuffersCompleted=38431153630130, DisplayPresentTime=38423587630237, 
07-09 06:04:12.492 32091 32391 W NetworkLogs: ┌────── Response ───────────────────────────────────────────────────────────────────────
07-09 06:04:12.493 32091 32391 W NetworkLogs: │ URL: https://polygon-rpc.com/
07-09 06:04:12.493 32091 32391 W NetworkLogs: │ 
07-09 06:04:12.493 32091 32391 W NetworkLogs: │ / - [is success : true] - Received in: 268ms
07-09 06:04:12.493 32091 32391 W NetworkLogs: │ 
07-09 06:04:12.493 32091 32391 W NetworkLogs: │ Status Code: 200 / 
07-09 06:04:12.493 32091 32391 W NetworkLogs: │ 
07-09 06:04:12.493 32091 32391 W NetworkLogs: │ 
07-09 06:04:12.493 32091 32391 W NetworkLogs: │ 
07-09 06:04:12.493 32091 32391 W NetworkLogs: │ Body:
07-09 06:04:12.493 32091 32391 W NetworkLogs: │ {
07-09 06:04:12.493 32091 32391 W NetworkLogs: │    "id": "67",
07-09 06:04:12.493 32091 32391 W NetworkLogs: │    "jsonrpc": "2.0",
07-09 06:04:12.494 32091 32391 W NetworkLogs: │    "result": "0x00000000000000000000000000000000000000000000000000000000000000c5"
07-09 06:04:12.494 32091 32391 W NetworkLogs: │ }
07-09 06:04:12.494 32091 32391 W NetworkLogs: └───────────────────────────────────────────────────────────────────────────────────────
07-09 06:04:12.494 32091 32388 W NetworkLogs: ┌────── Response ───────────────────────────────────────────────────────────────────────
07-09 06:04:12.494 32091 32388 W NetworkLogs: │ URL: https://polygon-rpc.com/
07-09 06:04:12.494 32091 32388 W NetworkLogs: │ 
07-09 06:04:12.494 32091 32388 W NetworkLogs: │ / - [is success : true] - Received in: 268ms
07-09 06:04:12.494 32091 32388 W NetworkLogs: │ 
07-09 06:04:12.494 32091 32388 W NetworkLogs: │ Status Code: 200 / 
07-09 06:04:12.494 32091 32388 W NetworkLogs: │ 
07-09 06:04:12.495 32091 32388 W NetworkLogs: │ 
07-09 06:04:12.495 32091 32388 W NetworkLogs: │ 
07-09 06:04:12.495 32091 32388 W NetworkLogs: │ Body:
07-09 06:04:12.495 32091 32388 W NetworkLogs: │ {
07-09 06:04:12.495 32091 32388 W NetworkLogs: │    "id": "67",
07-09 06:04:12.495 32091 32388 W NetworkLogs: │    "jsonrpc": "2.0",
07-09 06:04:12.495 32091 32388 W NetworkLogs: │    "result": "0x0000000000000000000000000000000000000000000000000000000000000000"
07-09 06:04:12.495 32091 32388 W NetworkLogs: │ }
07-09 06:04:12.495 32091 32388 W NetworkLogs: └───────────────────────────────────────────────────────────────────────────────────────
07-09 06:04:12.510  1091  3115 I vendor.qti.bluetooth@1.0-ibs_handler: ProcessIbsCmd: Received IBS_WAKE_IND: 0xFD
07-09 06:04:12.510  1091  3115 D vendor.qti.bluetooth@1.0-ibs_handler: SerialClockVote: vote for UART CLK ON
07-09 06:04:12.513  1091  3115 D vendor.qti.bluetooth@1.0-wake_lock: Acquire wakelock is acquired 
07-09 06:04:12.513  1091  3115 I vendor.qti.bluetooth@1.0-ibs_handler: ProcessIbsCmd: Writing IBS_WAKE_ACK
07-09 06:04:12.515  2629  3118 V bt_stack: [VERBOSE1:btm_ble_gap.cc(2650)] btm_ble_process_adv_addr: bda=c1:72:23:94:91:4b
07-09 06:04:12.515  2629  3118 V bt_stack: [VERBOSE1:btm_ble_gap.cc(2855)]  Waiting for scan response c1:72:23:94:91:4b
07-09 06:04:12.528 32091 32128 D DefaultCacheRegistry: ┌────────────────────────────────────────────────────────────────────────────────────────────────────────────────
07-09 06:04:12.528 32091 32128 D DefaultCacheRegistry: │ Invoke the action associated with the cache key: network_status_UserWalletId(D7B...E6F)_TRON_m/44'/195'/0'/0/0
07-09 06:04:12.528 32091 32128 D DefaultCacheRegistry: └────────────────────────────────────────────────────────────────────────────────────────────────────────────────
07-09 06:04:12.528 32091 32103 I OpenGLRenderer: Davey! duration=9223333605697ms; Flags=0, FrameTimelineVsyncId=2140150, IntendedVsync=38431157447088, Vsync=38431207447086, InputEventId=0, HandleInputStart=38431211798984, AnimationStart=38431211805963, PerformTraversalsStart=38431225598619, DrawStart=38431225712057, FrameDeadline=38431190780420, FrameInterval=38431211781588, FrameStartTime=16666666, SyncQueued=38431229899296, SyncStart=38431230097525, IssueDrawCommandsStart=38431230464036, SwapBuffers=38431233688723, FrameCompleted=9223372036854775807, DequeueBufferDuration=24531, QueueBufferDuration=1309791, GpuCompleted=9223372036854775807, SwapBuffersCompleted=38431235584244, DisplayPresentTime=38423770939299, 
07-09 06:04:12.542 32091 32401 W NetworkLogs: ┌────── Request ────────────────────────────────────────────────────────────────────────
07-09 06:04:12.542 32091 32401 W NetworkLogs: │ URL: https://api.trongrid.io/wallet/getaccount
07-09 06:04:12.542 32091 32401 W NetworkLogs: │ 
07-09 06:04:12.543 32091 32401 W NetworkLogs: │ Method: @POST
07-09 06:04:12.543 32091 32401 W NetworkLogs: │ 
07-09 06:04:12.543 32091 32401 W NetworkLogs: │ 
07-09 06:04:12.543 32091 32401 W NetworkLogs: │ 
07-09 06:04:12.543 32091 32401 W NetworkLogs: │ Body:
07-09 06:04:12.543 32091 32401 W NetworkLogs: │ {
07-09 06:04:12.543 32091 32401 W NetworkLogs: │    "address": "TEziZ1RKMtRN98EKRMzePUgqNhv52rv1wp",
07-09 06:04:12.543 32091 32401 W NetworkLogs: │    "visible": true
07-09 06:04:12.543 32091 32401 W NetworkLogs: │ }
07-09 06:04:12.543 32091 32401 W NetworkLogs: │ 63-byte body
07-09 06:04:12.543 32091 32401 W NetworkLogs: └───────────────────────────────────────────────────────────────────────────────────────
07-09 06:04:12.544 32091 32401 I Chucker : Decoding with: com.chuckerteam.chucker.internal.support.PlainTextDecoder@df5fc1c
07-09 06:04:12.545 32091 32402 W NetworkLogs: ┌────── Request ────────────────────────────────────────────────────────────────────────
07-09 06:04:12.545 32091 32402 W NetworkLogs: │ URL: https://api.trongrid.io/wallet/triggerconstantcontract
07-09 06:04:12.546 32091 32103 I OpenGLRenderer: Davey! duration=9223333605630ms; Flags=0, FrameTimelineVsyncId=2140153, IntendedVsync=38431224173320, Vsync=38431224173320, InputEventId=0, HandleInputStart=38431232464296, AnimationStart=38431232467786, PerformTraversalsStart=38431241549609, DrawStart=38431241663567, FrameDeadline=38431257506652, FrameInterval=38431232453880, FrameStartTime=16666666, SyncQueued=38431248131223, SyncStart=38431248420911, IssueDrawCommandsStart=38431248826015, SwapBuffers=38431252650494, FrameCompleted=9223372036854775807, DequeueBufferDuration=26770, QueueBufferDuration=983594, GpuCompleted=9223372036854775807, SwapBuffersCompleted=38431254226119, DisplayPresentTime=38423837667632, 
07-09 06:04:12.546 32091 32402 W NetworkLogs: │ 
07-09 06:04:12.546 32091 32402 W NetworkLogs: │ Method: @POST
07-09 06:04:12.546 32091 32402 W NetworkLogs: │ 
07-09 06:04:12.547 32091 32402 W NetworkLogs: │ 
07-09 06:04:12.547 32091 32402 W NetworkLogs: │ 
07-09 06:04:12.547 32091 32402 W NetworkLogs: │ Body:
07-09 06:04:12.547 32091 32402 W NetworkLogs: │ {
07-09 06:04:12.547 32091 32402 W NetworkLogs: │    "owner_address": "TEziZ1RKMtRN98EKRMzePUgqNhv52rv1wp",
07-09 06:04:12.547 32091 32402 W NetworkLogs: │    "contract_address": "TR7NHqjeKQxGTCi8q8ZY4pL8otSzgjLj6t",
07-09 06:04:12.547 32091 32402 W NetworkLogs: │    "function_selector": "balanceOf(address)",
07-09 06:04:12.547 32091 32402 W NetworkLogs: │    "parameter": "0000000000000000000000413721B6727B0A2BB5C34864D7E1E87BC478873B45",
07-09 06:04:12.547 32091 32402 W NetworkLogs: │    "visible": true
07-09 06:04:12.547 32091 32402 W NetworkLogs: │ }
07-09 06:04:12.547 32091 32402 W NetworkLogs: │ 245-byte body
07-09 06:04:12.547 32091 32402 W NetworkLogs: └───────────────────────────────────────────────────────────────────────────────────────
07-09 06:04:12.548 32091 32402 I Chucker : Decoding with: com.chuckerteam.chucker.internal.support.PlainTextDecoder@df5fc1c
07-09 06:04:12.554  1091  3115 I vendor.qti.bluetooth@1.0-ibs_handler: ProcessIbsCmd: Received IBS_SLEEP_IND: 0xFE
07-09 06:04:12.554  1091  3115 D vendor.qti.bluetooth@1.0-ibs_handler: SerialClockVote: vote for UART CLK OFF
07-09 06:04:12.651 32091 32206 D AnalyticsEventsLogger: ┌────────────────────────────────────────────────────────────────────────────────────────────────────────────────
07-09 06:04:12.652 32091 32206 D AnalyticsEventsLogger: │ {
07-09 06:04:12.652 32091 32206 D AnalyticsEventsLogger: │    "client": "Amplitude",
07-09 06:04:12.652 32091 32206 D AnalyticsEventsLogger: │    "event": "[Basic] Balance Loaded",
07-09 06:04:12.652 32091 32206 D AnalyticsEventsLogger: │    "params": {
07-09 06:04:12.652 32091 32206 D AnalyticsEventsLogger: │       "Balance": "Blockchain Error",
07-09 06:04:12.652 32091 32206 D AnalyticsEventsLogger: │       "Tokens Count": "29",
07-09 06:04:12.652 32091 32206 D AnalyticsEventsLogger: │       "Batch": "AF24",
07-09 06:04:12.652 32091 32206 D AnalyticsEventsLogger: │       "Product Type": "Wallet 2.0",
07-09 06:04:12.653 32091 32206 D AnalyticsEventsLogger: │       "Firmware": "6.33r",
07-09 06:04:12.653 32091 32206 D AnalyticsEventsLogger: │       "User Wallet ID": "D7B5E96687B156A771A9956CECC7A5A85FC6643B01ED6DD88826DC3F1C57FE6F",
07-09 06:04:12.653 32091 32206 D AnalyticsEventsLogger: │       "Currency": "Multicurrency"
07-09 06:04:12.653 32091 32206 D AnalyticsEventsLogger: │    }
07-09 06:04:12.653 32091 32206 D AnalyticsEventsLogger: │ }
07-09 06:04:12.653 32091 32206 D AnalyticsEventsLogger: └────────────────────────────────────────────────────────────────────────────────────────────────────────────────
07-09 06:04:12.656 32091 32206 D AnalyticsEventsLogger: ┌────────────────────────────────────────────────────────────────────────────────────────────────────────────────
07-09 06:04:12.657 32091 32206 D AnalyticsEventsLogger: │ {
07-09 06:04:12.657 32091 32206 D AnalyticsEventsLogger: │    "client": "Firebase",
07-09 06:04:12.657 32091 32206 D AnalyticsEventsLogger: │    "event": "[Basic] Balance Loaded",
07-09 06:04:12.657 32091 32206 D AnalyticsEventsLogger: │    "params": {
07-09 06:04:12.657 32091 32206 D AnalyticsEventsLogger: │       "Balance": "Blockchain Error",
07-09 06:04:12.657 32091 32206 D AnalyticsEventsLogger: │       "Tokens Count": "29",
07-09 06:04:12.657 32091 32206 D AnalyticsEventsLogger: │       "Batch": "AF24",
07-09 06:04:12.657 32091 32206 D AnalyticsEventsLogger: │       "Product Type": "Wallet 2.0",
07-09 06:04:12.658 32091 32206 D AnalyticsEventsLogger: │       "Firmware": "6.33r",
07-09 06:04:12.658 32091 32206 D AnalyticsEventsLogger: │       "User Wallet ID": "D7B5E96687B156A771A9956CECC7A5A85FC6643B01ED6DD88826DC3F1C57FE6F",
07-09 06:04:12.658 32091 32206 D AnalyticsEventsLogger: │       "Currency": "Multicurrency"
07-09 06:04:12.658 32091 32206 D AnalyticsEventsLogger: │    }
07-09 06:04:12.658 32091 32206 D AnalyticsEventsLogger: │ }
07-09 06:04:12.658 32091 32206 D AnalyticsEventsLogger: └────────────────────────────────────────────────────────────────────────────────────────────────────────────────
07-09 06:04:12.659 32091 32091 D WalletStateController: ┌────────────────────────────────────────────────────────────────────────────────────────────────────────────────
07-09 06:04:12.659 32091 32091 D WalletStateController: │ Applying: SetTokenListTransformer
07-09 06:04:12.659 32091 32091 D WalletStateController: └────────────────────────────────────────────────────────────────────────────────────────────────────────────────
07-09 06:04:12.704  1091  3012 D vendor.qti.bluetooth@1.0-wake_lock: Release wakelock is released 
07-09 06:04:12.749  1395  1395 W NotificationHistory: Attempted to add notif for locked/gone/disabled user 0
07-09 06:04:12.764  2620  2620 D InterruptionStateProvider: No alerting: filtered notification: 0|com.tangem.wallet.debug|1138|null|10447
07-09 06:04:12.766  2620  2620 D InterruptionStateProvider: No alerting: filtered notification: 0|com.tangem.wallet.debug|1138|null|10447
07-09 06:04:12.771  2620  2717 D PeopleSpaceWidgetMgr: Sbn doesn't contain valid PeopleTileKey: null/0/com.tangem.wallet.debug
07-09 06:04:12.786  2620  2620 D InterruptionStateProvider: No alerting: filtered notification: 0|com.tangem.wallet.debug|1138|null|10447
07-09 06:04:12.787  2620  2620 D InterruptionStateProvider: No alerting: filtered notification: 0|com.tangem.wallet.debug|1138|null|10447
07-09 06:04:12.793  2620  2717 D PeopleSpaceWidgetMgr: Sbn doesn't contain valid PeopleTileKey: null/0/com.tangem.wallet.debug
07-09 06:04:12.813  1395  1395 W NotificationHistory: Attempted to add notif for locked/gone/disabled user 0
07-09 06:04:12.820  1395  1395 W NotificationHistory: Attempted to add notif for locked/gone/disabled user 0
07-09 06:04:12.825  2620  2620 D InterruptionStateProvider: No alerting: filtered notification: 0|com.tangem.wallet.debug|1138|null|10447
07-09 06:04:12.826  2620  2620 D InterruptionStateProvider: No alerting: filtered notification: 0|com.tangem.wallet.debug|1138|null|10447
07-09 06:04:12.832  2620  2717 D PeopleSpaceWidgetMgr: Sbn doesn't contain valid PeopleTileKey: null/0/com.tangem.wallet.debug
07-09 06:04:12.850  2620  2620 D InterruptionStateProvider: No alerting: filtered notification: 0|com.tangem.wallet.debug|1138|null|10447
07-09 06:04:12.851  2620  2620 D InterruptionStateProvider: No alerting: filtered notification: 0|com.tangem.wallet.debug|1138|null|10447
07-09 06:04:12.856  2620  2717 D PeopleSpaceWidgetMgr: Sbn doesn't contain valid PeopleTileKey: null/0/com.tangem.wallet.debug
07-09 06:04:12.863 32091 32091 D WalletStateController: ┌────────────────────────────────────────────────────────────────────────────────────────────────────────────────
07-09 06:04:12.863 32091 32091 D WalletStateController: │ Applying: SetWarningsTransformer
07-09 06:04:12.863 32091 32091 D WalletStateController: └────────────────────────────────────────────────────────────────────────────────────────────────────────────────
07-09 06:04:12.929  3600  3600 W ThreadPoolForeg: type=1400 audit(0.0:15702): avc: denied { write } for name="traced_producer" dev="tmpfs" ino=21137 scontext=u:r:gmscore_app:s0:c512,c768 tcontext=u:object_r:traced_producer_socket:s0 tclass=sock_file permissive=0 app=com.google.android.gms
07-09 06:04:12.981 32091 32206 D AnalyticsEventsLogger: ┌────────────────────────────────────────────────────────────────────────────────────────────────────────────────
07-09 06:04:12.981 32091 32206 D AnalyticsEventsLogger: │ {
07-09 06:04:12.981 32091 32206 D AnalyticsEventsLogger: │    "client": "Amplitude",
07-09 06:04:12.981 32091 32206 D AnalyticsEventsLogger: │    "event": "[Main Screen] Notice - Networks Unreachable",
07-09 06:04:12.981 32091 32206 D AnalyticsEventsLogger: │    "params": {
07-09 06:04:12.981 32091 32206 D AnalyticsEventsLogger: │       "Tokens": "TON, USDT",
07-09 06:04:12.981 32091 32206 D AnalyticsEventsLogger: │       "Batch": "AF24",
07-09 06:04:12.981 32091 32206 D AnalyticsEventsLogger: │       "Product Type": "Wallet 2.0",
07-09 06:04:12.982 32091 32206 D AnalyticsEventsLogger: │       "Firmware": "6.33r",
07-09 06:04:12.982 32091 32206 D AnalyticsEventsLogger: │       "User Wallet ID": "D7B5E96687B156A771A9956CECC7A5A85FC6643B01ED6DD88826DC3F1C57FE6F",
07-09 06:04:12.982 32091 32206 D AnalyticsEventsLogger: │       "Currency": "Multicurrency"
07-09 06:04:12.982 32091 32206 D AnalyticsEventsLogger: │    }
07-09 06:04:12.982 32091 32206 D AnalyticsEventsLogger: │ }
07-09 06:04:12.982 32091 32206 D AnalyticsEventsLogger: └────────────────────────────────────────────────────────────────────────────────────────────────────────────────
07-09 06:04:12.982 32091 32206 D AnalyticsEventsLogger: ┌────────────────────────────────────────────────────────────────────────────────────────────────────────────────
07-09 06:04:12.983 32091 32206 D AnalyticsEventsLogger: │ {
07-09 06:04:12.983 32091 32206 D AnalyticsEventsLogger: │    "client": "Firebase",
07-09 06:04:12.983 32091 32206 D AnalyticsEventsLogger: │    "event": "[Main Screen] Notice - Networks Unreachable",
07-09 06:04:12.983 32091 32206 D AnalyticsEventsLogger: │    "params": {
07-09 06:04:12.983 32091 32206 D AnalyticsEventsLogger: │       "Tokens": "TON, USDT",
07-09 06:04:12.983 32091 32206 D AnalyticsEventsLogger: │       "Batch": "AF24",
07-09 06:04:12.983 32091 32206 D AnalyticsEventsLogger: │       "Product Type": "Wallet 2.0",
07-09 06:04:12.983 32091 32206 D AnalyticsEventsLogger: │       "Firmware": "6.33r",
07-09 06:04:12.983 32091 32206 D AnalyticsEventsLogger: │       "User Wallet ID": "D7B5E96687B156A771A9956CECC7A5A85FC6643B01ED6DD88826DC3F1C57FE6F",
07-09 06:04:12.983 32091 32206 D AnalyticsEventsLogger: │       "Currency": "Multicurrency"
07-09 06:04:12.983 32091 32206 D AnalyticsEventsLogger: │    }
07-09 06:04:12.983 32091 32206 D AnalyticsEventsLogger: │ }
07-09 06:04:12.983 32091 32206 D AnalyticsEventsLogger: └────────────────────────────────────────────────────────────────────────────────────────────────────────────────
07-09 06:04:13.332 32091 32401 W NetworkLogs: ┌────── Response ───────────────────────────────────────────────────────────────────────
07-09 06:04:13.332 32091 32401 W NetworkLogs: │ URL: https://api.trongrid.io/wallet/getaccount
07-09 06:04:13.333 32091 32401 W NetworkLogs: │ 
07-09 06:04:13.333 32091 32401 W NetworkLogs: │ /wallet/getaccount - [is success : true] - Received in: 786ms
07-09 06:04:13.333 32091 32401 W NetworkLogs: │ 
07-09 06:04:13.333 32091 32401 W NetworkLogs: │ Status Code: 200 / 
07-09 06:04:13.333 32091 32401 W NetworkLogs: │ 
07-09 06:04:13.333 32091 32401 W NetworkLogs: │ 
07-09 06:04:13.333 32091 32401 W NetworkLogs: │ 
07-09 06:04:13.333 32091 32401 W NetworkLogs: │ Body:
07-09 06:04:13.333 32091 32401 W NetworkLogs: │ {}
07-09 06:04:13.333 32091 32401 W NetworkLogs: └───────────────────────────────────────────────────────────────────────────────────────
07-09 06:04:13.348 32091 32402 W NetworkLogs: ┌────── Response ───────────────────────────────────────────────────────────────────────
07-09 06:04:13.348 32091 32402 W NetworkLogs: │ URL: https://api.trongrid.io/wallet/triggerconstantcontract
07-09 06:04:13.348 32091 32402 W NetworkLogs: │ 
07-09 06:04:13.348 32091 32402 W NetworkLogs: │ /wallet/triggerconstantcontract - [is success : true] - Received in: 789ms
07-09 06:04:13.348 32091 32402 W NetworkLogs: │ 
07-09 06:04:13.348 32091 32402 W NetworkLogs: │ Status Code: 200 / 
07-09 06:04:13.348 32091 32402 W NetworkLogs: │ 
07-09 06:04:13.348 32091 32402 W NetworkLogs: │ 
07-09 06:04:13.348 32091 32402 W NetworkLogs: │ 
07-09 06:04:13.348 32091 32402 W NetworkLogs: │ Body:
07-09 06:04:13.348 32091 32402 W NetworkLogs: │ {
07-09 06:04:13.348 32091 32402 W NetworkLogs: │    "result": {
07-09 06:04:13.349 32091 32402 W NetworkLogs: │       "result": true
07-09 06:04:13.349 32091 32402 W NetworkLogs: │    },
07-09 06:04:13.349 32091 32402 W NetworkLogs: │    "energy_used": 4062,
07-09 06:04:13.349 32091 32402 W NetworkLogs: │    "constant_result": [
07-09 06:04:13.349 32091 32402 W NetworkLogs: │       "0000000000000000000000000000000000000000000000000000000000000000"
07-09 06:04:13.349 32091 32402 W NetworkLogs: │    ],
07-09 06:04:13.349 32091 32402 W NetworkLogs: │    "energy_penalty": 3127,
07-09 06:04:13.349 32091 32402 W NetworkLogs: │    "transaction": {
07-09 06:04:13.349 32091 32402 W NetworkLogs: │       "ret": [
07-09 06:04:13.349 32091 32402 W NetworkLogs: │          {}
07-09 06:04:13.350 32091 32402 W NetworkLogs: │       ],
07-09 06:04:13.350 32091 32402 W NetworkLogs: │       "visible": true,
07-09 06:04:13.350 32091 32402 W NetworkLogs: │       "txID": "c021b4f38ad402b94b6e4fa35f28d388d2a40e0c9f5f1bf6effe1e1981d73a19",
07-09 06:04:13.350 32091 32402 W NetworkLogs: │       "raw_data": {
07-09 06:04:13.350 32091 32402 W NetworkLogs: │          "contract": [
07-09 06:04:13.350 32091 32402 W NetworkLogs: │             {
07-09 06:04:13.350 32091 32402 W NetworkLogs: │                "parameter": {
07-09 06:04:13.350 32091 32402 W NetworkLogs: │                   "value": {
07-09 06:04:13.350 32091 32402 W NetworkLogs: │                      "data": "70a082310000000000000000000000413721b6727b0a2bb5c34864d7e1e87bc478873b45",
07-09 06:04:13.350 32091 32402 W NetworkLogs: │                      "owner_address": "TEziZ1RKMtRN98EKRMzePUgqNhv52rv1wp",
07-09 06:04:13.351 32091 32402 W NetworkLogs: │                      "contract_address": "TR7NHqjeKQxGTCi8q8ZY4pL8otSzgjLj6t"
