07-09 06:04:17.714 32091 32091 D USDTRecovery: Signing JSON-compatible hash...
07-09 06:04:17.716 32091 32091 D USDTRecovery: Hash: df2aa3e557bfb3a32fca62f2cad25f1dc713dcb756e2b13e6934f7a84cb2b5ed
07-09 06:04:17.716 32091 32091 D USDTRecovery: 
07-09 06:04:17.722 32091 32149 D DefaultCacheRegistry: ┌────────────────────────────────────────────────────────────────────────────────────────────────────────────────
07-09 06:04:17.722 32091 32149 D DefaultCacheRegistry: │ Invoke the action associated with the cache key: network_status_UserWalletId(D7B...E6F)_core_m/44'/60'/0'/0/0
07-09 06:04:17.722 32091 32149 D DefaultCacheRegistry: └────────────────────────────────────────────────────────────────────────────────────────────────────────────────
07-09 06:04:17.725 32091 32091 V DefaultEncryptionProtocol: ┌────────────────────────────────────────────────────────────────────────────────────────────────────────────────
07-09 06:04:17.725 32091 32091 V DefaultEncryptionProtocol: │ decrypt took 3 ms
07-09 06:04:17.725 32091 32091 V DefaultEncryptionProtocol: └────────────────────────────────────────────────────────────────────────────────────────────────────────────────
07-09 06:04:17.729 32091 32091 V DefaultEncryptionProtocol: ┌────────────────────────────────────────────────────────────────────────────────────────────────────────────────
07-09 06:04:17.729 32091 32091 V DefaultEncryptionProtocol: │ decrypt took 3 ms
07-09 06:04:17.729 32091 32091 V DefaultEncryptionProtocol: └────────────────────────────────────────────────────────────────────────────────────────────────────────────────
07-09 06:04:17.729 32091 32461 W NetworkLogs: ┌────── Request ────────────────────────────────────────────────────────────────────────
07-09 06:04:17.729 32091 32461 W NetworkLogs: │ URL: https://rpc.ankr.com/core/
07-09 06:04:17.730 32091 32461 W NetworkLogs: │ 
07-09 06:04:17.730 32091 32462 W NetworkLogs: ┌────── Request ────────────────────────────────────────────────────────────────────────
07-09 06:04:17.730 32091 32461 W NetworkLogs: │ Method: @POST
07-09 06:04:17.730 32091 32462 W NetworkLogs: │ URL: https://rpc.ankr.com/core/
07-09 06:04:17.730 32091 32461 W NetworkLogs: │ 
07-09 06:04:17.730 32091 32462 W NetworkLogs: │ 
07-09 06:04:17.730 32091 32461 W NetworkLogs: │ 
07-09 06:04:17.730 32091 32462 W NetworkLogs: │ Method: @POST
07-09 06:04:17.730 32091 32462 W NetworkLogs: │ 
07-09 06:04:17.730 32091 32462 W NetworkLogs: │ 
07-09 06:04:17.730 32091 32462 W NetworkLogs: │ 
07-09 06:04:17.730 32091 32462 W NetworkLogs: │ Body:
07-09 06:04:17.730 32091 32462 W NetworkLogs: │ {
07-09 06:04:17.730 32091 32462 W NetworkLogs: │    "method": "eth_getTransactionCount",
07-09 06:04:17.730 32091 32462 W NetworkLogs: │    "params": [
07-09 06:04:17.730 32091 32462 W NetworkLogs: │       "0xd34499A5fB04aE6877919977899635eeC403F563",
07-09 06:04:17.730 32091 32462 W NetworkLogs: │       "pending"
07-09 06:04:17.730 32091 32462 W NetworkLogs: │    ],
07-09 06:04:17.731 32091 32462 W NetworkLogs: │    "id": "67",
07-09 06:04:17.731 32091 32462 W NetworkLogs: │    "jsonrpc": "2.0"
07-09 06:04:17.731 32091 32462 W NetworkLogs: │ }
07-09 06:04:17.731 32091 32462 W NetworkLogs: │ 128-byte body
07-09 06:04:17.731 32091 32461 W NetworkLogs: │ 
07-09 06:04:17.731 32091 32462 W NetworkLogs: └───────────────────────────────────────────────────────────────────────────────────────
07-09 06:04:17.731 32091 32463 W NetworkLogs: ┌────── Request ────────────────────────────────────────────────────────────────────────
07-09 06:04:17.731 32091 32461 W NetworkLogs: │ Body:
07-09 06:04:17.731 32091 32461 W NetworkLogs: │ {
07-09 06:04:17.731 32091 32463 W NetworkLogs: │ URL: https://rpc.ankr.com/core/
07-09 06:04:17.731 32091 32461 W NetworkLogs: │    "method": "eth_getBalance",
07-09 06:04:17.731 32091 32463 W NetworkLogs: │ 
07-09 06:04:17.731 32091 32461 W NetworkLogs: │    "params": [
07-09 06:04:17.731 32091 32461 W NetworkLogs: │       "0xd34499A5fB04aE6877919977899635eeC403F563",
07-09 06:04:17.731 32091 32461 W NetworkLogs: │       "latest"
07-09 06:04:17.731 32091 32463 W NetworkLogs: │ Method: @POST
07-09 06:04:17.731 32091 32461 W NetworkLogs: │    ],
07-09 06:04:17.731 32091 32463 W NetworkLogs: │ 
07-09 06:04:17.731 32091 32461 W NetworkLogs: │    "id": "67",
07-09 06:04:17.731 32091 32463 W NetworkLogs: │ 
07-09 06:04:17.731 32091 32461 W NetworkLogs: │    "jsonrpc": "2.0"
07-09 06:04:17.731 32091 32461 W NetworkLogs: │ }
07-09 06:04:17.731 32091 32463 W NetworkLogs: │ 
07-09 06:04:17.731 32091 32461 W NetworkLogs: │ 118-byte body
07-09 06:04:17.731 32091 32463 W NetworkLogs: │ Body:
07-09 06:04:17.731 32091 32461 W NetworkLogs: └───────────────────────────────────────────────────────────────────────────────────────
07-09 06:04:17.731 32091 32463 W NetworkLogs: │ {
07-09 06:04:17.731 32091 32463 W NetworkLogs: │    "method": "eth_getTransactionCount",
07-09 06:04:17.731 32091 32463 W NetworkLogs: │    "params": [
07-09 06:04:17.731 32091 32463 W NetworkLogs: │       "0xd34499A5fB04aE6877919977899635eeC403F563",
07-09 06:04:17.732 32091 32463 W NetworkLogs: │       "latest"
07-09 06:04:17.732 32091 32463 W NetworkLogs: │    ],
07-09 06:04:17.732 32091 32462 I Chucker : Decoding with: com.chuckerteam.chucker.internal.support.PlainTextDecoder@df5fc1c
07-09 06:04:17.732 32091 32463 W NetworkLogs: │    "id": "67",
07-09 06:04:17.732 32091 32463 W NetworkLogs: │    "jsonrpc": "2.0"
07-09 06:04:17.732 32091 32461 I Chucker : Decoding with: com.chuckerteam.chucker.internal.support.PlainTextDecoder@df5fc1c
07-09 06:04:17.732 32091 32463 W NetworkLogs: │ }
07-09 06:04:17.732 32091 32463 W NetworkLogs: │ 127-byte body
07-09 06:04:17.732 32091 32463 W NetworkLogs: └───────────────────────────────────────────────────────────────────────────────────────
07-09 06:04:17.733 32091 32463 I Chucker : Decoding with: com.chuckerteam.chucker.internal.support.PlainTextDecoder@df5fc1c
07-09 06:04:17.771 32091 32160 V DefaultEncryptionProtocol: ┌────────────────────────────────────────────────────────────────────────────────────────────────────────────────
07-09 06:04:17.771 32091 32160 V DefaultEncryptionProtocol: │ decrypt took 3 ms
07-09 06:04:17.771 32091 32160 V DefaultEncryptionProtocol: └────────────────────────────────────────────────────────────────────────────────────────────────────────────────
07-09 06:04:17.787 32091 32177 V DefaultEncryptionProtocol: ┌────────────────────────────────────────────────────────────────────────────────────────────────────────────────
07-09 06:04:17.787 32091 32177 V DefaultEncryptionProtocol: │ decrypt took 2 ms
07-09 06:04:17.787 32091 32177 V DefaultEncryptionProtocol: └────────────────────────────────────────────────────────────────────────────────────────────────────────────────
07-09 06:04:17.789 32091 32206 D AnalyticsEventsLogger: ┌────────────────────────────────────────────────────────────────────────────────────────────────────────────────
07-09 06:04:17.790 32091 32206 D AnalyticsEventsLogger: │ {
07-09 06:04:17.790 32091 32206 D AnalyticsEventsLogger: │    "client": "Amplitude",
07-09 06:04:17.790 32091 32206 D AnalyticsEventsLogger: │    "event": "[Basic] Balance Loaded",
07-09 06:04:17.790 32091 32206 D AnalyticsEventsLogger: │    "params": {
07-09 06:04:17.790 32091 32206 D AnalyticsEventsLogger: │       "Balance": "Blockchain Error",
07-09 06:04:17.790 32091 32206 D AnalyticsEventsLogger: │       "Tokens Count": "29",
07-09 06:04:17.790 32091 32206 D AnalyticsEventsLogger: │       "Batch": "AF24",
07-09 06:04:17.790 32091 32206 D AnalyticsEventsLogger: │       "Product Type": "Wallet 2.0",
07-09 06:04:17.790 32091 32206 D AnalyticsEventsLogger: │       "Firmware": "6.33r",
07-09 06:04:17.790 32091 32206 D AnalyticsEventsLogger: │       "User Wallet ID": "D7B5E96687B156A771A9956CECC7A5A85FC6643B01ED6DD88826DC3F1C57FE6F",
07-09 06:04:17.790 32091 32206 D AnalyticsEventsLogger: │       "Currency": "Multicurrency"
07-09 06:04:17.790 32091 32206 D AnalyticsEventsLogger: │    }
07-09 06:04:17.790 32091 32206 D AnalyticsEventsLogger: │ }
07-09 06:04:17.790 32091 32206 D AnalyticsEventsLogger: └────────────────────────────────────────────────────────────────────────────────────────────────────────────────
07-09 06:04:17.791 32091 32206 D AnalyticsEventsLogger: ┌────────────────────────────────────────────────────────────────────────────────────────────────────────────────
07-09 06:04:17.791 32091 32206 D AnalyticsEventsLogger: │ {
07-09 06:04:17.791 32091 32206 D AnalyticsEventsLogger: │    "client": "Firebase",
07-09 06:04:17.791 32091 32206 D AnalyticsEventsLogger: │    "event": "[Basic] Balance Loaded",
07-09 06:04:17.791 32091 32206 D AnalyticsEventsLogger: │    "params": {
07-09 06:04:17.791 32091 32206 D AnalyticsEventsLogger: │       "Balance": "Blockchain Error",
07-09 06:04:17.791 32091 32206 D AnalyticsEventsLogger: │       "Tokens Count": "29",
07-09 06:04:17.791 32091 32206 D AnalyticsEventsLogger: │       "Batch": "AF24",
07-09 06:04:17.791 32091 32206 D AnalyticsEventsLogger: │       "Product Type": "Wallet 2.0",
07-09 06:04:17.791 32091 32206 D AnalyticsEventsLogger: │       "Firmware": "6.33r",
07-09 06:04:17.791 32091 32206 D AnalyticsEventsLogger: │       "User Wallet ID": "D7B5E96687B156A771A9956CECC7A5A85FC6643B01ED6DD88826DC3F1C57FE6F",
07-09 06:04:17.791 32091 32206 D AnalyticsEventsLogger: │       "Currency": "Multicurrency"
07-09 06:04:17.791 32091 32206 D AnalyticsEventsLogger: │    }
07-09 06:04:17.791 32091 32206 D AnalyticsEventsLogger: │ }
07-09 06:04:17.791 32091 32206 D AnalyticsEventsLogger: └────────────────────────────────────────────────────────────────────────────────────────────────────────────────
07-09 06:04:17.791 32091 32177 V DefaultEncryptionProtocol: ┌────────────────────────────────────────────────────────────────────────────────────────────────────────────────
07-09 06:04:17.791 32091 32177 V DefaultEncryptionProtocol: │ decrypt took 2 ms
07-09 06:04:17.792 32091 32177 V DefaultEncryptionProtocol: └────────────────────────────────────────────────────────────────────────────────────────────────────────────────
07-09 06:04:17.793 32091 32091 D WalletStateController: ┌────────────────────────────────────────────────────────────────────────────────────────────────────────────────
07-09 06:04:17.793 32091 32091 D WalletStateController: │ Applying: SetTokenListTransformer
07-09 06:04:17.793 32091 32091 D WalletStateController: └────────────────────────────────────────────────────────────────────────────────────────────────────────────────
07-09 06:04:17.796 32091 32177 V DefaultEncryptionProtocol: ┌────────────────────────────────────────────────────────────────────────────────────────────────────────────────
07-09 06:04:17.796 32091 32177 V DefaultEncryptionProtocol: │ decrypt took 4 ms
07-09 06:04:17.796 32091 32177 V DefaultEncryptionProtocol: └────────────────────────────────────────────────────────────────────────────────────────────────────────────────
07-09 06:04:17.961  1395  1395 W NotificationHistory: Attempted to add notif for locked/gone/disabled user 0
07-09 06:04:17.976  2620  2620 D InterruptionStateProvider: No alerting: filtered notification: 0|com.tangem.wallet.debug|1138|null|10447
07-09 06:04:17.977  2620  2620 D InterruptionStateProvider: No alerting: filtered notification: 0|com.tangem.wallet.debug|1138|null|10447
07-09 06:04:17.980 32091 32091 D WalletStateController: ┌────────────────────────────────────────────────────────────────────────────────────────────────────────────────
07-09 06:04:17.981 32091 32091 D WalletStateController: │ Applying: SetWarningsTransformer
07-09 06:04:17.981 32091 32091 D WalletStateController: └────────────────────────────────────────────────────────────────────────────────────────────────────────────────
07-09 06:04:17.981  2620  2717 D PeopleSpaceWidgetMgr: Sbn doesn't contain valid PeopleTileKey: null/0/com.tangem.wallet.debug
07-09 06:04:17.982 32091 32103 I OpenGLRenderer: Davey! duration=9223333600345ms; Flags=0, FrameTimelineVsyncId=2140511, IntendedVsync=38436509028868, Vsync=38436559028866, InputEventId=0, HandleInputStart=38436574042055, AnimationStart=38436574045961, PerformTraversalsStart=38436637372940, DrawStart=38436637475232, FrameDeadline=38436542362200, FrameInterval=38436574031221, FrameStartTime=16666666, SyncQueued=38436685151534, SyncStart=38436685293565, IssueDrawCommandsStart=38436685646377, SwapBuffers=38436688450596, FrameCompleted=9223372036854775807, DequeueBufferDuration=24792, QueueBufferDuration=1303959, GpuCompleted=9223372036854775807, SwapBuffersCompleted=38436690352211, DisplayPresentTime=38428305606641, 
07-09 06:04:17.984 32091 32206 D AnalyticsEventsLogger: ┌────────────────────────────────────────────────────────────────────────────────────────────────────────────────
07-09 06:04:17.984 32091 32206 D AnalyticsEventsLogger: │ {
07-09 06:04:17.984 32091 32206 D AnalyticsEventsLogger: │    "client": "Amplitude",
07-09 06:04:17.984 32091 32206 D AnalyticsEventsLogger: │    "event": "[Main Screen] Notice - Networks Unreachable",
07-09 06:04:17.984 32091 32206 D AnalyticsEventsLogger: │    "params": {
07-09 06:04:17.984 32091 32206 D AnalyticsEventsLogger: │       "Tokens": "TON, USDT",
07-09 06:04:17.984 32091 32206 D AnalyticsEventsLogger: │       "Batch": "AF24",
07-09 06:04:17.984 32091 32206 D AnalyticsEventsLogger: │       "Product Type": "Wallet 2.0",
07-09 06:04:17.984 32091 32206 D AnalyticsEventsLogger: │       "Firmware": "6.33r",
07-09 06:04:17.984 32091 32206 D AnalyticsEventsLogger: │       "User Wallet ID": "D7B5E96687B156A771A9956CECC7A5A85FC6643B01ED6DD88826DC3F1C57FE6F",
07-09 06:04:17.984 32091 32206 D AnalyticsEventsLogger: │       "Currency": "Multicurrency"
07-09 06:04:17.984 32091 32206 D AnalyticsEventsLogger: │    }
07-09 06:04:17.984 32091 32206 D AnalyticsEventsLogger: │ }
07-09 06:04:17.984 32091 32206 D AnalyticsEventsLogger: └────────────────────────────────────────────────────────────────────────────────────────────────────────────────
07-09 06:04:17.985 32091 32206 D AnalyticsEventsLogger: ┌────────────────────────────────────────────────────────────────────────────────────────────────────────────────
07-09 06:04:17.985 32091 32206 D AnalyticsEventsLogger: │ {
07-09 06:04:17.985 32091 32206 D AnalyticsEventsLogger: │    "client": "Firebase",
07-09 06:04:17.985 32091 32206 D AnalyticsEventsLogger: │    "event": "[Main Screen] Notice - Networks Unreachable",
07-09 06:04:17.985 32091 32206 D AnalyticsEventsLogger: │    "params": {
07-09 06:04:17.985 32091 32206 D AnalyticsEventsLogger: │       "Tokens": "TON, USDT",
07-09 06:04:17.985 32091 32206 D AnalyticsEventsLogger: │       "Batch": "AF24",
07-09 06:04:17.985 32091 32206 D AnalyticsEventsLogger: │       "Product Type": "Wallet 2.0",
07-09 06:04:17.985 32091 32206 D AnalyticsEventsLogger: │       "Firmware": "6.33r",
07-09 06:04:17.985 32091 32206 D AnalyticsEventsLogger: │       "User Wallet ID": "D7B5E96687B156A771A9956CECC7A5A85FC6643B01ED6DD88826DC3F1C57FE6F",
07-09 06:04:17.985 32091 32206 D AnalyticsEventsLogger: │       "Currency": "Multicurrency"
07-09 06:04:17.985 32091 32206 D AnalyticsEventsLogger: │    }
07-09 06:04:17.985 32091 32206 D AnalyticsEventsLogger: │ }
07-09 06:04:17.985 32091 32206 D AnalyticsEventsLogger: └────────────────────────────────────────────────────────────────────────────────────────────────────────────────
07-09 06:04:17.998  1395  1395 W NotificationHistory: Attempted to add notif for locked/gone/disabled user 0
07-09 06:04:17.999  2620  2620 D InterruptionStateProvider: No alerting: filtered notification: 0|com.tangem.wallet.debug|1138|null|10447
07-09 06:04:18.000  2620  2620 D InterruptionStateProvider: No alerting: filtered notification: 0|com.tangem.wallet.debug|1138|null|10447
07-09 06:04:18.003  2620  2717 D PeopleSpaceWidgetMgr: Sbn doesn't contain valid PeopleTileKey: null/0/com.tangem.wallet.debug
07-09 06:04:18.010  1395  1395 W NotificationHistory: Attempted to add notif for locked/gone/disabled user 0
07-09 06:04:18.018  1395  1395 W NotificationHistory: Attempted to add notif for locked/gone/disabled user 0
07-09 06:04:18.021  1395  1395 D BiometricService/PreAuthInfo: Package: com.tangem.wallet.debug Sensor ID: 0 Modality: 2 Status: 1
07-09 06:04:18.021  1395  1395 D BiometricService/PreAuthInfo: getCanAuthenticateInternal Modality: 2 AuthenticatorStatus: 1
07-09 06:04:18.021  1395  1395 D BiometricService: handleAuthenticate: modality(2), status(0), preAuthInfo: BiometricRequested: true, StrengthRequested: 15, CredentialRequested: false, Eligible:{0 }, Ineligible:{}, CredentialAvailable: true,  requestId: 26
07-09 06:04:18.021  1395  1395 D BiometricService: Creating authSession with authRequest: BiometricRequested: true, StrengthRequested: 15, CredentialRequested: false, Eligible:{0 }, Ineligible:{}, CredentialAvailable: true, 
07-09 06:04:18.021  1395  1395 D BiometricService/AuthSession: Creating AuthSession with: BiometricRequested: true, StrengthRequested: 15, CredentialRequested: false, Eligible:{0 }, Ineligible:{}, CredentialAvailable: true, 
07-09 06:04:18.027  1395  1395 D BiometricScheduler/Fingerprint21: [Added] {[90] FingerprintUpdateActiveUserClient, proto=1, owner=android, cookie=0, requestId=-1, userId=0}, new queue size: 1
07-09 06:04:18.027  1395  1395 D BiometricScheduler/Fingerprint21: [Polled] {[90] FingerprintUpdateActiveUserClient, proto=1, owner=android, cookie=0, requestId=-1, userId=0}, State: 0
07-09 06:04:18.027  1395  1395 D BiometricScheduler/Fingerprint21: [Starting] {[90] FingerprintUpdateActiveUserClient, proto=1, owner=android, cookie=0, requestId=-1, userId=0}, State: 0
07-09 06:04:18.027  1395  1395 D BiometricScheduler/Fingerprint21: [Started] {[90] FingerprintUpdateActiveUserClient, proto=1, owner=android, cookie=0, requestId=-1, userId=0}
07-09 06:04:18.027  1395  1395 D FingerprintUpdateActiveUserClient: Already user: 0, returning
07-09 06:04:18.029  2620  2620 D InterruptionStateProvider: No alerting: filtered notification: 0|com.tangem.wallet.debug|1138|null|10447
07-09 06:04:18.030  2620  2620 D InterruptionStateProvider: No alerting: filtered notification: 0|com.tangem.wallet.debug|1138|null|10447
07-09 06:04:18.030  1395  1395 D BiometricScheduler/Fingerprint21: [Added] {[91] FingerprintAuthenticationClient, proto=3, owner=com.tangem.wallet.debug, cookie=968300749, requestId=26, userId=0}, new queue size: 1
07-09 06:04:18.030  1395  1395 V BiometricScheduler/Fingerprint21: Not idle, current operation: {[90] FingerprintUpdateActiveUserClient, proto=1, owner=android, cookie=0, requestId=-1, userId=0}, State: 2
07-09 06:04:18.030  1395  1395 D BiometricScheduler/Fingerprint21: [Finishing] {[90] FingerprintUpdateActiveUserClient, proto=1, owner=android, cookie=0, requestId=-1, userId=0}, success: true
07-09 06:04:18.030  1395  1395 D BiometricScheduler/Fingerprint21: [Polled] {[91] FingerprintAuthenticationClient, proto=3, owner=com.tangem.wallet.debug, cookie=968300749, requestId=26, userId=0}, State: 0
07-09 06:04:18.030  1395  1395 D GestureAvailabilityTracker: Notifying gesture availability, active=false
07-09 06:04:18.031  1395  1395 D BiometricScheduler/Fingerprint21: Waiting for cookie before starting: {[91] FingerprintAuthenticationClient, proto=3, owner=com.tangem.wallet.debug, cookie=968300749, requestId=26, userId=0}, State: 0
07-09 06:04:18.031  1395  1395 D BiometricService/Sensor: Sensor(0) matched cookie: 968300749
07-09 06:04:18.031  1395  1395 D BiometricService/AuthSession: Remaining cookies: 0
07-09 06:04:18.033  2620  2717 D PeopleSpaceWidgetMgr: Sbn doesn't contain valid PeopleTileKey: null/0/com.tangem.wallet.debug
07-09 06:04:18.034  2620  2620 D InterruptionStateProvider: No alerting: filtered notification: 0|com.tangem.wallet.debug|1138|null|10447
07-09 06:04:18.035  2620  2620 D InterruptionStateProvider: No alerting: filtered notification: 0|com.tangem.wallet.debug|1138|null|10447
07-09 06:04:18.038  2620  2717 D PeopleSpaceWidgetMgr: Sbn doesn't contain valid PeopleTileKey: null/0/com.tangem.wallet.debug
07-09 06:04:18.038  2620  2620 D AuthController: showAuthenticationDialog, authenticators: 15, sensorIds: 0 , credentialAllowed: false, requireConfirmation: false, operationId: -2055250418363228613, requestId: 26, multiSensorConfig: 0
07-09 06:04:18.045  2620  2620 D AuthController: userId: 0 savedState: null mCurrentDialog: null newDialog: com.android.systemui.biometrics.AuthContainerView{a5f981e VFE...... .F....I. 0,0-0,0}
07-09 06:04:18.071  2620  2620 V BiometricPrompt/AuthBiometricView: newState: 1
07-09 06:04:18.083 32091 32103 I OpenGLRenderer: Davey! duration=9223333600262ms; Flags=0, FrameTimelineVsyncId=2140513, IntendedVsync=38436592381163, Vsync=38436692381159, InputEventId=0, HandleInputStart=38436708158930, AnimationStart=38436708162732, PerformTraversalsStart=38436769435023, DrawStart=38436769544242, FrameDeadline=38436625714495, FrameInterval=38436708146846, FrameStartTime=16666666, SyncQueued=38436784159711, SyncStart=38436784300805, IssueDrawCommandsStart=38436784643513, SwapBuffers=38436787483773, FrameCompleted=9223372036854775807, DequeueBufferDuration=21042, QueueBufferDuration=764895, GpuCompleted=9223372036854775807, SwapBuffersCompleted=38436788821846, DisplayPresentTime=38428338646485, 
07-09 06:04:18.086  2620  2620 V BiometricPrompt/AuthBiometricView: Current size: 0 New size: 2
07-09 06:04:18.103  2620  2620 D InterruptionStateProvider: No alerting: filtered notification: 0|com.tangem.wallet.debug|1138|null|10447
07-09 06:04:18.104  2620  2620 D InterruptionStateProvider: No alerting: filtered notification: 0|com.tangem.wallet.debug|1138|null|10447
07-09 06:04:18.113  2620  2717 D PeopleSpaceWidgetMgr: Sbn doesn't contain valid PeopleTileKey: null/0/com.tangem.wallet.debug
07-09 06:04:18.114  2620  2620 W AuthController: Task stack changed, current client: com.tangem.wallet.debug
07-09 06:04:18.145  4389  4389 I GoogleInputMethodService: GoogleInputMethodService.onFinishInput():1984 
07-09 06:04:18.148  4389  4389 I Module  : DeviceLockedStatusModuleProvider$Module.updateDeviceLockedStatus():100 repeatCheckTimes = 0, locked = false
07-09 06:04:18.150  4389  4389 I GoogleInputMethodService: GoogleInputMethodService.onStartInput():1248 onStartInput(EditorInfo{EditorInfo{packageName=com.android.systemui, inputType=0, inputTypeString=NULL, enableLearning=false, autoCorrection=false, autoComplete=false, imeOptions=0, privateImeOptions=null, actionName=UNSPECIFIED, actionLabel=null, initialSelStart=-1, initialSelEnd=-1, initialCapsMode=0, label=null, fieldId=-1, fieldName=null, extras=null, hintText=null, hintLocales=[]}}, false)
07-09 06:04:18.156  4389  4389 I Module  : DeviceLockedStatusModuleProvider$Module.updateDeviceLockedStatus():100 repeatCheckTimes = 1, locked = false
07-09 06:04:18.363  1395  1395 D BiometricService: handleOnDialogAnimatedIn
07-09 06:04:18.364  1395  1395 D BiometricScheduler/Fingerprint21: [Starting] Prepared client: {[91] FingerprintAuthenticationClient, proto=3, owner=com.tangem.wallet.debug, cookie=968300749, requestId=26, userId=0}, State: 4
07-09 06:04:18.364  1395  1395 D BiometricScheduler/Fingerprint21: [Started] {[91] FingerprintAuthenticationClient, proto=3, owner=com.tangem.wallet.debug, cookie=968300749, requestId=26, userId=0}
07-09 06:04:18.364  1395  1395 D BiometricCoexCoordinator: addAuthenticationClient(OtherFp), client: {[91] FingerprintAuthenticationClient, proto=3, owner=com.tangem.wallet.debug, cookie=968300749, requestId=26, userId=0}
07-09 06:04:18.364  1395  1395 D FingerprintService: Fps state updated from 0 to 3, client {[91] FingerprintAuthenticationClient, proto=3, owner=com.tangem.wallet.debug, cookie=968300749, requestId=26, userId=0}
07-09 06:04:18.366  1395  1395 D Biometrics/AuthenticationClient: Requesting auth for com.tangem.wallet.debug
07-09 06:04:18.367  1584  1584 E android.hardware.biometrics.fingerprint@2.1-service: BiometricsFingerprint::authenticate
07-09 06:04:18.367  1584  1584 I focaltech:hal:proxy: [ 289]:fingerprint_authenticate(dev = 0xb400007ad5a8d210, operation_id = 0xe37a48a238fc9e3b, gid = 0).
07-09 06:04:18.367  1584  1584 I focaltech:hal:core: [2128]:gesture_switch_timer deleted.
07-09 06:04:18.367  2620  2620 V BiometricPrompt/AuthBiometricView: newState: 2
07-09 06:04:18.387  1584  1584 I focaltech:ca:client: [ 186]:---8<--------------- TA LOG --------------------
07-09 06:04:18.387  1584  1584 I focaltech:fw: [ 732]:switch to 'FF_DEVICE_MODE_WAIT_TOUCH' mode.
07-09 06:04:18.387  1584  1584 I focaltech:fw: [ 521]:Switching fdt to 'down' detection mode...
07-09 06:04:18.387  1584  1584 I focaltech:ca:client: [ 206]:------------------------------------------->8---
07-09 06:04:18.659 32091 32461 W NetworkLogs: ┌────── Response ───────────────────────────────────────────────────────────────────────
07-09 06:04:18.660 32091 32461 W NetworkLogs: │ URL: https://rpc.ankr.com/core/
07-09 06:04:18.660 32091 32461 W NetworkLogs: │ 
07-09 06:04:18.660 32091 32461 W NetworkLogs: │ /core/ - [is success : true] - Received in: 913ms
07-09 06:04:18.660 32091 32461 W NetworkLogs: │ 
07-09 06:04:18.660 32091 32461 W NetworkLogs: │ Status Code: 200 / 
07-09 06:04:18.660 32091 32461 W NetworkLogs: │ 
07-09 06:04:18.660 32091 32461 W NetworkLogs: │ 
07-09 06:04:18.660 32091 32461 W NetworkLogs: │ 
07-09 06:04:18.660 32091 32461 W NetworkLogs: │ Body:
07-09 06:04:18.660 32091 32461 W NetworkLogs: │ {
07-09 06:04:18.661 32091 32461 W NetworkLogs: │    "id": "67",
07-09 06:04:18.661 32091 32461 W NetworkLogs: │    "jsonrpc": "2.0",
07-09 06:04:18.661 32091 32461 W NetworkLogs: │    "result": "0xda69cd00c44d400"
07-09 06:04:18.661 32091 32461 W NetworkLogs: │ }
07-09 06:04:18.661 32091 32461 W NetworkLogs: └───────────────────────────────────────────────────────────────────────────────────────
07-09 06:04:18.667 32091 32463 W NetworkLogs: ┌────── Response ───────────────────────────────────────────────────────────────────────
07-09 06:04:18.668 32091 32463 W NetworkLogs: │ URL: https://rpc.ankr.com/core/
07-09 06:04:18.668 32091 32463 W NetworkLogs: │ 
07-09 06:04:18.668 32091 32463 W NetworkLogs: │ /core/ - [is success : true] - Received in: 931ms
07-09 06:04:18.668 32091 32463 W NetworkLogs: │ 
07-09 06:04:18.668 32091 32463 W NetworkLogs: │ Status Code: 200 / 
07-09 06:04:18.668 32091 32463 W NetworkLogs: │ 
07-09 06:04:18.668 32091 32463 W NetworkLogs: │ 
07-09 06:04:18.668 32091 32463 W NetworkLogs: │ 
07-09 06:04:18.668 32091 32463 W NetworkLogs: │ Body:
07-09 06:04:18.668 32091 32463 W NetworkLogs: │ {
07-09 06:04:18.668 32091 32463 W NetworkLogs: │    "id": "67",
07-09 06:04:18.668 32091 32463 W NetworkLogs: │    "jsonrpc": "2.0",
07-09 06:04:18.668 32091 32463 W NetworkLogs: │    "result": "0x5"
07-09 06:04:18.669 32091 32463 W NetworkLogs: │ }
07-09 06:04:18.669 32091 32463 W NetworkLogs: └───────────────────────────────────────────────────────────────────────────────────────
07-09 06:04:18.670 32091 32462 W NetworkLogs: ┌────── Response ───────────────────────────────────────────────────────────────────────
07-09 06:04:18.670 32091 32462 W NetworkLogs: │ URL: https://rpc.ankr.com/core/
07-09 06:04:18.670 32091 32462 W NetworkLogs: │ 
07-09 06:04:18.670 32091 32462 W NetworkLogs: │ /core/ - [is success : true] - Received in: 935ms
07-09 06:04:18.670 32091 32462 W NetworkLogs: │ 
07-09 06:04:18.670 32091 32462 W NetworkLogs: │ Status Code: 200 / 
07-09 06:04:18.670 32091 32462 W NetworkLogs: │ 
07-09 06:04:18.670 32091 32462 W NetworkLogs: │ 
07-09 06:04:18.670 32091 32462 W NetworkLogs: │ 
07-09 06:04:18.670 32091 32462 W NetworkLogs: │ Body:
07-09 06:04:18.671 32091 32462 W NetworkLogs: │ {
07-09 06:04:18.671 32091 32462 W NetworkLogs: │    "id": "67",
07-09 06:04:18.671 32091 32462 W NetworkLogs: │    "jsonrpc": "2.0",
07-09 06:04:18.671 32091 32462 W NetworkLogs: │    "result": "0x5"
07-09 06:04:18.671 32091 32462 W NetworkLogs: │ }
07-09 06:04:18.671 32091 32462 W NetworkLogs: └───────────────────────────────────────────────────────────────────────────────────────
07-09 06:04:18.687 32091 32462 W NetworkLogs: ┌────── Request ────────────────────────────────────────────────────────────────────────
07-09 06:04:18.687 32091 32462 W NetworkLogs: │ URL: https://rpc.ankr.com/core/
07-09 06:04:18.687 32091 32462 W NetworkLogs: │ 
07-09 06:04:18.687 32091 32462 W NetworkLogs: │ Method: @POST
07-09 06:04:18.687 32091 32462 W NetworkLogs: │ 
07-09 06:04:18.688 32091 32462 W NetworkLogs: │ 
07-09 06:04:18.688 32091 32462 W NetworkLogs: │ 
07-09 06:04:18.688 32091 32462 W NetworkLogs: │ Body:
07-09 06:04:18.688 32091 32462 W NetworkLogs: │ {
07-09 06:04:18.688 32091 32462 W NetworkLogs: │    "method": "eth_call",
07-09 06:04:18.688 32091 32462 W NetworkLogs: │    "params": [
07-09 06:04:18.688 32091 32462 W NetworkLogs: │       {
07-09 06:04:18.688 32091 32462 W NetworkLogs: │          "to": "0x900101d06a7426441ae63e9ab3b9b0f63be145f1",
07-09 06:04:18.688 32091 32462 W NetworkLogs: │          "data": "0x70a08231000000000000000000000000d34499a5fb04ae6877919977899635eec403f563"
07-09 06:04:18.688 32091 32462 W NetworkLogs: │       },
07-09 06:04:18.688 32091 32462 W NetworkLogs: │       "latest"
07-09 06:04:18.688 32091 32462 W NetworkLogs: │    ],
07-09 06:04:18.688 32091 32462 W NetworkLogs: │    "id": "67",
07-09 06:04:18.688 32091 32462 W NetworkLogs: │    "jsonrpc": "2.0"
07-09 06:04:18.688 32091 32462 W NetworkLogs: │ }
07-09 06:04:18.688 32091 32462 W NetworkLogs: │ 203-byte body
07-09 06:04:18.688 32091 32462 W NetworkLogs: └───────────────────────────────────────────────────────────────────────────────────────
07-09 06:04:18.689 32091 32462 I Chucker : Decoding with: com.chuckerteam.chucker.internal.support.PlainTextDecoder@df5fc1c
07-09 06:04:18.839 32091 32462 W NetworkLogs: ┌────── Response ───────────────────────────────────────────────────────────────────────
07-09 06:04:18.839 32091 32462 W NetworkLogs: │ URL: https://rpc.ankr.com/core/
07-09 06:04:18.839 32091 32462 W NetworkLogs: │ 
07-09 06:04:18.839 32091 32462 W NetworkLogs: │ /core/ - [is success : true] - Received in: 145ms
07-09 06:04:18.839 32091 32462 W NetworkLogs: │ 
07-09 06:04:18.839 32091 32462 W NetworkLogs: │ Status Code: 200 / 
07-09 06:04:18.839 32091 32462 W NetworkLogs: │ 
07-09 06:04:18.840 32091 32462 W NetworkLogs: │ 
07-09 06:04:18.840 32091 32462 W NetworkLogs: │ 
07-09 06:04:18.840 32091 32462 W NetworkLogs: │ Body:
07-09 06:04:18.840 32091 32462 W NetworkLogs: │ {
07-09 06:04:18.840 32091 32462 W NetworkLogs: │    "id": "67",
07-09 06:04:18.840 32091 32462 W NetworkLogs: │    "jsonrpc": "2.0",
07-09 06:04:18.840 32091 32462 W NetworkLogs: │    "result": "0x0000000000000000000000000000000000000000000000000000000000000000"
07-09 06:04:18.840 32091 32462 W NetworkLogs: │ }
07-09 06:04:18.840 32091 32462 W NetworkLogs: └───────────────────────────────────────────────────────────────────────────────────────
07-09 06:04:18.869 32091 32170 D DefaultCacheRegistry: ┌────────────────────────────────────────────────────────────────────────────────────────────────────────────────
07-09 06:04:18.869 32091 32170 D DefaultCacheRegistry: │ Invoke the action associated with the cache key: network_status_UserWalletId(D7B...E6F)_OPTIMISM_m/44'/60'/0'/0/0
07-09 06:04:18.869 32091 32170 D DefaultCacheRegistry: └────────────────────────────────────────────────────────────────────────────────────────────────────────────────
07-09 06:04:18.879  1395  1395 W NotificationHistory: Attempted to add notif for locked/gone/disabled user 0
07-09 06:04:18.880 32091 32472 W NetworkLogs: ┌────── Request ────────────────────────────────────────────────────────────────────────
07-09 06:04:18.880 32091 32472 W NetworkLogs: │ URL: https://mainnet.optimism.io/
07-09 06:04:18.880 32091 32472 W NetworkLogs: │ 
07-09 06:04:18.880 32091 32472 W NetworkLogs: │ Method: @POST
07-09 06:04:18.880 32091 32472 W NetworkLogs: │ 
07-09 06:04:18.881 32091 32472 W NetworkLogs: │ 
07-09 06:04:18.881 32091 32472 W NetworkLogs: │ 
07-09 06:04:18.881 32091 32472 W NetworkLogs: │ Body:
07-09 06:04:18.881 32091 32472 W NetworkLogs: │ {
07-09 06:04:18.881 32091 32472 W NetworkLogs: │    "method": "eth_getBalance",
07-09 06:04:18.881 32091 32472 W NetworkLogs: │    "params": [
07-09 06:04:18.881 32091 32472 W NetworkLogs: │       "0xd34499A5fB04aE6877919977899635eeC403F563",
07-09 06:04:18.881 32091 32472 W NetworkLogs: │       "latest"
07-09 06:04:18.881 32091 32472 W NetworkLogs: │    ],
07-09 06:04:18.881 32091 32472 W NetworkLogs: │    "id": "67",
07-09 06:04:18.881 32091 32472 W NetworkLogs: │    "jsonrpc": "2.0"
07-09 06:04:18.881 32091 32472 W NetworkLogs: │ }
07-09 06:04:18.881 32091 32472 W NetworkLogs: │ 118-byte body
07-09 06:04:18.881 32091 32472 W NetworkLogs: └───────────────────────────────────────────────────────────────────────────────────────
07-09 06:04:18.882 32091 32474 W NetworkLogs: ┌────── Request ────────────────────────────────────────────────────────────────────────
07-09 06:04:18.882 32091 32474 W NetworkLogs: │ URL: https://mainnet.optimism.io/
07-09 06:04:18.882 32091 32474 W NetworkLogs: │ 
07-09 06:04:18.882 32091 32474 W NetworkLogs: │ Method: @POST
07-09 06:04:18.882 32091 32474 W NetworkLogs: │ 
07-09 06:04:18.882 32091 32474 W NetworkLogs: │ 
07-09 06:04:18.882 32091 32472 I Chucker : Decoding with: com.chuckerteam.chucker.internal.support.PlainTextDecoder@df5fc1c
07-09 06:04:18.882 32091 32474 W NetworkLogs: │ 
07-09 06:04:18.882 32091 32474 W NetworkLogs: │ Body:
07-09 06:04:18.882 32091 32474 W NetworkLogs: │ {
07-09 06:04:18.882 32091 32474 W NetworkLogs: │    "method": "eth_getTransactionCount",
07-09 06:04:18.882 32091 32474 W NetworkLogs: │    "params": [
07-09 06:04:18.882 32091 32474 W NetworkLogs: │       "0xd34499A5fB04aE6877919977899635eeC403F563",
07-09 06:04:18.883 32091 32474 W NetworkLogs: │       "pending"
07-09 06:04:18.883 32091 32474 W NetworkLogs: │    ],
07-09 06:04:18.883 32091 32474 W NetworkLogs: │    "id": "67",
07-09 06:04:18.883 32091 32474 W NetworkLogs: │    "jsonrpc": "2.0"
07-09 06:04:18.883 32091 32474 W NetworkLogs: │ }
07-09 06:04:18.883 32091 32474 W NetworkLogs: │ 128-byte body
07-09 06:04:18.883 32091 32474 W NetworkLogs: └───────────────────────────────────────────────────────────────────────────────────────
07-09 06:04:18.884 32091 32474 I Chucker : Decoding with: com.chuckerteam.chucker.internal.support.PlainTextDecoder@df5fc1c
07-09 06:04:18.885 32091 32473 W NetworkLogs: ┌────── Request ────────────────────────────────────────────────────────────────────────
07-09 06:04:18.885 32091 32473 W NetworkLogs: │ URL: https://mainnet.optimism.io/
07-09 06:04:18.885 32091 32473 W NetworkLogs: │ 
07-09 06:04:18.885 32091 32473 W NetworkLogs: │ Method: @POST
07-09 06:04:18.885 32091 32473 W NetworkLogs: │ 
07-09 06:04:18.885 32091 32473 W NetworkLogs: │ 
07-09 06:04:18.885 32091 32473 W NetworkLogs: │ 
07-09 06:04:18.886 32091 32473 W NetworkLogs: │ Body:
07-09 06:04:18.886 32091 32473 W NetworkLogs: │ {
07-09 06:04:18.886 32091 32473 W NetworkLogs: │    "method": "eth_getTransactionCount",
07-09 06:04:18.886 32091 32473 W NetworkLogs: │    "params": [
07-09 06:04:18.886 32091 32473 W NetworkLogs: │       "0xd34499A5fB04aE6877919977899635eeC403F563",
07-09 06:04:18.886 32091 32473 W NetworkLogs: │       "latest"
07-09 06:04:18.886 32091 32473 W NetworkLogs: │    ],
07-09 06:04:18.886 32091 32473 W NetworkLogs: │    "id": "67",
07-09 06:04:18.886 32091 32473 W NetworkLogs: │    "jsonrpc": "2.0"
07-09 06:04:18.886 32091 32473 W NetworkLogs: │ }
07-09 06:04:18.886 32091 32473 W NetworkLogs: │ 127-byte body
07-09 06:04:18.886 32091 32473 W NetworkLogs: └───────────────────────────────────────────────────────────────────────────────────────
07-09 06:04:18.887 32091 32473 I Chucker : Decoding with: com.chuckerteam.chucker.internal.support.PlainTextDecoder@df5fc1c
07-09 06:04:18.888  2620  2620 D InterruptionStateProvider: No alerting: filtered notification: 0|com.tangem.wallet.debug|1138|null|10447
07-09 06:04:18.889  2620  2620 D InterruptionStateProvider: No alerting: filtered notification: 0|com.tangem.wallet.debug|1138|null|10447
07-09 06:04:18.902  2620  2717 D PeopleSpaceWidgetMgr: Sbn doesn't contain valid PeopleTileKey: null/0/com.tangem.wallet.debug
07-09 06:04:18.907 32091 32206 D AnalyticsEventsLogger: ┌────────────────────────────────────────────────────────────────────────────────────────────────────────────────
07-09 06:04:18.907 32091 32206 D AnalyticsEventsLogger: │ {
07-09 06:04:18.907 32091 32206 D AnalyticsEventsLogger: │    "client": "Amplitude",
07-09 06:04:18.907 32091 32206 D AnalyticsEventsLogger: │    "event": "[Basic] Balance Loaded",
07-09 06:04:18.907 32091 32206 D AnalyticsEventsLogger: │    "params": {
07-09 06:04:18.907 32091 32206 D AnalyticsEventsLogger: │       "Balance": "Blockchain Error",
07-09 06:04:18.907 32091 32206 D AnalyticsEventsLogger: │       "Tokens Count": "29",
07-09 06:04:18.907 32091 32206 D AnalyticsEventsLogger: │       "Batch": "AF24",
07-09 06:04:18.907 32091 32206 D AnalyticsEventsLogger: │       "Product Type": "Wallet 2.0",
07-09 06:04:18.907 32091 32206 D AnalyticsEventsLogger: │       "Firmware": "6.33r",
07-09 06:04:18.907 32091 32206 D AnalyticsEventsLogger: │       "User Wallet ID": "D7B5E96687B156A771A9956CECC7A5A85FC6643B01ED6DD88826DC3F1C57FE6F",
07-09 06:04:18.907 32091 32206 D AnalyticsEventsLogger: │       "Currency": "Multicurrency"
07-09 06:04:18.907 32091 32206 D AnalyticsEventsLogger: │    }
07-09 06:04:18.907 32091 32206 D AnalyticsEventsLogger: │ }
07-09 06:04:18.907 32091 32206 D AnalyticsEventsLogger: └────────────────────────────────────────────────────────────────────────────────────────────────────────────────
07-09 06:04:18.907 32091 32206 D AnalyticsEventsLogger: ┌────────────────────────────────────────────────────────────────────────────────────────────────────────────────
07-09 06:04:18.908 32091 32206 D AnalyticsEventsLogger: │ {
07-09 06:04:18.908 32091 32206 D AnalyticsEventsLogger: │    "client": "Firebase",
07-09 06:04:18.908 32091 32206 D AnalyticsEventsLogger: │    "event": "[Basic] Balance Loaded",
07-09 06:04:18.908 32091 32206 D AnalyticsEventsLogger: │    "params": {
07-09 06:04:18.908 32091 32206 D AnalyticsEventsLogger: │       "Balance": "Blockchain Error",
07-09 06:04:18.908 32091 32206 D AnalyticsEventsLogger: │       "Tokens Count": "29",
07-09 06:04:18.908 32091 32206 D AnalyticsEventsLogger: │       "Batch": "AF24",
07-09 06:04:18.908 32091 32206 D AnalyticsEventsLogger: │       "Product Type": "Wallet 2.0",
07-09 06:04:18.908 32091 32206 D AnalyticsEventsLogger: │       "Firmware": "6.33r",
07-09 06:04:18.908 32091 32206 D AnalyticsEventsLogger: │       "User Wallet ID": "D7B5E96687B156A771A9956CECC7A5A85FC6643B01ED6DD88826DC3F1C57FE6F",
07-09 06:04:18.908 32091 32206 D AnalyticsEventsLogger: │       "Currency": "Multicurrency"
07-09 06:04:18.908 32091 32206 D AnalyticsEventsLogger: │    }
07-09 06:04:18.908 32091 32206 D AnalyticsEventsLogger: │ }
07-09 06:04:18.908 32091 32206 D AnalyticsEventsLogger: └────────────────────────────────────────────────────────────────────────────────────────────────────────────────
07-09 06:04:18.911  1395  1395 W NotificationHistory: Attempted to add notif for locked/gone/disabled user 0
07-09 06:04:18.915 32091 32091 D WalletStateController: ┌────────────────────────────────────────────────────────────────────────────────────────────────────────────────
07-09 06:04:18.915 32091 32091 D WalletStateController: │ Applying: SetTokenListTransformer
07-09 06:04:18.915 32091 32091 D WalletStateController: └────────────────────────────────────────────────────────────────────────────────────────────────────────────────
07-09 06:04:18.917  2620  2620 D InterruptionStateProvider: No alerting: filtered notification: 0|com.tangem.wallet.debug|1138|null|10447
07-09 06:04:18.918  2620  2620 D InterruptionStateProvider: No alerting: filtered notification: 0|com.tangem.wallet.debug|1138|null|10447
07-09 06:04:18.921  2620  2717 D PeopleSpaceWidgetMgr: Sbn doesn't contain valid PeopleTileKey: null/0/com.tangem.wallet.debug
07-09 06:04:18.922  2620  2620 D InterruptionStateProvider: No alerting: filtered notification: 0|com.tangem.wallet.debug|1138|null|10447
07-09 06:04:18.922  2620  2620 D InterruptionStateProvider: No alerting: filtered notification: 0|com.tangem.wallet.debug|1138|null|10447
07-09 06:04:18.925  2620  2717 D PeopleSpaceWidgetMgr: Sbn doesn't contain valid PeopleTileKey: null/0/com.tangem.wallet.debug
07-09 06:04:18.933  2620  2620 D InterruptionStateProvider: No alerting: filtered notification: 0|com.tangem.wallet.debug|1138|null|10447
07-09 06:04:18.933  2620  2620 D InterruptionStateProvider: No alerting: filtered notification: 0|com.tangem.wallet.debug|1138|null|10447
07-09 06:04:18.936  2620  2717 D PeopleSpaceWidgetMgr: Sbn doesn't contain valid PeopleTileKey: null/0/com.tangem.wallet.debug
07-09 06:04:19.060  1395  1395 W NotificationHistory: Attempted to add notif for locked/gone/disabled user 0
07-09 06:04:19.067  2620  2620 D InterruptionStateProvider: No alerting: filtered notification: 0|com.tangem.wallet.debug|1138|null|10447
07-09 06:04:19.067  2620  2620 D InterruptionStateProvider: No alerting: filtered notification: 0|com.tangem.wallet.debug|1138|null|10447
07-09 06:04:19.070  2620  2717 D PeopleSpaceWidgetMgr: Sbn doesn't contain valid PeopleTileKey: null/0/com.tangem.wallet.debug
07-09 06:04:19.104 32091 32091 D WalletStateController: ┌────────────────────────────────────────────────────────────────────────────────────────────────────────────────
07-09 06:04:19.104 32091 32091 D WalletStateController: │ Applying: SetWarningsTransformer
07-09 06:04:19.104 32091 32091 D WalletStateController: └────────────────────────────────────────────────────────────────────────────────────────────────────────────────
07-09 06:04:19.115  1395  1395 I ActivityManager: [HMDenterprise broadcastIntentLocked] intent=Intent { act=android.intent.action.BATTERY_CHANGED flg=0x60000000 (has extras) }
07-09 06:04:19.117  2853  2853 D QtiCarrierConfigHelper: WARNING, no carrier configs on phone Id: 1
07-09 06:04:19.118 32091 32206 D AnalyticsEventsLogger: ┌────────────────────────────────────────────────────────────────────────────────────────────────────────────────
07-09 06:04:19.118 32091 32206 D AnalyticsEventsLogger: │ {
07-09 06:04:19.118 32091 32206 D AnalyticsEventsLogger: │    "client": "Amplitude",
07-09 06:04:19.118 32091 32206 D AnalyticsEventsLogger: │    "event": "[Main Screen] Notice - Networks Unreachable",
07-09 06:04:19.118 32091 32206 D AnalyticsEventsLogger: │    "params": {
07-09 06:04:19.118 32091 32206 D AnalyticsEventsLogger: │       "Tokens": "TON, USDT",
07-09 06:04:19.118 32091 32206 D AnalyticsEventsLogger: │       "Batch": "AF24",
07-09 06:04:19.118 32091 32206 D AnalyticsEventsLogger: │       "Product Type": "Wallet 2.0",
07-09 06:04:19.118 32091 32206 D AnalyticsEventsLogger: │       "Firmware": "6.33r",
07-09 06:04:19.118 32091 32206 D AnalyticsEventsLogger: │       "User Wallet ID": "D7B5E96687B156A771A9956CECC7A5A85FC6643B01ED6DD88826DC3F1C57FE6F",
07-09 06:04:19.118 32091 32206 D AnalyticsEventsLogger: │       "Currency": "Multicurrency"
07-09 06:04:19.118 32091 32206 D AnalyticsEventsLogger: │    }
07-09 06:04:19.118 32091 32206 D AnalyticsEventsLogger: │ }
07-09 06:04:19.118 32091 32206 D AnalyticsEventsLogger: └────────────────────────────────────────────────────────────────────────────────────────────────────────────────
07-09 06:04:19.118 32091 32206 D AnalyticsEventsLogger: ┌────────────────────────────────────────────────────────────────────────────────────────────────────────────────
07-09 06:04:19.119 32091 32206 D AnalyticsEventsLogger: │ {
07-09 06:04:19.119 32091 32206 D AnalyticsEventsLogger: │    "client": "Firebase",
07-09 06:04:19.119 32091 32206 D AnalyticsEventsLogger: │    "event": "[Main Screen] Notice - Networks Unreachable",
07-09 06:04:19.119 32091 32206 D AnalyticsEventsLogger: │    "params": {
07-09 06:04:19.119 32091 32206 D AnalyticsEventsLogger: │       "Tokens": "TON, USDT",
07-09 06:04:19.119 32091 32206 D AnalyticsEventsLogger: │       "Batch": "AF24",
07-09 06:04:19.119 32091 32206 D AnalyticsEventsLogger: │       "Product Type": "Wallet 2.0",
07-09 06:04:19.119 32091 32206 D AnalyticsEventsLogger: │       "Firmware": "6.33r",
07-09 06:04:19.119 32091 32206 D AnalyticsEventsLogger: │       "User Wallet ID": "D7B5E96687B156A771A9956CECC7A5A85FC6643B01ED6DD88826DC3F1C57FE6F",
07-09 06:04:19.119 32091 32206 D AnalyticsEventsLogger: │       "Currency": "Multicurrency"
07-09 06:04:19.119 32091 32206 D AnalyticsEventsLogger: │    }
07-09 06:04:19.119 32091 32206 D AnalyticsEventsLogger: │ }
07-09 06:04:19.119 32091 32206 D AnalyticsEventsLogger: └────────────────────────────────────────────────────────────────────────────────────────────────────────────────
07-09 06:04:19.123  2620  2620 D KeyguardUpdateMonitor: received broadcast android.intent.action.BATTERY_CHANGED
07-09 06:04:19.133  2620  2620 D KeyguardUpdateMonitor: handleBatteryUpdate
07-09 06:04:19.631 32091 32472 W NetworkLogs: ┌────── Response ───────────────────────────────────────────────────────────────────────
07-09 06:04:19.631 32091 32472 W NetworkLogs: │ URL: https://mainnet.optimism.io/
07-09 06:04:19.631 32091 32472 W NetworkLogs: │ 
07-09 06:04:19.631 32091 32472 W NetworkLogs: │ / - [is success : true] - Received in: 744ms
07-09 06:04:19.631 32091 32472 W NetworkLogs: │ 
07-09 06:04:19.631 32091 32472 W NetworkLogs: │ Status Code: 200 / 
07-09 06:04:19.631 32091 32472 W NetworkLogs: │ 
07-09 06:04:19.631 32091 32472 W NetworkLogs: │ 
07-09 06:04:19.632 32091 32472 W NetworkLogs: │ 
07-09 06:04:19.632 32091 32472 W NetworkLogs: │ Body:
07-09 06:04:19.632 32091 32472 W NetworkLogs: │ {
07-09 06:04:19.632 32091 32472 W NetworkLogs: │    "jsonrpc": "2.0",
07-09 06:04:19.632 32091 32472 W NetworkLogs: │    "result": "0x0",
07-09 06:04:19.632 32091 32472 W NetworkLogs: │    "id": "67"
07-09 06:04:19.632 32091 32472 W NetworkLogs: │ }
07-09 06:04:19.632 32091 32472 W NetworkLogs: └───────────────────────────────────────────────────────────────────────────────────────
07-09 06:04:19.634 32091 32473 W NetworkLogs: ┌────── Response ───────────────────────────────────────────────────────────────────────
07-09 06:04:19.634 32091 32473 W NetworkLogs: │ URL: https://mainnet.optimism.io/
07-09 06:04:19.634 32091 32473 W NetworkLogs: │ 
07-09 06:04:19.634 32091 32473 W NetworkLogs: │ / - [is success : true] - Received in: 740ms
07-09 06:04:19.634 32091 32473 W NetworkLogs: │ 
07-09 06:04:19.634 32091 32473 W NetworkLogs: │ Status Code: 200 / 
07-09 06:04:19.634 32091 32473 W NetworkLogs: │ 
07-09 06:04:19.634 32091 32473 W NetworkLogs: │ 
07-09 06:04:19.634 32091 32473 W NetworkLogs: │ 
07-09 06:04:19.634 32091 32473 W NetworkLogs: │ Body:
07-09 06:04:19.634 32091 32473 W NetworkLogs: │ {
07-09 06:04:19.641 32091 32473 W NetworkLogs: │    "jsonrpc": "2.0",
07-09 06:04:19.642 32091 32473 W NetworkLogs: │    "result": "0x0",
07-09 06:04:19.642 32091 32473 W NetworkLogs: │    "id": "67"
07-09 06:04:19.642 32091 32473 W NetworkLogs: │ }
07-09 06:04:19.642 32091 32473 W NetworkLogs: └───────────────────────────────────────────────────────────────────────────────────────
07-09 06:04:19.740 32091 32474 W NetworkLogs: ┌────── Response ───────────────────────────────────────────────────────────────────────
07-09 06:04:19.740 32091 32474 W NetworkLogs: │ URL: https://mainnet.optimism.io/
07-09 06:04:19.740 32091 32474 W NetworkLogs: │ 
07-09 06:04:19.740 32091 32474 W NetworkLogs: │ / - [is success : true] - Received in: 852ms
07-09 06:04:19.740 32091 32474 W NetworkLogs: │ 
07-09 06:04:19.740 32091 32474 W NetworkLogs: │ Status Code: 200 / 
07-09 06:04:19.740 32091 32474 W NetworkLogs: │ 
07-09 06:04:19.740 32091 32474 W NetworkLogs: │ 
07-09 06:04:19.740 32091 32474 W NetworkLogs: │ 
07-09 06:04:19.740  1584  1691 I focaltech:hal:core: [1462]:got the device interrupt.
07-09 06:04:19.740 32091 32474 W NetworkLogs: │ Body:
07-09 06:04:19.741 32091 32474 W NetworkLogs: │ {
07-09 06:04:19.741 32091 32474 W NetworkLogs: │    "jsonrpc": "2.0",
07-09 06:04:19.741 32091 32474 W NetworkLogs: │    "result": "0x0",
07-09 06:04:19.741 32091 32474 W NetworkLogs: │    "id": "67"
07-09 06:04:19.741 32091 32474 W NetworkLogs: │ }
07-09 06:04:19.741 32091 32474 W NetworkLogs: └───────────────────────────────────────────────────────────────────────────────────────
07-09 06:04:19.759 32091 32474 W NetworkLogs: ┌────── Request ────────────────────────────────────────────────────────────────────────
07-09 06:04:19.759 32091 32474 W NetworkLogs: │ URL: https://mainnet.optimism.io/
07-09 06:04:19.759 32091 32474 W NetworkLogs: │ 
07-09 06:04:19.759 32091 32474 W NetworkLogs: │ Method: @POST
07-09 06:04:19.759 32091 32474 W NetworkLogs: │ 
07-09 06:04:19.759 32091 32474 W NetworkLogs: │ 
07-09 06:04:19.759 32091 32474 W NetworkLogs: │ 
07-09 06:04:19.759 32091 32474 W NetworkLogs: │ Body:
07-09 06:04:19.759 32091 32474 W NetworkLogs: │ {
07-09 06:04:19.760 32091 32474 W NetworkLogs: │    "method": "eth_call",
07-09 06:04:19.760 32091 32474 W NetworkLogs: │    "params": [
07-09 06:04:19.760 32091 32474 W NetworkLogs: │       {
07-09 06:04:19.760 32091 32474 W NetworkLogs: │          "to": "0x0b2c639c533813f4aa9d7837caf62653d097ff85",
07-09 06:04:19.760 32091 32474 W NetworkLogs: │          "data": "0x70a08231000000000000000000000000d34499a5fb04ae6877919977899635eec403f563"
07-09 06:04:19.760 32091 32474 W NetworkLogs: │       },
07-09 06:04:19.760 32091 32474 W NetworkLogs: │       "latest"
07-09 06:04:19.760 32091 32474 W NetworkLogs: │    ],
07-09 06:04:19.760 32091 32474 W NetworkLogs: │    "id": "67",
07-09 06:04:19.760 32091 32474 W NetworkLogs: │    "jsonrpc": "2.0"
07-09 06:04:19.760 32091 32474 W NetworkLogs: │ }
