07-09 06:04:23.094 32091 32498 W NetworkLogs: │             "counter": "2",
07-09 06:04:23.094 32091 32498 W NetworkLogs: │             "guid": {
07-09 06:04:23.094 32091 32498 W NetworkLogs: │                "id": {
07-09 06:04:23.094 32091 32498 W NetworkLogs: │                   "addr": "0x6d450a1c03f2a5291d3f7d7c87e1abe3844ee832a7c9582a1e525b6b3624e1e4",
07-09 06:04:23.094 32091 32498 W NetworkLogs: │                   "creation_num": "3"
07-09 06:04:23.094 32091 32498 W NetworkLogs: │                }
07-09 06:04:23.094 32091 32498 W NetworkLogs: │             }
07-09 06:04:23.094 32091 32498 W NetworkLogs: │          }
07-09 06:04:23.094 32091 32498 W NetworkLogs: │       }
07-09 06:04:23.094 32091 32498 W NetworkLogs: │    }
07-09 06:04:23.094 32091 32498 W NetworkLogs: │ ]
07-09 06:04:23.094 32091 32498 W NetworkLogs: └───────────────────────────────────────────────────────────────────────────────────────
07-09 06:04:23.110  4488  4496 D NativeNfcTag: Connect to a tech with a different handle
07-09 06:04:23.116  1088  5136 D NxpTml  : PN54X - Write requested.....
07-09 06:04:23.116  1088  5136 D NxpTml  : PN54X - Invoking I2C Write.....
07-09 06:04:23.118  1088  5135 D NxpTml  : PN54X - I2C Read successful.....len = 6
07-09 06:04:23.118  1088  5135 D NxpTml  : Delay Read if write thread is busy
07-09 06:04:23.118  1088  5136 D NxpNciX : len =  16 => 00000D00A4040008A000000812010208
07-09 06:04:23.118  1088  5136 D NxpTml  : PN54X - I2C Write successful.....
07-09 06:04:23.118  1088  5136 D NxpTml  : PN54X - Posting Fresh Write message.....
07-09 06:04:23.118  1088  5136 D NxpTml  : PN54X - Tml Writer Thread Running................
07-09 06:04:23.118  1088  5138 D NxpHal  : write successful status = 0x0
07-09 06:04:23.120  1088  5135 D NxpTml  : PN54X - Posting read message.....
07-09 06:04:23.120  1088  5135 D NxpNciR : len =   6 <= 600603010001
07-09 06:04:23.120  1088  5138 D NxpHal  : read successful status = 0x0
07-09 06:04:23.121  1088  5135 D NxpTml  : PN54X - Read requested.....
07-09 06:04:23.121  1088  5135 D NxpTml  : PN54X - Invoking I2C Read.....
07-09 06:04:23.127  1088  5135 D NxpTml  : PN54X - I2C Read successful.....len = 5
07-09 06:04:23.127  1088  5135 D NxpTml  : PN54X - Posting read message.....
07-09 06:04:23.127  1088  5135 D NxpNciR : len =   5 <= 0000029000
07-09 06:04:23.127  1088  5138 D NxpHal  : read successful status = 0x0
07-09 06:04:23.128  1088  5135 D NxpTml  : PN54X - Read requested.....
07-09 06:04:23.128  1088  5135 D NxpTml  : PN54X - Invoking I2C Read.....
07-09 06:04:23.175  1088  5136 D NxpTml  : PN54X - Write requested.....
07-09 06:04:23.175  1088  5136 D NxpTml  : PN54X - Invoking I2C Write.....
07-09 06:04:23.180  1088  5135 D NxpTml  : PN54X - I2C Read successful.....len = 6
07-09 06:04:23.180  1088  5135 D NxpTml  : Delay Read if write thread is busy
07-09 06:04:23.180  1088  5136 D NxpNciX : len = 114 => 00006F00F20000000068102091B4D142823F7D20C5F08DF69122DE43F35F057A988D9619F6D3138485C9A2032301015C4104A04F7FE6B66715E4DA9F2FDE1A1B74A123EB27338CEA8EE861818048919ADF47909E5B1B56BD2281B10EC94CC6049EDCFDE1C5C8B8C52F4D78277CB2D0AB93AE
07-09 06:04:23.180  1088  5136 D NxpTml  : PN54X - I2C Write successful.....
07-09 06:04:23.180  1088  5136 D NxpTml  : PN54X - Posting Fresh Write message.....
07-09 06:04:23.180  1088  5136 D NxpTml  : PN54X - Tml Writer Thread Running................
07-09 06:04:23.180  1088  5138 D NxpHal  : write successful status = 0x0
07-09 06:04:23.182  1088  5135 D NxpTml  : PN54X - Posting read message.....
07-09 06:04:23.182  1088  5135 D NxpNciR : len =   6 <= 600603010001
07-09 06:04:23.183  1088  5138 D NxpHal  : read successful status = 0x0
07-09 06:04:23.185  1088  5135 D NxpTml  : PN54X - Read requested.....
07-09 06:04:23.185  1088  5135 D NxpTml  : PN54X - Invoking I2C Read.....
07-09 06:04:23.197 32091 32206 D AnalyticsEventsLogger: ┌────────────────────────────────────────────────────────────────────────────────────────────────────────────────
07-09 06:04:23.197 32091 32206 D AnalyticsEventsLogger: │ {
07-09 06:04:23.197 32091 32206 D AnalyticsEventsLogger: │    "client": "Amplitude",
07-09 06:04:23.197 32091 32206 D AnalyticsEventsLogger: │    "event": "[Basic] Balance Loaded",
07-09 06:04:23.197 32091 32206 D AnalyticsEventsLogger: │    "params": {
07-09 06:04:23.197 32091 32206 D AnalyticsEventsLogger: │       "Balance": "Blockchain Error",
07-09 06:04:23.197 32091 32206 D AnalyticsEventsLogger: │       "Tokens Count": "29",
07-09 06:04:23.197 32091 32206 D AnalyticsEventsLogger: │       "Batch": "AF24",
07-09 06:04:23.197 32091 32206 D AnalyticsEventsLogger: │       "Product Type": "Wallet 2.0",
07-09 06:04:23.197 32091 32206 D AnalyticsEventsLogger: │       "Firmware": "6.33r",
07-09 06:04:23.198 32091 32206 D AnalyticsEventsLogger: │       "User Wallet ID": "D7B5E96687B156A771A9956CECC7A5A85FC6643B01ED6DD88826DC3F1C57FE6F",
07-09 06:04:23.198 32091 32206 D AnalyticsEventsLogger: │       "Currency": "Multicurrency"
07-09 06:04:23.198 32091 32206 D AnalyticsEventsLogger: │    }
07-09 06:04:23.198 32091 32206 D AnalyticsEventsLogger: │ }
07-09 06:04:23.198 32091 32206 D AnalyticsEventsLogger: └────────────────────────────────────────────────────────────────────────────────────────────────────────────────
07-09 06:04:23.199 32091 32206 D AnalyticsEventsLogger: ┌────────────────────────────────────────────────────────────────────────────────────────────────────────────────
07-09 06:04:23.199 32091 32206 D AnalyticsEventsLogger: │ {
07-09 06:04:23.199 32091 32206 D AnalyticsEventsLogger: │    "client": "Firebase",
07-09 06:04:23.199 32091 32206 D AnalyticsEventsLogger: │    "event": "[Basic] Balance Loaded",
07-09 06:04:23.199 32091 32206 D AnalyticsEventsLogger: │    "params": {
07-09 06:04:23.199 32091 32206 D AnalyticsEventsLogger: │       "Balance": "Blockchain Error",
07-09 06:04:23.199 32091 32206 D AnalyticsEventsLogger: │       "Tokens Count": "29",
07-09 06:04:23.199 32091 32206 D AnalyticsEventsLogger: │       "Batch": "AF24",
07-09 06:04:23.199 32091 32206 D AnalyticsEventsLogger: │       "Product Type": "Wallet 2.0",
07-09 06:04:23.199 32091 32206 D AnalyticsEventsLogger: │       "Firmware": "6.33r",
07-09 06:04:23.199 32091 32206 D AnalyticsEventsLogger: │       "User Wallet ID": "D7B5E96687B156A771A9956CECC7A5A85FC6643B01ED6DD88826DC3F1C57FE6F",
07-09 06:04:23.199 32091 32206 D AnalyticsEventsLogger: │       "Currency": "Multicurrency"
07-09 06:04:23.199 32091 32206 D AnalyticsEventsLogger: │    }
07-09 06:04:23.199 32091 32206 D AnalyticsEventsLogger: │ }
07-09 06:04:23.199 32091 32206 D AnalyticsEventsLogger: └────────────────────────────────────────────────────────────────────────────────────────────────────────────────
07-09 06:04:23.203 32091 32091 D WalletStateController: ┌────────────────────────────────────────────────────────────────────────────────────────────────────────────────
07-09 06:04:23.204 32091 32091 D WalletStateController: │ Applying: SetTokenListTransformer
07-09 06:04:23.204 32091 32091 D WalletStateController: └────────────────────────────────────────────────────────────────────────────────────────────────────────────────
07-09 06:04:23.232  1088  5135 D NxpTml  : PN54X - I2C Read successful.....len = 232
07-09 06:04:23.232  1088  5135 D NxpTml  : PN54X - Posting read message.....
07-09 06:04:23.232  1088  5135 D NxpNciR : len = 232 <= 0000E50108AF24000000907433020101200754414E47454D008006362E33337200032102E2C82ED2B76D6A9BD0F4C9A77AFD68D993B88E0F492E50B2D796B43E56355F2466011459000A0403E8BAB12F0400000000090205DCD00102D101013021028859CCC424B7EF676B92DC036E86482BDA081ECE19E9EF265E0590EC0936E8E00C598102AF24820407E8011D830B54616E67656D20322E30008640FDDAB11D49C8A1453FCBF2B45471797974C90BE3F527C85447D2FAA03CA64A77E68CBDFA058DBB06CFDA84CDD6DB13B52337D17494387063ACD6AB7EC0CAE8BF6501005F01000F01009000
07-09 06:04:23.232  1088  5138 D NxpHal  : read successful status = 0x0
07-09 06:04:23.233  1088  5135 D NxpTml  : PN54X - Read requested.....
07-09 06:04:23.233  1088  5135 D NxpTml  : PN54X - Invoking I2C Read.....
07-09 06:04:23.303  1088  5136 D NxpTml  : PN54X - Write requested.....
07-09 06:04:23.303  1088  5136 D NxpTml  : PN54X - Invoking I2C Write.....
07-09 06:04:23.306  1088  5135 D NxpTml  : PN54X - I2C Read successful.....len = 6
07-09 06:04:23.306  1088  5135 D NxpTml  : Delay Read if write thread is busy
07-09 06:04:23.307  1088  5136 D NxpNciX : len =  57 => 00003600F2000000002F102006A287255910D3C468C6066142E714E5F46C1F7EE69FBC9CBCEE34A05EA211E10108AF24000000907433230103
07-09 06:04:23.307  1088  5136 D NxpTml  : PN54X - I2C Write successful.....
07-09 06:04:23.307  1088  5136 D NxpTml  : PN54X - Posting Fresh Write message.....
07-09 06:04:23.307  1088  5136 D NxpTml  : PN54X - Tml Writer Thread Running................
07-09 06:04:23.307  1088  5138 D NxpHal  : write successful status = 0x0
07-09 06:04:23.309  1088  5135 D NxpTml  : PN54X - Posting read message.....
07-09 06:04:23.309  1088  5135 D NxpNciR : len =   6 <= 600603010001
07-09 06:04:23.309  1088  5138 D NxpHal  : read successful status = 0x0
07-09 06:04:23.310  1088  5135 D NxpTml  : PN54X - Read requested.....
07-09 06:04:23.311  1088  5135 D NxpTml  : PN54X - Invoking I2C Read.....
07-09 06:04:23.313  1395  1395 W NotificationHistory: Attempted to add notif for locked/gone/disabled user 0
07-09 06:04:23.327  2620  2620 D InterruptionStateProvider: No alerting: filtered notification: 0|com.tangem.wallet.debug|1138|null|10447
07-09 06:04:23.328  2620  2620 D InterruptionStateProvider: No alerting: filtered notification: 0|com.tangem.wallet.debug|1138|null|10447
07-09 06:04:23.338  2620  2717 D PeopleSpaceWidgetMgr: Sbn doesn't contain valid PeopleTileKey: null/0/com.tangem.wallet.debug
07-09 06:04:23.389 32091 32091 D WalletStateController: ┌────────────────────────────────────────────────────────────────────────────────────────────────────────────────
07-09 06:04:23.390 32091 32091 D WalletStateController: │ Applying: SetWarningsTransformer
07-09 06:04:23.390 32091 32091 D WalletStateController: └────────────────────────────────────────────────────────────────────────────────────────────────────────────────
07-09 06:04:23.395  1088  5135 D NxpTml  : PN54X - I2C Read successful.....len = 256
07-09 06:04:23.395  1088  5135 D NxpTml  : PN54X - Posting read message.....
07-09 06:04:23.395  1088  5135 D NxpNciR : len = 256 <= 1000FD0108AF240000009074336866650100020182050A736563703235366B31000701006021028AC589B0B5BCC870FAF78794ADA44CA615628840D78835062857B0C5EF5F9E806B206CD498BB458680EC89682F1E3EA46B7F1EB5AB32EC66104753678CF578EFF25663040000008C6404000001B868636501010201820508656432353531390007010060204B481440B35B523718926858C0F3C432B4DE56C6FAFA466ECDC4F2E7A2BA70EC6B201B155C76BFC7220FD9492D8F7EEE3495F420023EE3CBEDF9DD0E4854625DAD7263040000000064040000000068596501020201820510626C7331323338315F47325F415547000701006030B27BDAF80299DF
07-09 06:04:23.395  1088  5138 D NxpHal  : read successful status = 0x0
07-09 06:04:23.396  1088  5135 D NxpTml  : PN54X - Read requested.....
07-09 06:04:23.396  1088  5135 D NxpTml  : PN54X - Invoking I2C Read.....
07-09 06:04:23.402 32091 32102 I OpenGLRenderer: Davey! duration=9223333594924ms; Flags=0, FrameTimelineVsyncId=2140982, IntendedVsync=38441927574002, Vsync=38441994240666, InputEventId=0, HandleInputStart=38441994532990, AnimationStart=38441994536480, PerformTraversalsStart=38442053665334, DrawStart=38442099824917, FrameDeadline=38441960907334, FrameInterval=38441994522834, FrameStartTime=16666666, SyncQueued=38442100615802, SyncStart=38442103734032, IssueDrawCommandsStart=38442103817105, SwapBuffers=38442104747469, FrameCompleted=9223372036854775807, DequeueBufferDuration=17812, QueueBufferDuration=724688, GpuCompleted=9223372036854775807, SwapBuffersCompleted=38442105879240, DisplayPresentTime=0, 
07-09 06:04:23.404 32091 32206 D AnalyticsEventsLogger: ┌────────────────────────────────────────────────────────────────────────────────────────────────────────────────
07-09 06:04:23.404 32091 32206 D AnalyticsEventsLogger: │ {
07-09 06:04:23.405 32091 32206 D AnalyticsEventsLogger: │    "client": "Amplitude",
07-09 06:04:23.405 32091 32206 D AnalyticsEventsLogger: │    "event": "[Main Screen] Notice - Networks Unreachable",
07-09 06:04:23.405 32091 32206 D AnalyticsEventsLogger: │    "params": {
07-09 06:04:23.405 32091 32206 D AnalyticsEventsLogger: │       "Tokens": "TON, USDT",
07-09 06:04:23.405 32091 32206 D AnalyticsEventsLogger: │       "Batch": "AF24",
07-09 06:04:23.405 32091 32206 D AnalyticsEventsLogger: │       "Product Type": "Wallet 2.0",
07-09 06:04:23.405 32091 32206 D AnalyticsEventsLogger: │       "Firmware": "6.33r",
07-09 06:04:23.406 32091 32206 D AnalyticsEventsLogger: │       "User Wallet ID": "D7B5E96687B156A771A9956CECC7A5A85FC6643B01ED6DD88826DC3F1C57FE6F",
07-09 06:04:23.406 32091 32206 D AnalyticsEventsLogger: │       "Currency": "Multicurrency"
07-09 06:04:23.406 32091 32206 D AnalyticsEventsLogger: │    }
07-09 06:04:23.406 32091 32206 D AnalyticsEventsLogger: │ }
07-09 06:04:23.406 32091 32206 D AnalyticsEventsLogger: └────────────────────────────────────────────────────────────────────────────────────────────────────────────────
07-09 06:04:23.408 32091 32206 D AnalyticsEventsLogger: ┌────────────────────────────────────────────────────────────────────────────────────────────────────────────────
07-09 06:04:23.409 32091 32206 D AnalyticsEventsLogger: │ {
07-09 06:04:23.409 32091 32206 D AnalyticsEventsLogger: │    "client": "Firebase",
07-09 06:04:23.409 32091 32206 D AnalyticsEventsLogger: │    "event": "[Main Screen] Notice - Networks Unreachable",
07-09 06:04:23.409 32091 32206 D AnalyticsEventsLogger: │    "params": {
07-09 06:04:23.409 32091 32206 D AnalyticsEventsLogger: │       "Tokens": "TON, USDT",
07-09 06:04:23.409 32091 32206 D AnalyticsEventsLogger: │       "Batch": "AF24",
07-09 06:04:23.409 32091 32206 D AnalyticsEventsLogger: │       "Product Type": "Wallet 2.0",
07-09 06:04:23.409 32091 32206 D AnalyticsEventsLogger: │       "Firmware": "6.33r",
07-09 06:04:23.409 32091 32206 D AnalyticsEventsLogger: │       "User Wallet ID": "D7B5E96687B156A771A9956CECC7A5A85FC6643B01ED6DD88826DC3F1C57FE6F",
07-09 06:04:23.409 32091 32206 D AnalyticsEventsLogger: │       "Currency": "Multicurrency"
07-09 06:04:23.409 32091 32206 D AnalyticsEventsLogger: │    }
07-09 06:04:23.409 32091 32206 D AnalyticsEventsLogger: │ }
07-09 06:04:23.410 32091 32206 D AnalyticsEventsLogger: └────────────────────────────────────────────────────────────────────────────────────────────────────────────────
07-09 06:04:23.419  1088  5135 D NxpTml  : PN54X - I2C Read successful.....len = 256
07-09 06:04:23.419  1088  5135 D NxpTml  : PN54X - Posting read message.....
07-09 06:04:23.419  1088  5135 D NxpNciR : len = 256 <= 1000FD02645C961D725EB7661DB886BD627DDCBF4A6F533156963F04F5D89BE5B3549E57B27650585D1563F66304000000006404000000006863650103020182050862697030333430000701006020A7A8E473CBEB367772BC7ACE7FE8DE07DC81508BF9D6173A024B0F5C39CED4D56B202A769413084A18C6F98193CB81087FA2AB8EA6C733AE5F8EE7084C9A772C715E630400000000640400000000686C6501040201820511656432353531395F736C69703030313000070100602046C57D50E7AB405A2B0C57FBBFD7FBA30FA772013738F7DEA51DEC3BEB673E526B2076E14EAA330D720FB821EBF7CD728C320F0A4C93F1D5214F28D692388B1064B763
07-09 06:04:23.419  1088  5138 D NxpHal  : read successful status = 0x0
07-09 06:04:23.420  1088  5135 D NxpTml  : PN54X - Read requested.....
07-09 06:04:23.420  1088  5135 D NxpTml  : PN54X - Invoking I2C Read.....
07-09 06:04:23.429  1088  5135 D NxpTml  : PN54X - I2C Read successful.....len = 136
07-09 06:04:23.429  1088  5135 D NxpTml  : PN54X - Posting read message.....
07-09 06:04:23.430  1088  5135 D NxpNciR : len = 136 <= 000085040000000C64040000005668066501050201016806650106020101680665010702010168066501080201016806650109020101680665010A020101680665010B020101680665010C020101680665010D020101680665010E020101680665010F02010168066501100201016806650111020101680665011202010168066501130201019000
07-09 06:04:23.430  1088  5138 D NxpHal  : read successful status = 0x0
07-09 06:04:23.431  1088  5135 D NxpTml  : PN54X - Read requested.....
07-09 06:04:23.431  1088  5135 D NxpTml  : PN54X - Invoking I2C Read.....
07-09 06:04:23.470  1088  5136 D NxpTml  : PN54X - Write requested.....
07-09 06:04:23.470  1088  5136 D NxpTml  : PN54X - Invoking I2C Write.....
07-09 06:04:23.475  1088  5135 D NxpTml  : PN54X - I2C Read successful.....len = 6
07-09 06:04:23.475  1088  5135 D NxpTml  : Delay Read if write thread is busy
07-09 06:04:23.475  1088  5136 D NxpNciX : len = 150 => 00009300FB000000008C102006A287255910D3C468C6066142E714E5F46C1F7EE69FBC9CBCEE34A05EA211E111202AC9A6746ACA543AF8DFF39894CFE8173AFBA21EB01C6FAE33D52947222855EF0108AF240000009074335101205020DF2AA3E557BFB3A32FCA62F2CAD25F1DC713DCB756E2B13E6934F7A84CB2B5ED6501046A148000002C8000027D800000008000000080000000
07-09 06:04:23.475  1088  5136 D NxpTml  : PN54X - I2C Write successful.....
07-09 06:04:23.475  1088  5136 D NxpTml  : PN54X - Posting Fresh Write message.....
07-09 06:04:23.475  1088  5136 D NxpTml  : PN54X - Tml Writer Thread Running................
07-09 06:04:23.476  1088  5138 D NxpHal  : write successful status = 0x0
07-09 06:04:23.477  1088  5135 D NxpTml  : PN54X - Posting read message.....
07-09 06:04:23.478  1088  5135 D NxpNciR : len =   6 <= 600603010001
07-09 06:04:23.478  1088  5138 D NxpHal  : read successful status = 0x0
07-09 06:04:23.479  1088  5135 D NxpTml  : PN54X - Read requested.....
07-09 06:04:23.479  1088  5135 D NxpTml  : PN54X - Invoking I2C Read.....
07-09 06:04:23.587 32091 32103 I OpenGLRenderer: Davey! duration=9223333594843ms; Flags=0, FrameTimelineVsyncId=2140985, IntendedVsync=38442010775300, Vsync=38442110775296, InputEventId=0, HandleInputStart=38442115778563, AnimationStart=38442115783302, PerformTraversalsStart=38442172000334, DrawStart=38442172095386, FrameDeadline=38442044108632, FrameInterval=38442115765334, FrameStartTime=16666666, SyncQueued=38442287860386, SyncStart=38442288008667, IssueDrawCommandsStart=38442288421792, SwapBuffers=38442291634605, FrameCompleted=9223372036854775807, DequeueBufferDuration=22969, QueueBufferDuration=1366354, GpuCompleted=9223372036854775807, SwapBuffersCompleted=38442293410698, DisplayPresentTime=38429806199453, 
07-09 06:04:23.618 32091 32103 I OpenGLRenderer: Davey! duration=9223333594727ms; Flags=0, FrameTimelineVsyncId=2140992, IntendedVsync=38442127471541, Vsync=38442294138201, InputEventId=0, HandleInputStart=38442305521167, AnimationStart=38442305525125, PerformTraversalsStart=38442316368302, DrawStart=38442316470229, FrameDeadline=38442160804873, FrameInterval=38442305510386, FrameStartTime=16666666, SyncQueued=38442316668146, SyncStart=38442316824344, IssueDrawCommandsStart=38442317180542, SwapBuffers=38442320824292, FrameCompleted=9223372036854775807, DequeueBufferDuration=24167, QueueBufferDuration=1486614, GpuCompleted=9223372036854775807, SwapBuffersCompleted=38442323472261, DisplayPresentTime=38429822890338, 
07-09 06:04:24.061  1088  5135 D NxpTml  : PN54X - I2C Read successful.....len = 121
07-09 06:04:24.061  1088  5135 D NxpTml  : PN54X - Posting read message.....
07-09 06:04:24.061  1088  5135 D NxpNciR : len = 121 <= 0000760108AF240000009074335020DF2AA3E557BFB3A32FCA62F2CAD25F1DC713DCB756E2B13E6934F7A84CB2B5ED614071A4661593D2AD060D4652A1AB9E5632F04F7DBF5256CE4339E3BD1A85CB6A7BFC0B9C3E85BD4BF27252A7A2FAB976BAC11E8786AA4C826F9E060D6A89EC4D0063040000000D9000
07-09 06:04:24.061  1088  5138 D NxpHal  : read successful status = 0x0
07-09 06:04:24.062  1088  5135 D NxpTml  : PN54X - Read requested.....
07-09 06:04:24.062  1088  5135 D NxpTml  : PN54X - Invoking I2C Read.....
07-09 06:04:24.069 32091 32175 I LogMiddlewareKt: ┌────────────────────────────────────────────────────────────────────────────────────────────────────────────────
07-09 06:04:24.069 32091 32175 I LogMiddlewareKt: │ Dispatch action: IsSignWithRing
07-09 06:04:24.069 32091 32175 I LogMiddlewareKt: └────────────────────────────────────────────────────────────────────────────────────────────────────────────────
07-09 06:04:24.072 32091 32175 I LockUserWalletsTimer: ┌────────────────────────────────────────────────────────────────────────────────────────────────────────────────
07-09 06:04:24.072 32091 32175 I LockUserWalletsTimer: │ Timer restart
07-09 06:04:24.072 32091 32175 I LockUserWalletsTimer: │ |- Duration millis: 300000
07-09 06:04:24.072 32091 32175 I LockUserWalletsTimer: └────────────────────────────────────────────────────────────────────────────────────────────────────────────────
07-09 06:04:24.109 32091 32091 D USDTRecovery: 
07-09 06:04:24.109 32091 32091 D USDTRecovery: 🎉 JSON TRANSACTION SIGNED SUCCESSFULLY!
07-09 06:04:24.110  1142  1142 D vendor.qti.vibrator: Vibrator on for timeoutMs: 10
07-09 06:04:24.111  1142 32503 D vendor.qti.vibrator: Starting on on another thread
07-09 06:04:24.113 32091 32091 D USDTRecovery: Signature: 71a4661593d2ad060d4652a1ab9e5632f04f7dbf5256ce4339e3bd1a85cb6a7bfc0b9c3e85bd4bf27252a7a2fab976bac11e8786aa4c826f9e060d6a89ec4d00
07-09 06:04:24.113 32091 32091 D USDTRecovery: 🔐 Adding signature to transaction
07-09 06:04:24.114 32091 32091 D USDTRecovery: Public key: 61a34fcf20a464a987254ab337656066a503a2cf76e7da1466b0f699093700ba
07-09 06:04:24.116 32091 32091 D USDTRecovery: Signature: 71a4661593d2ad060d4652a1ab9e5632f04f7dbf5256ce4339e3bd1a85cb6a7bfc0b9c3e85bd4bf27252a7a2fab976bac11e8786aa4c826f9e060d6a89ec4d00
07-09 06:04:24.119 32091 32091 D USDTRecovery: 📡 Formatting transaction for broadcast
07-09 06:04:24.120 32091 32091 D USDTRecovery: 🚀 BROADCAST COMMAND:
07-09 06:04:24.120 32091 32091 D USDTRecovery: curl -X POST https://fullnode.mainnet.aptoslabs.com/v1/transactions \
07-09 06:04:24.120 32091 32091 D USDTRecovery:   -H 'Content-Type: application/json' \
07-09 06:04:24.120 32091 32091 D USDTRecovery:   -d '{
07-09 06:04:24.120 32091 32091 D USDTRecovery:   "sender": "0x6d450a1c03f2a5291d3f7d7c87e1abe3844ee832a7c9582a1e525b6b3624e1e4",
07-09 06:04:24.120 32091 32091 D USDTRecovery:   "sequence_number": "2",
07-09 06:04:24.120 32091 32091 D USDTRecovery:   "max_gas_amount": "100000",
07-09 06:04:24.120 32091 32091 D USDTRecovery:   "gas_unit_price": "100",
07-09 06:04:24.120 32091 32091 D USDTRecovery:   "expiration_timestamp_secs": "1752084000",
07-09 06:04:24.120 32091 32091 D USDTRecovery:   "payload": {
07-09 06:04:24.120 32091 32091 D USDTRecovery:     "type": "entry_function_payload",
07-09 06:04:24.120 32091 32091 D USDTRecovery:     "function": "0x1::primary_fungible_store::transfer",
07-09 06:04:24.120 32091 32091 D USDTRecovery:     "type_arguments": [
07-09 06:04:24.120 32091 32091 D USDTRecovery:       "0x1::fungible_asset::Metadata"
07-09 06:04:24.120 32091 32091 D USDTRecovery:     ],
07-09 06:04:24.120 32091 32091 D USDTRecovery:     "arguments": [
07-09 06:04:24.120 32091 32091 D USDTRecovery:       "0x357b0b74bc833e95a115ad22604854d6b0fca151cecd94111770e5d6ffc9dc2b",
07-09 06:04:24.120 32091 32091 D USDTRecovery:       "0xae77a91be4cd67144cf1fe0949f00b2d715eb7863b5248c9c949a5a6a98f1c9f",
07-09 06:04:24.120 32091 32091 D USDTRecovery:       "10000"
07-09 06:04:24.120 32091 32091 D USDTRecovery:     ]
07-09 06:04:24.120 32091 32091 D USDTRecovery:   },
07-09 06:04:24.120 32091 32091 D USDTRecovery:   "signature": {
07-09 06:04:24.120 32091 32091 D USDTRecovery:     "type": "ed25519_signature",
07-09 06:04:24.120 32091 32091 D USDTRecovery:     "public_key": "0x61a34fcf20a464a987254ab337656066a503a2cf76e7da1466b0f699093700ba",
07-09 06:04:24.120 32091 32091 D USDTRecovery:     "signature": "0x71a4661593d2ad060d4652a1ab9e5632f04f7dbf5256ce4339e3bd1a85cb6a7bfc0b9c3e85bd4bf27252a7a2fab976bac11e8786aa4c826f9e060d6a89ec4d00"
07-09 06:04:24.120 32091 32091 D USDTRecovery:   }
07-09 06:04:24.120 32091 32091 D USDTRecovery: }'
07-09 06:04:24.120  1142  1142 D vendor.qti.vibrator: QTI Vibrator off
07-09 06:04:24.120 32091 32091 D USDTRecovery: 
07-09 06:04:24.120 32091 32091 D USDTRecovery: 💎 READY TO BROADCAST - COPY THIS CURL COMMAND:
07-09 06:04:24.120 32091 32091 D USDTRecovery: 
07-09 06:04:24.120 32091 32091 D USDTRecovery: curl -X POST https://fullnode.mainnet.aptoslabs.com/v1/transactions \
07-09 06:04:24.120 32091 32091 D USDTRecovery:   -H 'Content-Type: application/json' \
07-09 06:04:24.120 32091 32091 D USDTRecovery:   -d '{
07-09 06:04:24.120 32091 32091 D USDTRecovery:   "sender": "0x6d450a1c03f2a5291d3f7d7c87e1abe3844ee832a7c9582a1e525b6b3624e1e4",
07-09 06:04:24.120 32091 32091 D USDTRecovery:   "sequence_number": "2",
07-09 06:04:24.120 32091 32091 D USDTRecovery:   "max_gas_amount": "100000",
07-09 06:04:24.120 32091 32091 D USDTRecovery:   "gas_unit_price": "100",
07-09 06:04:24.120 32091 32091 D USDTRecovery:   "expiration_timestamp_secs": "1752084000",
07-09 06:04:24.120 32091 32091 D USDTRecovery:   "payload": {
07-09 06:04:24.120 32091 32091 D USDTRecovery:     "type": "entry_function_payload",
07-09 06:04:24.120 32091 32091 D USDTRecovery:     "function": "0x1::primary_fungible_store::transfer",
07-09 06:04:24.120 32091 32091 D USDTRecovery:     "type_arguments": [
07-09 06:04:24.120 32091 32091 D USDTRecovery:       "0x1::fungible_asset::Metadata"
07-09 06:04:24.120 32091 32091 D USDTRecovery:     ],
07-09 06:04:24.120 32091 32091 D USDTRecovery:     "arguments": [
07-09 06:04:24.120 32091 32091 D USDTRecovery:       "0x357b0b74bc833e95a115ad22604854d6b0fca151cecd94111770e5d6ffc9dc2b",
07-09 06:04:24.120 32091 32091 D USDTRecovery:       "0xae77a91be4cd67144cf1fe0949f00b2d715eb7863b5248c9c949a5a6a98f1c9f",
07-09 06:04:24.120 32091 32091 D USDTRecovery:       "10000"
07-09 06:04:24.120 32091 32091 D USDTRecovery:     ]
07-09 06:04:24.120 32091 32091 D USDTRecovery:   },
07-09 06:04:24.120 32091 32091 D USDTRecovery:   "signature": {
07-09 06:04:24.120 32091 32091 D USDTRecovery:     "type": "ed25519_signature",
07-09 06:04:24.120 32091 32091 D USDTRecovery:     "public_key": "0x61a34fcf20a464a987254ab337656066a503a2cf76e7da1466b0f699093700ba",
07-09 06:04:24.120 32091 32091 D USDTRecovery:     "signature": "0x71a4661593d2ad060d4652a1ab9e5632f04f7dbf5256ce4339e3bd1a85cb6a7bfc0b9c3e85bd4bf27252a7a2fab976bac11e8786aa4c826f9e060d6a89ec4d00"
07-09 06:04:24.120 32091 32091 D USDTRecovery:   }
07-09 06:04:24.120 32091 32091 D USDTRecovery: }'
07-09 06:04:24.121 32091 32091 D USDTRecovery: 
07-09 06:04:24.121 32091 32091 D USDTRecovery: 🚀🚀🚀 JSON TRANSACTION READY FOR BROADCAST! 🚀🚀🚀
07-09 06:04:24.121  1142 32503 D vendor.qti.vibrator: Notifying on complete
07-09 06:04:24.140  1142  1142 D vendor.qti.vibrator: Vibrator on for timeoutMs: 30
07-09 06:04:24.141  1142 32504 D vendor.qti.vibrator: Starting on on another thread
07-09 06:04:24.172  1142 32504 D vendor.qti.vibrator: Notifying on complete
07-09 06:04:24.172  1142  1142 D vendor.qti.vibrator: QTI Vibrator off
07-09 06:04:24.189  1088  1088 D android.hardware.nfc@1.2-service: sem_timedwait() succeeded
07-09 06:04:24.189  1088  5136 D NxpTml  : PN54X - Write requested.....
07-09 06:04:24.189  1088  5136 D NxpTml  : PN54X - Invoking I2C Write.....
07-09 06:04:24.191  1088  5135 D NxpTml  : PN54X - I2C Read successful.....len = 4
07-09 06:04:24.191  1088  5135 D NxpTml  : Delay Read if write thread is busy
07-09 06:04:24.191  1088  5136 D NxpNciX : len =   3 => 211000
07-09 06:04:24.191  1088  5136 D NxpTml  : PN54X - I2C Write successful.....
07-09 06:04:24.191  1088  5136 D NxpTml  : PN54X - Posting Fresh Write message.....
07-09 06:04:24.191  1088  5136 D NxpTml  : PN54X - Tml Writer Thread Running................
07-09 06:04:24.191  1088  5138 D NxpHal  : write successful status = 0x0
07-09 06:04:24.193  1088  5135 D NxpTml  : PN54X - Posting read message.....
07-09 06:04:24.193  1088  5135 D NxpNciR : len =   4 <= 41100100
07-09 06:04:24.193  1088  5138 D NxpHal  : read successful status = 0x0
07-09 06:04:24.194  1088  5135 D NxpTml  : PN54X - Read requested.....
07-09 06:04:24.194  1088  5135 D NxpTml  : PN54X - Invoking I2C Read.....
07-09 06:04:24.195  1088  5135 D NxpTml  : PN54X - I2C Read successful.....len = 4
07-09 06:04:24.195  1088  5135 D NxpTml  : PN54X - Posting read message.....
07-09 06:04:24.195  1088  5135 D NxpNciR : len =   4 <= 61100100
07-09 06:04:24.195  1088  5138 D NxpHal  : read successful status = 0x0
07-09 06:04:24.198  1088  5135 D NxpTml  : PN54X - Read requested.....
07-09 06:04:24.198  1088  5135 D NxpTml  : PN54X - Invoking I2C Read.....
07-09 06:04:24.236  1395  4549 W InputManager-JNI: Input channel object 'a872532 com.tangem.wallet.debug/com.tangem.tap.MainActivity (client)' was disposed without first being removed with the input manager!
07-09 06:04:24.287  4389  4389 I GoogleInputMethodService: GoogleInputMethodService.onFinishInput():1984 
07-09 06:04:24.291  4389  4389 I Module  : DeviceLockedStatusModuleProvider$Module.updateDeviceLockedStatus():100 repeatCheckTimes = 0, locked = false
07-09 06:04:24.294  4389  4389 I GoogleInputMethodService: GoogleInputMethodService.onStartInput():1248 onStartInput(EditorInfo{EditorInfo{packageName=com.tangem.wallet.debug, inputType=0, inputTypeString=NULL, enableLearning=false, autoCorrection=false, autoComplete=false, imeOptions=0, privateImeOptions=null, actionName=UNSPECIFIED, actionLabel=null, initialSelStart=-1, initialSelEnd=-1, initialCapsMode=0, label=null, fieldId=-1, fieldName=null, extras=null, hintText=null, hintLocales=[]}}, false)
07-09 06:04:24.303  4389  4389 I Module  : DeviceLockedStatusModuleProvider$Module.updateDeviceLockedStatus():100 repeatCheckTimes = 1, locked = false
07-09 06:04:24.322  1088  1088 D android.hardware.nfc@1.2-service: sem_timedwait() succeeded
07-09 06:04:24.323  1088  5136 D NxpTml  : PN54X - Write requested.....
07-09 06:04:24.323  1088  5136 D NxpTml  : PN54X - Invoking I2C Write.....
07-09 06:04:24.325  1088  5136 D NxpNciX : len =   3 => 211000
07-09 06:04:24.325  1088  5135 D NxpTml  : PN54X - I2C Read successful.....len = 4
07-09 06:04:24.325  1088  5135 D NxpTml  : Delay Read if write thread is busy
07-09 06:04:24.325  1088  5136 D NxpTml  : PN54X - I2C Write successful.....
07-09 06:04:24.325  1088  5136 D NxpTml  : PN54X - Posting Fresh Write message.....
07-09 06:04:24.325  1088  5136 D NxpTml  : PN54X - Tml Writer Thread Running................
07-09 06:04:24.325  1088  5138 D NxpHal  : write successful status = 0x0
07-09 06:04:24.327  1088  5135 D NxpTml  : PN54X - Posting read message.....
07-09 06:04:24.328  1088  5135 D NxpNciR : len =   4 <= 41100100
07-09 06:04:24.328  1088  5138 D NxpHal  : read successful status = 0x0
07-09 06:04:24.329  1088  5135 D NxpTml  : PN54X - Read requested.....
07-09 06:04:24.329  1088  5135 D NxpTml  : PN54X - Invoking I2C Read.....
07-09 06:04:24.332  1088  5135 D NxpTml  : PN54X - I2C Read successful.....len = 4
07-09 06:04:24.332  1088  5135 D NxpTml  : PN54X - Posting read message.....
07-09 06:04:24.332  1088  5135 D NxpNciR : len =   4 <= 61100100
07-09 06:04:24.332  1088  5138 D NxpHal  : read successful status = 0x0
07-09 06:04:24.333  1088  5135 D NxpTml  : PN54X - Read requested.....
07-09 06:04:24.333  1088  5135 D NxpTml  : PN54X - Invoking I2C Read.....
07-09 06:04:24.341 32091 32103 I OpenGLRenderer: Davey! duration=9223333593843ms; Flags=0, FrameTimelineVsyncId=2141080, IntendedVsync=38443011091894, Vsync=38443011091894, InputEventId=0, HandleInputStart=38443012102156, AnimationStart=38443012109031, PerformTraversalsStart=38443029752938, DrawStart=38443029902313, FrameDeadline=38443044425226, FrameInterval=38443012088875, FrameStartTime=16666666, SyncQueued=38443034655385, SyncStart=38443035091479, IssueDrawCommandsStart=38443035660906, SwapBuffers=38443040555073, FrameCompleted=9223372036854775807, DequeueBufferDuration=35364, QueueBufferDuration=1536771, GpuCompleted=9223372036854775807, SwapBuffersCompleted=38443043125802, DisplayPresentTime=38429839206693, 
07-09 06:04:24.461  1088  1088 D android.hardware.nfc@1.2-service: sem_timedwait() succeeded
07-09 06:04:24.461  1088  5136 D NxpTml  : PN54X - Write requested.....
07-09 06:04:24.462  1088  5136 D NxpTml  : PN54X - Invoking I2C Write.....
07-09 06:04:24.464  1088  5136 D NxpNciX : len =   3 => 211000
07-09 06:04:24.464  1088  5136 D NxpTml  : PN54X - I2C Write successful.....
07-09 06:04:24.464  1088  5136 D NxpTml  : PN54X - Posting Fresh Write message.....
07-09 06:04:24.464  1088  5136 D NxpTml  : PN54X - Tml Writer Thread Running................
07-09 06:04:24.464  1088  5135 D NxpTml  : PN54X - I2C Read successful.....len = 4
07-09 06:04:24.464  1088  5135 D NxpTml  : Delay Read if write thread is busy
07-09 06:04:24.464  1088  5138 D NxpHal  : write successful status = 0x0
07-09 06:04:24.466  1088  5135 D NxpTml  : PN54X - Posting read message.....
07-09 06:04:24.467  1088  5135 D NxpNciR : len =   4 <= 41100100
07-09 06:04:24.467  1088  5138 D NxpHal  : read successful status = 0x0
07-09 06:04:24.468  1088  5135 D NxpTml  : PN54X - Read requested.....
07-09 06:04:24.468  1088  5135 D NxpTml  : PN54X - Invoking I2C Read.....
07-09 06:04:24.469  1088  5135 D NxpTml  : PN54X - I2C Read successful.....len = 4
07-09 06:04:24.469  1088  5135 D NxpTml  : PN54X - Posting read message.....
07-09 06:04:24.469  1088  5135 D NxpNciR : len =   4 <= 61100100
07-09 06:04:24.470  1088  5138 D NxpHal  : read successful status = 0x0
07-09 06:04:24.472  1088  5135 D NxpTml  : PN54X - Read requested.....
07-09 06:04:24.472  1088  5135 D NxpTml  : PN54X - Invoking I2C Read.....
07-09 06:04:24.600  1088  1088 D android.hardware.nfc@1.2-service: sem_timedwait() succeeded
07-09 06:04:24.601  1088  5136 D NxpTml  : PN54X - Write requested.....
07-09 06:04:24.601  1088  5136 D NxpTml  : PN54X - Invoking I2C Write.....
07-09 06:04:24.602  1088  5136 D NxpNciX : len =   3 => 211000
07-09 06:04:24.602  1088  5136 D NxpTml  : PN54X - I2C Write successful.....
07-09 06:04:24.602  1088  5136 D NxpTml  : PN54X - Posting Fresh Write message.....
07-09 06:04:24.603  1088  5136 D NxpTml  : PN54X - Tml Writer Thread Running................
07-09 06:04:24.603  1088  5135 D NxpTml  : PN54X - I2C Read successful.....len = 4
07-09 06:04:24.603  1088  5135 D NxpTml  : PN54X - Posting read message.....
07-09 06:04:24.603  1088  5138 D NxpHal  : write successful status = 0x0
07-09 06:04:24.603  1088  5135 D NxpNciR : len =   4 <= 41100100
07-09 06:04:24.603  1088  5138 D NxpHal  : read successful status = 0x0
07-09 06:04:24.605  1088  5135 D NxpTml  : PN54X - Read requested.....
07-09 06:04:24.605  1088  5135 D NxpTml  : PN54X - Invoking I2C Read.....
07-09 06:04:24.605  1088  5135 D NxpTml  : PN54X - I2C Read successful.....len = 4
07-09 06:04:24.605  1088  5135 D NxpTml  : PN54X - Posting read message.....
07-09 06:04:24.605  1088  5135 D NxpNciR : len =   4 <= 61100100
07-09 06:04:24.606  1088  5138 D NxpHal  : read successful status = 0x0
07-09 06:04:24.608  1088  5135 D NxpTml  : PN54X - Read requested.....
07-09 06:04:24.608  1088  5135 D NxpTml  : PN54X - Invoking I2C Read.....
07-09 06:04:24.734  1088  1088 D android.hardware.nfc@1.2-service: sem_timedwait() succeeded
07-09 06:04:24.734  1088  5136 D NxpTml  : PN54X - Write requested.....
07-09 06:04:24.734  1088  5136 D NxpTml  : PN54X - Invoking I2C Write.....
07-09 06:04:24.737  1088  5136 D NxpNciX : len =   3 => 211000
07-09 06:04:24.737  1088  5136 D NxpTml  : PN54X - I2C Write successful.....
07-09 06:04:24.737  1088  5136 D NxpTml  : PN54X - Posting Fresh Write message.....
07-09 06:04:24.737  1088  5136 D NxpTml  : PN54X - Tml Writer Thread Running................
07-09 06:04:24.737  1088  5138 D NxpHal  : write successful status = 0x0
07-09 06:04:24.738  1088  5135 D NxpTml  : PN54X - I2C Read successful.....len = 4
07-09 06:04:24.738  1088  5135 D NxpTml  : PN54X - Posting read message.....
07-09 06:04:24.738  1088  5135 D NxpNciR : len =   4 <= 41100100
07-09 06:04:24.738  1088  5138 D NxpHal  : read successful status = 0x0
07-09 06:04:24.739  1088  5135 D NxpTml  : PN54X - Read requested.....
07-09 06:04:24.739  1088  5135 D NxpTml  : PN54X - Invoking I2C Read.....
07-09 06:04:24.739  1088  5135 D NxpTml  : PN54X - I2C Read successful.....len = 4
07-09 06:04:24.739  1088  5135 D NxpTml  : PN54X - Posting read message.....
07-09 06:04:24.739  1088  5135 D NxpNciR : len =   4 <= 61100100
07-09 06:04:24.740  1088  5138 D NxpHal  : read successful status = 0x0
07-09 06:04:24.741  1088  5135 D NxpTml  : PN54X - Read requested.....
07-09 06:04:24.741  1088  5135 D NxpTml  : PN54X - Invoking I2C Read.....
07-09 06:04:24.868  1088  1088 D android.hardware.nfc@1.2-service: sem_timedwait() succeeded
07-09 06:04:24.868  1088  5136 D NxpTml  : PN54X - Write requested.....
07-09 06:04:24.868  1088  5136 D NxpTml  : PN54X - Invoking I2C Write.....
07-09 06:04:24.870  1088  5136 D NxpNciX : len =   3 => 211000
07-09 06:04:24.870  1088  5136 D NxpTml  : PN54X - I2C Write successful.....
07-09 06:04:24.870  1088  5136 D NxpTml  : PN54X - Posting Fresh Write message.....
07-09 06:04:24.871  1088  5136 D NxpTml  : PN54X - Tml Writer Thread Running................
07-09 06:04:24.871  1088  5138 D NxpHal  : write successful status = 0x0
07-09 06:04:24.871  1088  5135 D NxpTml  : PN54X - I2C Read successful.....len = 4
07-09 06:04:24.871  1088  5135 D NxpTml  : PN54X - Posting read message.....
07-09 06:04:24.871  1088  5135 D NxpNciR : len =   4 <= 41100100
07-09 06:04:24.871  1088  5138 D NxpHal  : read successful status = 0x0
07-09 06:04:24.873  1088  5135 D NxpTml  : PN54X - Read requested.....
07-09 06:04:24.873  1088  5135 D NxpTml  : PN54X - Invoking I2C Read.....
07-09 06:04:24.873  1088  5135 D NxpTml  : PN54X - I2C Read successful.....len = 4
07-09 06:04:24.873  1088  5135 D NxpTml  : PN54X - Posting read message.....
07-09 06:04:24.873  1088  5135 D NxpNciR : len =   4 <= 61100100
07-09 06:04:24.873  1088  5138 D NxpHal  : read successful status = 0x0
07-09 06:04:24.874  1088  5135 D NxpTml  : PN54X - Read requested.....
07-09 06:04:24.874  1088  5135 D NxpTml  : PN54X - Invoking I2C Read.....
07-09 06:04:24.881  1584 32484 I focaltech:hal:core: [1066]:lazy template updating...
07-09 06:04:24.942  1584 32484 I focaltech:ca:client: [ 186]:---8<--------------- TA LOG --------------------
07-09 06:04:24.942  1584 32484 I focaltech:ta:core: [ 407]:saving 'ff_template_0_1.bin'...
07-09 06:04:24.942  1584 32484 I focaltech:ca:client: [ 206]:------------------------------------------->8---
07-09 06:04:25.000  1088  1088 D android.hardware.nfc@1.2-service: sem_timedwait() succeeded
07-09 06:04:25.001  1088  5136 D NxpTml  : PN54X - Write requested.....
07-09 06:04:25.001  1088  5136 D NxpTml  : PN54X - Invoking I2C Write.....
07-09 06:04:25.004  1088  5136 D NxpNciX : len =   3 => 211000
07-09 06:04:25.004  1088  5136 D NxpTml  : PN54X - I2C Write successful.....
07-09 06:04:25.004  1088  5136 D NxpTml  : PN54X - Posting Fresh Write message.....
07-09 06:04:25.004  1088  5136 D NxpTml  : PN54X - Tml Writer Thread Running................
07-09 06:04:25.004  1088  5138 D NxpHal  : write successful status = 0x0
07-09 06:04:25.004  1088  5135 D NxpTml  : PN54X - I2C Read successful.....len = 4
07-09 06:04:25.005  1088  5135 D NxpTml  : PN54X - Posting read message.....
07-09 06:04:25.005  1088  5135 D NxpNciR : len =   4 <= 41100100
07-09 06:04:25.005  1088  5138 D NxpHal  : read successful status = 0x0
07-09 06:04:25.007  1088  5135 D NxpTml  : PN54X - Read requested.....
07-09 06:04:25.007  1088  5135 D NxpTml  : PN54X - Invoking I2C Read.....
07-09 06:04:25.008  1088  5135 D NxpTml  : PN54X - I2C Read successful.....len = 4
07-09 06:04:25.009  1088  5135 D NxpTml  : PN54X - Posting read message.....
07-09 06:04:25.009  1088  5135 D NxpNciR : len =   4 <= 61100100
07-09 06:04:25.009  1088  5138 D NxpHal  : read successful status = 0x0
07-09 06:04:25.011  1088  5135 D NxpTml  : PN54X - Read requested.....
07-09 06:04:25.011  1088  5135 D NxpTml  : PN54X - Invoking I2C Read.....
07-09 06:04:25.138  1088  1088 D android.hardware.nfc@1.2-service: sem_timedwait() succeeded
07-09 06:04:25.138  1088  5136 D NxpTml  : PN54X - Write requested.....
07-09 06:04:25.138  1088  5136 D NxpTml  : PN54X - Invoking I2C Write.....
07-09 06:04:25.140  1088  5136 D NxpNciX : len =   3 => 211000
07-09 06:04:25.141  1088  5136 D NxpTml  : PN54X - I2C Write successful.....
07-09 06:04:25.141  1088  5135 D NxpTml  : PN54X - I2C Read successful.....len = 4
07-09 06:04:25.141  1088  5136 D NxpTml  : PN54X - Posting Fresh Write message.....
07-09 06:04:25.141  1088  5135 D NxpTml  : Delay Read if write thread is busy
07-09 06:04:25.141  1088  5136 D NxpTml  : PN54X - Tml Writer Thread Running................
07-09 06:04:25.141  1088  5138 D NxpHal  : write successful status = 0x0
07-09 06:04:25.143  1088  5135 D NxpTml  : PN54X - Posting read message.....
07-09 06:04:25.143  1088  5135 D NxpNciR : len =   4 <= 41100100
07-09 06:04:25.143  1088  5138 D NxpHal  : read successful status = 0x0
07-09 06:04:25.145  1088  5135 D NxpTml  : PN54X - Read requested.....
07-09 06:04:25.145  1088  5135 D NxpTml  : PN54X - Invoking I2C Read.....
07-09 06:04:25.146  1088  5135 D NxpTml  : PN54X - I2C Read successful.....len = 4
07-09 06:04:25.146  1088  5135 D NxpTml  : PN54X - Posting read message.....
07-09 06:04:25.146  1088  5135 D NxpNciR : len =   4 <= 61100100
07-09 06:04:25.146  1088  5138 D NxpHal  : read successful status = 0x0
07-09 06:04:25.147  1088  5135 D NxpTml  : PN54X - Read requested.....
07-09 06:04:25.147  1088  5135 D NxpTml  : PN54X - Invoking I2C Read.....
07-09 06:04:25.273  1088  1088 D android.hardware.nfc@1.2-service: sem_timedwait() succeeded
07-09 06:04:25.274  1088  5136 D NxpTml  : PN54X - Write requested.....
07-09 06:04:25.274  1088  5136 D NxpTml  : PN54X - Invoking I2C Write.....
07-09 06:04:25.276  1088  5136 D NxpNciX : len =   3 => 211000
07-09 06:04:25.277  1088  5136 D NxpTml  : PN54X - I2C Write successful.....
07-09 06:04:25.277  1088  5136 D NxpTml  : PN54X - Posting Fresh Write message.....
07-09 06:04:25.277  1088  5136 D NxpTml  : PN54X - Tml Writer Thread Running................
07-09 06:04:25.277  1088  5138 D NxpHal  : write successful status = 0x0
07-09 06:04:25.277  1088  5135 D NxpTml  : PN54X - I2C Read successful.....len = 4
07-09 06:04:25.277  1088  5135 D NxpTml  : PN54X - Posting read message.....
07-09 06:04:25.277  1088  5135 D NxpNciR : len =   4 <= 41100100
07-09 06:04:25.278  1088  5138 D NxpHal  : read successful status = 0x0
07-09 06:04:25.279  1088  5135 D NxpTml  : PN54X - Read requested.....
07-09 06:04:25.279  1088  5135 D NxpTml  : PN54X - Invoking I2C Read.....
07-09 06:04:25.280  1088  5135 D NxpTml  : PN54X - I2C Read successful.....len = 4
07-09 06:04:25.280  1088  5135 D NxpTml  : PN54X - Posting read message.....
07-09 06:04:25.280  1088  5135 D NxpNciR : len =   4 <= 61100100
07-09 06:04:25.280  1088  5138 D NxpHal  : read successful status = 0x0
07-09 06:04:25.281  1088  5135 D NxpTml  : PN54X - Read requested.....
07-09 06:04:25.281  1088  5135 D NxpTml  : PN54X - Invoking I2C Read.....
07-09 06:04:25.407  1088  1088 D android.hardware.nfc@1.2-service: sem_timedwait() succeeded
07-09 06:04:25.407  1088  5136 D NxpTml  : PN54X - Write requested.....
07-09 06:04:25.407  1088  5136 D NxpTml  : PN54X - Invoking I2C Write.....
07-09 06:04:25.409  1088  5136 D NxpNciX : len =   3 => 211000
07-09 06:04:25.409  1088  5136 D NxpTml  : PN54X - I2C Write successful.....
07-09 06:04:25.409  1088  5136 D NxpTml  : PN54X - Posting Fresh Write message.....
07-09 06:04:25.409  1088  5136 D NxpTml  : PN54X - Tml Writer Thread Running................
07-09 06:04:25.409  1088  5135 D NxpTml  : PN54X - I2C Read successful.....len = 4
07-09 06:04:25.409  1088  5135 D NxpTml  : PN54X - Posting read message.....
07-09 06:04:25.409  1088  5138 D NxpHal  : write successful status = 0x0
07-09 06:04:25.409  1088  5135 D NxpNciR : len =   4 <= 41100100
07-09 06:04:25.409  1088  5138 D NxpHal  : read successful status = 0x0
07-09 06:04:25.410  1088  5135 D NxpTml  : PN54X - Read requested.....
07-09 06:04:25.410  1088  5135 D NxpTml  : PN54X - Invoking I2C Read.....
07-09 06:04:25.411  1088  5135 D NxpTml  : PN54X - I2C Read successful.....len = 4
07-09 06:04:25.411  1088  5135 D NxpTml  : PN54X - Posting read message.....
07-09 06:04:25.411  1088  5135 D NxpNciR : len =   4 <= 61100100
07-09 06:04:25.411  1088  5138 D NxpHal  : read successful status = 0x0
07-09 06:04:25.411  1088  5135 D NxpTml  : PN54X - Read requested.....
07-09 06:04:25.412  1088  5135 D NxpTml  : PN54X - Invoking I2C Read.....
07-09 06:04:25.539  1088  1088 D android.hardware.nfc@1.2-service: sem_timedwait() succeeded
07-09 06:04:25.540  1088  5136 D NxpTml  : PN54X - Write requested.....
07-09 06:04:25.540  1088  5136 D NxpTml  : PN54X - Invoking I2C Write.....
07-09 06:04:25.541  1088  5135 D NxpTml  : PN54X - I2C Read successful.....len = 4
07-09 06:04:25.541  1088  5135 D NxpTml  : Delay Read if write thread is busy
07-09 06:04:25.541  1088  5136 D NxpNciX : len =   3 => 211000
07-09 06:04:25.541  1088  5136 D NxpTml  : PN54X - I2C Write successful.....
07-09 06:04:25.542  1088  5136 D NxpTml  : PN54X - Posting Fresh Write message.....
07-09 06:04:25.542  1088  5136 D NxpTml  : PN54X - Tml Writer Thread Running................
07-09 06:04:25.542  1088  5138 D NxpHal  : write successful status = 0x0
07-09 06:04:25.543  1088  5135 D NxpTml  : PN54X - Posting read message.....
07-09 06:04:25.544  1088  5135 D NxpNciR : len =   4 <= 41100100
07-09 06:04:25.544  1088  5138 D NxpHal  : read successful status = 0x0
07-09 06:04:25.544  1088  5135 D NxpTml  : PN54X - Read requested.....
07-09 06:04:25.544  1088  5135 D NxpTml  : PN54X - Invoking I2C Read.....
07-09 06:04:25.545  1088  5135 D NxpTml  : PN54X - I2C Read successful.....len = 4
07-09 06:04:25.545  1088  5135 D NxpTml  : PN54X - Posting read message.....
07-09 06:04:25.545  1088  5135 D NxpNciR : len =   4 <= 61100100
07-09 06:04:25.545  1088  5138 D NxpHal  : read successful status = 0x0
07-09 06:04:25.546  1088  5135 D NxpTml  : PN54X - Read requested.....
07-09 06:04:25.546  1088  5135 D NxpTml  : PN54X - Invoking I2C Read.....
07-09 06:04:25.639 16410 16410 W ThreadPoolForeg: type=1400 audit(0.0:15704): avc: denied { write } for name="traced_producer" dev="tmpfs" ino=21137 scontext=u:r:gmscore_app:s0:c522,c768 tcontext=u:object_r:traced_producer_socket:s0 tclass=sock_file permissive=0
07-09 06:04:25.673  1088  1088 D android.hardware.nfc@1.2-service: sem_timedwait() succeeded
07-09 06:04:25.673  1088  5136 D NxpTml  : PN54X - Write requested.....
07-09 06:04:25.673  1088  5136 D NxpTml  : PN54X - Invoking I2C Write.....
07-09 06:04:25.675  1088  5136 D NxpNciX : len =   3 => 211000
07-09 06:04:25.675  1088  5136 D NxpTml  : PN54X - I2C Write successful.....
07-09 06:04:25.675  1088  5136 D NxpTml  : PN54X - Posting Fresh Write message.....
07-09 06:04:25.676  1088  5136 D NxpTml  : PN54X - Tml Writer Thread Running................
07-09 06:04:25.676  1088  5135 D NxpTml  : PN54X - I2C Read successful.....len = 4
07-09 06:04:25.676  1088  5135 D NxpTml  : Delay Read if write thread is busy
07-09 06:04:25.676  1088  5138 D NxpHal  : write successful status = 0x0
07-09 06:04:25.678  1088  5135 D NxpTml  : PN54X - Posting read message.....
07-09 06:04:25.678  1088  5135 D NxpNciR : len =   4 <= 41100100
07-09 06:04:25.678  1088  5138 D NxpHal  : read successful status = 0x0
07-09 06:04:25.679  1088  5135 D NxpTml  : PN54X - Read requested.....
07-09 06:04:25.679  1088  5135 D NxpTml  : PN54X - Invoking I2C Read.....
07-09 06:04:25.680  1088  5135 D NxpTml  : PN54X - I2C Read successful.....len = 4
07-09 06:04:25.680  1088  5135 D NxpTml  : PN54X - Posting read message.....
07-09 06:04:25.680  1088  5135 D NxpNciR : len =   4 <= 61100100
07-09 06:04:25.680  1088  5138 D NxpHal  : read successful status = 0x0
07-09 06:04:25.681  1088  5135 D NxpTml  : PN54X - Read requested.....
07-09 06:04:25.681  1088  5135 D NxpTml  : PN54X - Invoking I2C Read.....
07-09 06:04:25.807  1088  1088 D android.hardware.nfc@1.2-service: sem_timedwait() succeeded
07-09 06:04:25.808  1088  5136 D NxpTml  : PN54X - Write requested.....
07-09 06:04:25.808  1088  5136 D NxpTml  : PN54X - Invoking I2C Write.....
07-09 06:04:25.811  1088  5136 D NxpNciX : len =   3 => 211000
07-09 06:04:25.811  1088  5136 D NxpTml  : PN54X - I2C Write successful.....
07-09 06:04:25.811  1088  5136 D NxpTml  : PN54X - Posting Fresh Write message.....
07-09 06:04:25.811  1088  5136 D NxpTml  : PN54X - Tml Writer Thread Running................
07-09 06:04:25.811  1088  5138 D NxpHal  : write successful status = 0x0
07-09 06:04:25.811  1088  5135 D NxpTml  : PN54X - I2C Read successful.....len = 4
07-09 06:04:25.811  1088  5135 D NxpTml  : PN54X - Posting read message.....
07-09 06:04:25.811  1088  5135 D NxpNciR : len =   4 <= 41100100
07-09 06:04:25.812  1088  5138 D NxpHal  : read successful status = 0x0
07-09 06:04:25.814  1088  5135 D NxpTml  : PN54X - Read requested.....
07-09 06:04:25.814  1088  5135 D NxpTml  : PN54X - Invoking I2C Read.....
07-09 06:04:25.815  1088  5135 D NxpTml  : PN54X - I2C Read successful.....len = 4
07-09 06:04:25.815  1088  5135 D NxpTml  : PN54X - Posting read message.....
07-09 06:04:25.815  1088  5135 D NxpNciR : len =   4 <= 61100100
07-09 06:04:25.815  1088  5138 D NxpHal  : read successful status = 0x0
07-09 06:04:25.817  1088  5135 D NxpTml  : PN54X - Read requested.....
07-09 06:04:25.817  1088  5135 D NxpTml  : PN54X - Invoking I2C Read.....
07-09 06:04:25.942  1088  1088 D android.hardware.nfc@1.2-service: sem_timedwait() succeeded
07-09 06:04:25.943  1088  5136 D NxpTml  : PN54X - Write requested.....
07-09 06:04:25.943  1088  5136 D NxpTml  : PN54X - Invoking I2C Write.....
07-09 06:04:25.945  1088  5136 D NxpNciX : len =   3 => 211000
07-09 06:04:25.945  1088  5136 D NxpTml  : PN54X - I2C Write successful.....
